******************************************************************************
                  TI ARM Linker PC v20.2.5                     
******************************************************************************
>> Linked Tue Jul  2 15:33:27 2024

OUTPUT FILE NAME:   <Lab16_Tach2.out>
ENTRY POINT SYMBOL: "_c_int00_noargs"  address: 0000564d


MEMORY CONFIGURATION

         name            origin    length      used     unused   attr    fill
----------------------  --------  ---------  --------  --------  ----  --------
  MAIN                  00000000   00040000  00005da1  0003a25f  R  X
  INFO                  00200000   00004000  00000000  00004000  R  X
  SRAM_CODE             01000000   00010000  00001ef9  0000e107  RW X
  SRAM_DATA             20000000   00010000  00001ef9  0000e107  RW  


SEGMENT ALLOCATION MAP

run origin  load origin   length   init length attrs members
----------  ----------- ---------- ----------- ----- -------
00000000    00000000    00005da8   00005da8    r-x
  00000000    00000000    000000e4   000000e4    r-- .intvecs
  000000e4    000000e4    0000583c   0000583c    r-x .text
  00005920    00005920    00000369   00000369    r-- .const
  00005c90    00005c90    00000118   00000118    r-- .cinit
20000000    20000000    00001d00   00000000    rw-
  20000000    20000000    000015c1   00000000    rw- .bss
  200015c8    200015c8    00000400   00000000    rw- .sysmem
  200019c8    200019c8    00000338   00000000    rw- .data
2000fe00    2000fe00    00000200   00000000    rw-
  2000fe00    2000fe00    00000200   00000000    rw- .stack


SECTION ALLOCATION MAP

 output                                  attributes/
section   page    origin      length       input sections
--------  ----  ----------  ----------   ----------------
.intvecs   0    00000000    000000e4     
                  00000000    000000e4     startup_msp432p401r_ccs.obj (.intvecs:retain)

.text      0    000000e4    0000583c     
                  000000e4    00000c4c     JN_LCD.obj (.text)
                  00000d30    00000a4e     rtsv7M4_T_le_v4SPD16_eabi.lib : _printfi.c.obj (.text:__TI_printfi)
                  0000177e    00000002                                   : _lock.c.obj (.text:_nop)
                  00001780    000006bc     UART0.obj (.text)
                  00001e3c    00000688     TExaS.obj (.text)
                  000024c4    000005b8     Lab16_Tachmain.obj (.text)
                  00002a7c    0000032c     system_msp432p401r.obj (.text)
                  00002da8    00000270     rtsv7M4_T_le_v4SPD16_eabi.lib : _printfi.c.obj (.text:_pconv_a)
                  00003018    00000230     PWM.obj (.text)
                  00003248    000001e0     Clock.obj (.text)
                  00003428    000001d0     rtsv7M4_T_le_v4SPD16_eabi.lib : _printfi.c.obj (.text:_pconv_g)
                  000035f8    000001b6                                   : fd_add_t2.asm.obj (.text)
                  000037ae    00000002                                   : div0.asm.obj (.text)
                  000037b0    0000016c     Motor.obj (.text)
                  0000391c    0000015c     TA3InputCapture.obj (.text)
                  00003a78    0000013c     rtsv7M4_T_le_v4SPD16_eabi.lib : _printfi.c.obj (.text:_pconv_e)
                  00003bb4    00000136                                   : fd_div_t2.asm.obj (.text)
                  00003cea    00000002     --HOLE-- [fill = 0]
                  00003cec    00000124                                   : _printfi.c.obj (.text:fcvt)
                  00003e10    00000114                                   : fputs.c.obj (.text:fputs)
                  00003f24    00000110                                   : fopen.c.obj (.text:_openfile)
                  00004034    00000110                                   : s_scalbn.c.obj (.text:scalbn)
                  00004144    00000100                                   : memory.c.obj (.text:aligned_alloc)
                  00004244    000000fc                                   : fd_mul_t2.asm.obj (.text)
                  00004340    000000e4                                   : memory.c.obj (.text:free)
                  00004424    000000dc                                   : setvbuf.c.obj (.text:setvbuf)
                  00004500    000000bc                                   : open.c.obj (.text:open)
                  000045bc    000000b8                                   : add_device.c.obj (.text:add_device)
                  00004674    000000b1                                   : _printfi.c.obj (.text:_ltostr)
                  00004725    00000003     --HOLE-- [fill = 0]
                  00004728    000000a8     TimerA1.obj (.text)
                  000047d0    0000009c     rtsv7M4_T_le_v4SPD16_eabi.lib : fopen.c.obj (.text:fopen)
                  0000486c    0000009c                                   : memcpy_t2.asm.obj (.text)
                  00004908    00000096                                   : ull_div_t2.asm.obj (.text)
                  0000499e    00000002     --HOLE-- [fill = 0]
                  000049a0    0000008c                                   : fputc.c.obj (.text:fputc)
                  00004a2c    00000086                                   : fd_cmp_t2.asm.obj (.text:__aeabi_cdcmple)
                  00004ab2    00000086                                   : fd_cmp_t2.asm.obj (.text:__aeabi_cdrcmple)
                  00004b38    0000007a                                   : memset_t2.asm.obj (.text)
                  00004bb2    00000002     --HOLE-- [fill = 0]
                  00004bb4    00000078     Bump.obj (.text)
                  00004c2c    00000074     rtsv7M4_T_le_v4SPD16_eabi.lib : fclose.c.obj (.text:__TI_closefile)
                  00004ca0    00000070                                   : memory.c.obj (.text:split)
                  00004d10    0000006e                                   : _printfi.c.obj (.text:_mcpy)
                  00004d7e    00000002     --HOLE-- [fill = 0]
                  00004d80    0000006c                                   : hostrename.c.obj (.text:HOSTrename)
                  00004dec    00000068                                   : hostlseek.c.obj (.text:HOSTlseek)
                  00004e54    00000068                                   : copy_decompress_lzss.c.obj (.text:decompress:lzss:__TI_decompress_lzss)
                  00004ebc    00000068                                   : printf.c.obj (.text:printf)
                  00004f24    00000064                                   : s_frexp.c.obj (.text:frexp)
                  00004f88    00000064                                   : fseek.c.obj (.text:fseek)
                  00004fec    00000062                                   : _io_perm.c.obj (.text:__TI_wrt_ok)
                  0000504e    00000002     --HOLE-- [fill = 0]
                  00005050    00000060                                   : hostopen.c.obj (.text:HOSTopen)
                  000050b0    0000005c                                   : close.c.obj (.text:close)
                  0000510c    00000058                                   : hostread.c.obj (.text:HOSTread)
                  00005164    00000058                                   : hostwrite.c.obj (.text:HOSTwrite)
                  000051bc    00000056                                   : _printfi.c.obj (.text:_pconv_f)
                  00005212    00000054                                   : _ltoa.c.obj (.text:__TI_ltoa)
                  00005266    00000052                                   : _printfi.c.obj (.text:_ecpy)
                  000052b8    0000004c                                   : fflush.c.obj (.text:__TI_doflush)
                  00005304    0000004c                                   : atoi.c.obj (.text:atoi)
                  00005350    00000048                                   : exit.c.obj (.text:exit)
                  00005398    00000048                                   : fd_toi_t2.asm.obj (.text)
                  000053e0    00000044                                   : hostclose.c.obj (.text:HOSTclose)
                  00005424    00000044                                   : hostunlink.c.obj (.text:HOSTunlink)
                  00005468    00000044                                   : autoinit.c.obj (.text:__TI_auto_init_nobinit_nopinit:__TI_auto_init_nobinit_nopinit)
                  000054ac    00000044                                   : getdevice.c.obj (.text:getdevice)
                  000054f0    00000044                                   : fd_tou_t2.asm.obj (.text)
                  00005534    0000003e                                   : _printfi.c.obj (.text:_fcpy)
                  00005572    00000002     --HOLE-- [fill = 0]
                  00005574    00000038                                   : trgmsg.c.obj (.text:__TI_writemsg)
                  000055ac    00000036                                   : strncpy.c.obj (.text:strncpy)
                  000055e2    00000002     --HOLE-- [fill = 0]
                  000055e4    00000034                                   : fopen.c.obj (.text:__TI_cleanup)
                  00005618    00000034                                   : trgmsg.c.obj (.text:__TI_readmsg)
                  0000564c    00000034                                   : boot_cortex_m.c.obj (.text:_c_int00_noargs:_c_int00_noargs)
                  00005680    00000034                                   : fopen.c.obj (.text:freopen)
                  000056b4    00000030                                   : getdevice.c.obj (.text:finddevice)
                  000056e4    0000002e                                   : i_tofd_t2.asm.obj (.text)
                  00005712    00000002     --HOLE-- [fill = 0]
                  00005714    0000002c                                   : unlink.c.obj (.text:unlink)
                  00005740    00000028                                   : memory.c.obj (.text:free_list_insert)
                  00005768    00000028                                   : lseek.c.obj (.text:lseek)
                  00005790    00000028                                   : write.c.obj (.text:write)
                  000057b8    00000024     CortexM.obj (.text)
                  000057dc    00000020     rtsv7M4_T_le_v4SPD16_eabi.lib : memchr.c.obj (.text:memchr)
                  000057fc    00000020                                   : u_tofd_t2.asm.obj (.text)
                  0000581c    0000001c                                   : memory.c.obj (.text:free_list_remove)
                  00005838    0000001c                                   : memccpy.c.obj (.text:memccpy)
                  00005854    0000001a                                   : s_copysign.c.obj (.text:copysign)
                  0000586e    00000018                                   : strcmp.c.obj (.text:strcmp)
                  00005886    00000016                                   : strchr.c.obj (.text:strchr)
                  0000589c    00000014                                   : strcpy.c.obj (.text:strcpy)
                  000058b0    00000014                                   : strlen.c.obj (.text:strlen)
                  000058c4    00000012                                   : wcslen.c.obj (.text:wcslen)
                  000058d6    0000000e                                   : copy_decompress_none.c.obj (.text:decompress:none:__TI_decompress_none)
                  000058e4    0000000e     startup_msp432p401r_ccs.obj (.text)
                  000058f2    0000000c     rtsv7M4_T_le_v4SPD16_eabi.lib : copy_zero_init.c.obj (.text:decompress:ZI:__TI_zero_init)
                  000058fe    00000002     --HOLE-- [fill = 0]
                  00005900    00000008                                   : errno.c.obj (.text:__aeabi_errno_addr)
                  00005908    00000008                                   : memory.c.obj (.text:malloc)
                  00005910    00000004                                   : printf.c.obj (.text:_outc)
                  00005914    00000004                                   : printf.c.obj (.text:_outs)
                  00005918    00000004                                   : pre_init.c.obj (.text:_system_pre_init)
                  0000591c    00000004                                   : exit.c.obj (.text:abort:abort)

.const     0    00005920    00000369     
                  00005920    000001e0     JN_LCD.obj (.const:ASCII)
                  00005b00    00000101     rtsv7M4_T_le_v4SPD16_eabi.lib : ctype.c.obj (.const:.string:_ctypes_)
                  00005c01    00000080     JN_LCD.obj (.const:Str_USB_08x16)
                  00005c81    00000008     JN_LCD.obj (.const:.string:Masks)

.cinit     0    00005c90    00000118     
                  00005c90    000000f2     (.cinit..data.load) [load image, compression = lzss]
                  00005d82    00000002     --HOLE-- [fill = 0]
                  00005d84    0000000c     (__TI_handler_table)
                  00005d90    00000008     (.cinit..bss.load) [load image, compression = zero_init]
                  00005d98    00000010     (__TI_cinit_table)

.init_array 
*          0    00000000    00000000     UNINITIALIZED

.binit     0    00000000    00000000     

.bss       0    20000000    000015c1     UNINITIALIZED
                  20000000    000007d0     (.common:SpeedBuffer)
                  200007d0    000007d0     (.common:SpeedBuffer2)
                  20000fa0    00000400     (.common:Screen)
                  200013a0    00000120     rtsv7M4_T_le_v4SPD16_eabi.lib : trgmsg.c.obj (.bss:_CIOBUF_)
                  200014c0    000000a0     (.common:__TI_tmpnams)
                  20001560    00000008     (.common:Messageb)
                  20001568    00000008     (.common:parmbuf)
                  20001570    00000004     (.common:Done0)
                  20001574    00000004     (.common:Done2)
                  20001578    00000004     (.common:LeftDuty)
                  2000157c    00000004     (.common:Messageindexb)
                  20001580    00000004     (.common:PeriodicTask2)
                  20001584    00000004     (.common:RightDuty)
                  20001588    00000004     (.common:Speedsum0)
                  2000158c    00000004     (.common:Speedsum2)
                  20001590    00000004     (.common:Sum0)
                  20001594    00000004     (.common:Sum2)
                  20001598    00000004     (.common:Time)
                  2000159c    00000004     (.common:TimerA1Task)
                  200015a0    00000004     (.common:UL)
                  200015a4    00000004     (.common:UR)
                  200015a8    00000002     (.common:Avg0)
                  200015aa    00000002     (.common:Avg2)
                  200015ac    00000002     (.common:AvgPeriod0)
                  200015ae    00000002     (.common:AvgPeriod2)
                  200015b0    00000002     (.common:Count0)
                  200015b2    00000002     (.common:Count2)
                  200015b4    00000002     (.common:First0)
                  200015b6    00000002     (.common:First2)
                  200015b8    00000002     (.common:Period0)
                  200015ba    00000002     (.common:Period2)
                  200015bc    00000002     (.common:XstarL)
                  200015be    00000002     (.common:XstarR)
                  200015c0    00000001     (.common:LogicData)

.sysmem    0    200015c8    00000400     UNINITIALIZED
                  200015c8    00000010     rtsv7M4_T_le_v4SPD16_eabi.lib : memory.c.obj (.sysmem)
                  200015d8    000003f0     --HOLE--

.data      0    200019c8    00000338     UNINITIALIZED
                  200019c8    0000010e     JN_LCD.obj (.data:JN_Log)
                  20001ad6    00000002     --HOLE--
                  20001ad8    000000f0     rtsv7M4_T_le_v4SPD16_eabi.lib : defs.c.obj (.data:_ftable)
                  20001bc8    00000078                                   : host_device.c.obj (.data:_device)
                  20001c40    00000050                                   : host_device.c.obj (.data:_stream)
                  20001c90    00000018     Clock.obj (.data)
                  20001ca8    00000010     rtsv7M4_T_le_v4SPD16_eabi.lib : defs.c.obj (.data)
                  20001cb8    0000000c                                   : exit.c.obj (.data:$O1$$)
                  20001cc4    0000000c     TExaS.obj (.data)
                  20001cd0    00000008     rtsv7M4_T_le_v4SPD16_eabi.lib : _lock.c.obj (.data:$O1$$)
                  20001cd8    00000008                                   : memory.c.obj (.data:$O1$$)
                  20001ce0    00000008     TA3InputCapture.obj (.data)
                  20001ce8    00000004     JN_LCD.obj (.data)
                  20001cec    00000004     rtsv7M4_T_le_v4SPD16_eabi.lib : add_device.c.obj (.data)
                  20001cf0    00000004                                   : errno.c.obj (.data)
                  20001cf4    00000004                                   : fopen.c.obj (.data)
                  20001cf8    00000004                                   : open.c.obj (.data)
                  20001cfc    00000004     system_msp432p401r.obj (.data)

.stack     0    2000fe00    00000200     UNINITIALIZED
                  2000fe00    00000004     rtsv7M4_T_le_v4SPD16_eabi.lib : boot_cortex_m.c.obj (.stack)
                  2000fe04    000001fc     --HOLE--

__llvm_prf_cnts 
*          0    20000000    00000000     UNINITIALIZED

MODULE SUMMARY

       Module                        code    ro data   rw data
       ------                        ----    -------   -------
    .\
       Lab16_Tachmain.obj            1464    0         8136   
       JN_LCD.obj                    3148    616       2596   
       UART0.obj                     1724    0         24     
       TExaS.obj                     1672    0         34     
       system_msp432p401r.obj        812     0         8      
       PWM.obj                       560     0         0      
       Clock.obj                     480     0         48     
       Motor.obj                     364     0         0      
       TA3InputCapture.obj           348     0         16     
       startup_msp432p401r_ccs.obj   14      228       0      
       TimerA1.obj                   168     0         8      
       Bump.obj                      120     0         0      
       CortexM.obj                   36      0         0      
    +--+-----------------------------+-------+---------+---------+
       Total:                        10910   844       10870  
                                                              
    C:\ti\ccs1040\ccs\tools\compiler\ti-cgt-arm_20.2.5.LTS\lib\rtsv7M4_T_le_v4SPD16_eabi.lib
       _printfi.c.obj                4851    0         0      
       defs.c.obj                    0       0         832    
       memory.c.obj                  672     0         16     
       trgmsg.c.obj                  108     0         576    
       fopen.c.obj                   532     0         8      
       fd_add_t2.asm.obj             438     0         0      
       host_device.c.obj             0       0         400    
       fd_div_t2.asm.obj             310     0         0      
       fputs.c.obj                   276     0         0      
       s_scalbn.c.obj                272     0         0      
       fd_cmp_t2.asm.obj             268     0         0      
       ctype.c.obj                   0       257       0      
       fd_mul_t2.asm.obj             252     0         0      
       setvbuf.c.obj                 220     0         0      
       open.c.obj                    188     0         8      
       add_device.c.obj              184     0         8      
       memcpy_t2.asm.obj             156     0         0      
       ull_div_t2.asm.obj            150     0         0      
       fputc.c.obj                   140     0         0      
       memset_t2.asm.obj             122     0         0      
       fclose.c.obj                  116     0         0      
       getdevice.c.obj               116     0         0      
       hostopen.c.obj                96      0         16     
       printf.c.obj                  112     0         0      
       hostrename.c.obj              108     0         0      
       copy_decompress_lzss.c.obj    104     0         0      
       hostlseek.c.obj               104     0         0      
       exit.c.obj                    76      0         24     
       fseek.c.obj                   100     0         0      
       s_frexp.c.obj                 100     0         0      
       _io_perm.c.obj                98      0         0      
       close.c.obj                   92      0         0      
       hostread.c.obj                88      0         0      
       hostwrite.c.obj               88      0         0      
       _ltoa.c.obj                   84      0         0      
       atoi.c.obj                    76      0         0      
       fflush.c.obj                  76      0         0      
       fd_toi_t2.asm.obj             72      0         0      
       autoinit.c.obj                68      0         0      
       fd_tou_t2.asm.obj             68      0         0      
       hostclose.c.obj               68      0         0      
       hostunlink.c.obj              68      0         0      
       strncpy.c.obj                 54      0         0      
       boot_cortex_m.c.obj           52      0         0      
       i_tofd_t2.asm.obj             46      0         0      
       unlink.c.obj                  44      0         0      
       lseek.c.obj                   40      0         0      
       write.c.obj                   40      0         0      
       memchr.c.obj                  32      0         0      
       u_tofd_t2.asm.obj             32      0         0      
       memccpy.c.obj                 28      0         0      
       s_copysign.c.obj              26      0         0      
       strcmp.c.obj                  24      0         0      
       strchr.c.obj                  22      0         0      
       strcpy.c.obj                  20      0         0      
       strlen.c.obj                  20      0         0      
       _lock.c.obj                   2       0         16     
       wcslen.c.obj                  18      0         0      
       errno.c.obj                   8       0         8      
       copy_decompress_none.c.obj    14      0         0      
       copy_zero_init.c.obj          12      0         0      
       pre_init.c.obj                4       0         0      
       div0.asm.obj                  2       0         0      
    +--+-----------------------------+-------+---------+---------+
       Total:                        11657   257       1912   
                                                              
       Heap:                         0       0         2048   
       Stack:                        0       0         1024   
       Linker Generated:             0       278       0      
    +--+-----------------------------+-------+---------+---------+
       Grand Total:                  22567   1379      15854  


LINKER GENERATED COPY TABLES

__TI_cinit_table @ 00005d98 records: 2, size/record: 8, table size: 16
	.data: load addr=00005c90, load size=000000f2 bytes, run addr=200019c8, run size=00000338 bytes, compression=lzss
	.bss: load addr=00005d90, load size=00000008 bytes, run addr=20000000, run size=000015c1 bytes, compression=zero_init


LINKER GENERATED HANDLER TABLE

__TI_handler_table @ 00005d84 records: 3, size/record: 4, table size: 12
	index: 0, handler: __TI_decompress_lzss
	index: 1, handler: __TI_decompress_none
	index: 2, handler: __TI_zero_init


GLOBAL SYMBOLS: SORTED ALPHABETICALLY BY Name 

address   name                                   
-------   ----                                   
000058f1  ADC14_IRQHandler                       
00002215  ADC_Init                               
000058f1  AES256_IRQHandler                      
200015a8  Avg0                                   
200015aa  Avg2                                   
200015ac  AvgPeriod0                             
200015ae  AvgPeriod2                             
00004bb5  Bump_Init                              
00004be9  Bump_Read                              
000058f1  BusFault_Handler                       
0000591d  C$$EXIT                                
000055a3  C$$IO$$                                
000058f1  COMP_E0_IRQHandler                     
000058f1  COMP_E1_IRQHandler                     
20001c98  CPMwait                                
000058f1  CS_IRQHandler                          
20001ce0  CaptureTask0                           
20001ce4  CaptureTask2                           
20001c90  ClockFrequency                         
0000339d  Clock_Delay1ms                         
00003373  Clock_Delay1us                         
0000335f  Clock_GetFreq                          
00003249  Clock_Init48MHz                        
000026f5  Collect                                
0000256d  Controller                             
200015b0  Count0                                 
200015b2  Count2                                 
20001ca4  Crystalstable                          
000058f1  DMA_ERR_IRQHandler                     
000058f1  DMA_INT0_IRQHandler                    
000058f1  DMA_INT1_IRQHandler                    
000058f1  DMA_INT2_IRQHandler                    
000058f1  DMA_INT3_IRQHandler                    
000058f1  DebugMon_Handler                       
000058f1  Default_Handler                        
000057b9  DisableInterrupts                      
00000cc7  Display_char_JN                        
20001570  Done0                                  
20001574  Done2                                  
000058f1  EUSCIA0_IRQHandler                     
000058f1  EUSCIA1_IRQHandler                     
000058f1  EUSCIA2_IRQHandler                     
000058f1  EUSCIA3_IRQHandler                     
000058f1  EUSCIB0_IRQHandler                     
000058f1  EUSCIB1_IRQHandler                     
000058f1  EUSCIB2_IRQHandler                     
000058f1  EUSCIB3_IRQHandler                     
000057bf  EnableInterrupts                       
000057cf  EndCritical                            
000058f1  FLCTL_IRQHandler                       
000058f1  FPU_IRQHandler                         
200015b4  First0                                 
200015b6  First2                                 
000053e1  HOSTclose                              
00004ded  HOSTlseek                              
00005051  HOSTopen                               
0000510d  HOSTread                               
00004d81  HOSTrename                             
00005425  HOSTunlink                             
00005165  HOSTwrite                              
000058f1  HardFault_Handler                      
20001ca0  IFlags                                 
00000a97  JN_LCD_ClearBuffer                     
00000131  JN_LCD_Clear_0                         
0000017d  JN_LCD_Clear_1                         
00000acb  JN_LCD_ClrPxl                          
00000ac1  JN_LCD_DisplayBuffer                   
0000083d  JN_LCD_DrawFullImage                   
000001c9  JN_LCD_Init                            
0000026f  JN_LCD_OutChar                         
00000579  JN_LCD_OutSDec                         
000002f3  JN_LCD_OutString                       
00000385  JN_LCD_OutUDec                         
000007af  JN_LCD_OutUFix1                        
000008b7  JN_LCD_PrintBMP                        
00000aef  JN_LCD_SetPxl                          
00000311  JN_LCD_Set_Pos                         
200019c8  JN_Log                                 
00000d03  JN_draw_log                            
20001578  LeftDuty                               
00001e3d  LogicAnalyzer                          
00001e47  LogicAnalyzer_P1                       
00001f1d  LogicAnalyzer_P10                      
00001e55  LogicAnalyzer_P2                       
00001f2b  LogicAnalyzer_P27_P26_P82_P92_P104_P105
00001e63  LogicAnalyzer_P2_7654                  
00001e73  LogicAnalyzer_P3                       
00001e81  LogicAnalyzer_P4                       
00001e9f  LogicAnalyzer_P4_765320                
00001e8f  LogicAnalyzer_P4_765432                
00001ed7  LogicAnalyzer_P5                       
00001ee5  LogicAnalyzer_P6                       
00001ef3  LogicAnalyzer_P7                       
00001f01  LogicAnalyzer_P8                       
00001f0f  LogicAnalyzer_P9                       
200015c0  LogicData                              
00005c81  Masks                                  
000058f1  MemManage_Handler                      
20001560  Messageb                               
2000157c  Messageindexb                          
000038c7  Motor_Backward                         
00003823  Motor_Forward                          
000037b1  Motor_Init                             
0000388d  Motor_Left                             
00003853  Motor_Right                            
00003803  Motor_Stop                             
000058f1  NMI_Handler                            
000058f1  PCM_IRQHandler                         
000058f1  PORT1_IRQHandler                       
000058f1  PORT2_IRQHandler                       
000058f1  PORT3_IRQHandler                       
000058f1  PORT4_IRQHandler                       
000058f1  PORT5_IRQHandler                       
000058f1  PORT6_IRQHandler                       
000058f1  PSS_IRQHandler                         
00003145  PWM_Duty1                              
00003019  PWM_Init1                              
0000307d  PWM_Init2                              
000030e1  PWM_Init3                              
00003165  PWM_Init34                             
000058f1  PendSV_Handler                         
200015b8  Period0                                
200015ba  Period2                                
000024c5  PeriodMeasure0                         
00002519  PeriodMeasure2                         
20001580  PeriodicTask2                          
00001fe7  PeriodicTask2_Init                     
00002061  PeriodicTask2_Stop                     
20001c9c  Postwait                               
20001c94  Prewait                                
00002991  Program16_1                            
000058f1  RTC_C_IRQHandler                       
000058e5  Reset_Handler                          
20001584  RightDuty                              
000058f1  SVC_Handler                            
00001f63  Scope                                  
20000fa0  Screen                                 
20000000  SpeedBuffer                            
200007d0  SpeedBuffer2                           
20001588  Speedsum0                              
2000158c  Speedsum2                              
000057c5  StartCritical                          
00005c01  Str_USB_08x16                          
20001590  Sum0                                   
20001594  Sum2                                   
000058f1  SysTick_Handler                        
20001cfc  SystemCoreClock                        
00002a7d  SystemCoreClockUpdate                  
00002cf1  SystemInit                             
00002051  T32_INT1_IRQHandler                    
00002051  T32_INT1_IRQHandler                    
000058f1  T32_INT2_IRQHandler                    
000058f1  T32_INTC_IRQHandler                    
000058f1  TA0_0_IRQHandler                       
000058f1  TA0_N_IRQHandler                       
0000479b  TA1_0_IRQHandler                       
0000479b  TA1_0_IRQHandler                       
000058f1  TA1_N_IRQHandler                       
000058f1  TA2_0_IRQHandler                       
000058f1  TA2_N_IRQHandler                       
000039f3  TA3_0_IRQHandler                       
000039f3  TA3_0_IRQHandler                       
00003a0d  TA3_N_IRQHandler                       
00003a0d  TA3_N_IRQHandler                       
000021a3  TExaS_Clear0                           
000021af  TExaS_Clear1                           
000021c9  TExaS_Clear2                           
000021d9  TExaS_Clear3                           
000021e5  TExaS_Clear4                           
000021e7  TExaS_Clear5                           
000021fd  TExaS_Clear6                           
000022e5  TExaS_Init                             
20001cc8  TExaS_ScopeErrConflict                 
20001cc4  TExaS_ScopeErrLostData                 
20001ccc  TExaS_ScopeWrnReconfig                 
00002141  TExaS_Set                              
00002159  TExaS_Set0                             
00002165  TExaS_Set1                             
00002171  TExaS_Set2                             
0000217d  TExaS_Set3                             
00002189  TExaS_Set4                             
0000218b  TExaS_Set5                             
00002197  TExaS_Set6                             
0000245b  TExaS_Stop                             
000020f7  TExaS_Task0                            
00002103  TExaS_Task1                            
0000210f  TExaS_Task2                            
0000211b  TExaS_Task3                            
00002127  TExaS_Task4                            
00002129  TExaS_Task5                            
00002135  TExaS_Task6                            
20001598  Time                                   
2000159c  TimerA1Task                            
00004729  TimerA1_Init                           
00004787  TimerA1_Stop                           
00003929  TimerA3Capture_Init                    
000017c7  UART0_InChar                           
00001c51  UART0_InString                         
00001811  UART0_InUDec                           
00001b05  UART0_InUHex                           
00001781  UART0_Init                             
00001db1  UART0_Initprintf                       
000017d7  UART0_OutChar                          
000017f3  UART0_OutString                        
00001895  UART0_OutUDec                          
00001a01  UART0_OutUDec4                         
00001a55  UART0_OutUDec5                         
00001a91  UART0_OutUFix1                         
00001ab9  UART0_OutUFix2                         
00001bc9  UART0_OutUHex                          
00001c35  UART0_OutUHex2                         
000020cb  UART_InChar                            
00002071  UART_Init                              
000020db  UART_OutChar                           
200015a0  UL                                     
200015a4  UR                                     
000058f1  UsageFault_Handler                     
4000480c  WDTCTL_SYM                             
000058f1  WDT_A_IRQHandler                       
000057d7  WaitForInterrupt                       
20001ce8  X1                                     
200015bc  XstarL                                 
200015be  XstarR                                 
20001cea  Y1                                     
200013a0  __CIOBUF_                              
20010000  __STACK_END                            
00000200  __STACK_SIZE                           
00000400  __SYSMEM_SIZE                          
00005d98  __TI_CINIT_Base                        
00005da8  __TI_CINIT_Limit                       
00005d84  __TI_Handler_Table_Base                
00005d90  __TI_Handler_Table_Limit               
00005469  __TI_auto_init_nobinit_nopinit         
000055e5  __TI_cleanup                           
20001cb8  __TI_cleanup_ptr                       
00004c2d  __TI_closefile                         
00004e55  __TI_decompress_lzss                   
000058d7  __TI_decompress_none                   
000052b9  __TI_doflush                           
20001cbc  __TI_dtors_ptr                         
20001cc0  __TI_enable_exit_profile_output        
20001ca8  __TI_ft_end                            
00005213  __TI_ltoa                              
ffffffff  __TI_pprof_out_hndl                    
00000d31  __TI_printfi                           
ffffffff  __TI_prof_data_size                    
ffffffff  __TI_prof_data_start                   
00005619  __TI_readmsg                           
00000000  __TI_static_base__                     
200014c0  __TI_tmpnams                           
00005575  __TI_writemsg                          
00004fed  __TI_wrt_ok                            
000058f3  __TI_zero_init                         
00004a2d  __aeabi_cdcmpeq                        
00004a2d  __aeabi_cdcmple                        
00004ab3  __aeabi_cdrcmple                       
00005399  __aeabi_d2iz                           
000054f1  __aeabi_d2uiz                          
00003603  __aeabi_dadd                           
00003bb5  __aeabi_ddiv                           
00004245  __aeabi_dmul                           
000035f9  __aeabi_dsub                           
00005901  __aeabi_errno_addr                     
000056e5  __aeabi_i2d                            
000037af  __aeabi_idiv0                          
000037af  __aeabi_ldiv0                          
00004b39  __aeabi_memclr                         
00004b39  __aeabi_memclr4                        
00004b39  __aeabi_memclr8                        
0000486d  __aeabi_memcpy                         
0000486d  __aeabi_memcpy4                        
0000486d  __aeabi_memcpy8                        
00004b3b  __aeabi_memset                         
00004b3b  __aeabi_memset4                        
00004b3b  __aeabi_memset8                        
20001cb4  __aeabi_stderr                         
20001cac  __aeabi_stdin                          
20001cb0  __aeabi_stdout                         
000057fd  __aeabi_ui2d                           
00004909  __aeabi_uldivmod                       
ffffffff  __binit__                              
ffffffff  __c_args__                             
UNDEFED   __mpu_init                             
2000fe00  __stack                                
20000000  __start___llvm_prf_cnts                
20000000  __stop___llvm_prf_cnts                 
0000564d  _c_int00_noargs                        
00005b00  _ctypes_                               
20001bc8  _device                                
20001ad8  _ftable                                
20001cd0  _lock                                  
0000177f  _nop                                   
20001c40  _stream                                
200015c8  _sys_memory                            
UNDEFED   _system_post_cinit                     
00005919  _system_pre_init                       
20001cd4  _unlock                                
0000591d  abort                                  
000045bd  add_device                             
00004145  aligned_alloc                          
00005305  atoi                                   
ffffffff  binit                                  
000050b1  close                                  
00005855  copysign                               
00005855  copysignl                              
00003365  delay                                  
00000b13  display_char1106                       
20001cf0  errno                                  
00005351  exit                                   
00001ceb  ferror                                 
00001ccb  fgetc                                  
000056b5  finddevice                             
000047d1  fopen                                  
000049a1  fputc                                  
00003e11  fputs                                  
00004341  free                                   
00005681  freopen                                
00004f25  frexp                                  
00004f25  frexpl                                 
00004f89  fseek                                  
000054ad  getdevice                              
00000000  interruptVectors                       
00004035  ldexp                                  
00004035  ldexpl                                 
00005769  lseek                                  
000028e7  main                                   
00005909  malloc                                 
00004145  memalign                               
00005839  memccpy                                
000057dd  memchr                                 
0000486d  memcpy                                 
00004b41  memset                                 
00004501  open                                   
00001c0d  outnibble                              
20001568  parmbuf                                
00004ebd  printf                                 
000049a1  putc                                   
00005715  remove                                 
00004035  scalbn                                 
00004035  scalbnl                                
00004425  setvbuf                                
00005887  strchr                                 
0000586f  strcmp                                 
0000589d  strcpy                                 
000058b1  strlen                                 
000055ad  strncpy                                
0000391d  ta3dummy                               
00001d09  uart_close                             
00001d87  uart_lseek                             
00001cf9  uart_open                              
00001d1b  uart_read                              
00001da3  uart_rename                            
00001d97  uart_unlink                            
00001d45  uart_write                             
00005715  unlink                                 
000058c5  wcslen                                 
00005791  write                                  


GLOBAL SYMBOLS: SORTED BY Symbol Address 

address   name                                   
-------   ----                                   
00000000  __TI_static_base__                     
00000000  interruptVectors                       
00000131  JN_LCD_Clear_0                         
0000017d  JN_LCD_Clear_1                         
000001c9  JN_LCD_Init                            
00000200  __STACK_SIZE                           
0000026f  JN_LCD_OutChar                         
000002f3  JN_LCD_OutString                       
00000311  JN_LCD_Set_Pos                         
00000385  JN_LCD_OutUDec                         
00000400  __SYSMEM_SIZE                          
00000579  JN_LCD_OutSDec                         
000007af  JN_LCD_OutUFix1                        
0000083d  JN_LCD_DrawFullImage                   
000008b7  JN_LCD_PrintBMP                        
00000a97  JN_LCD_ClearBuffer                     
00000ac1  JN_LCD_DisplayBuffer                   
00000acb  JN_LCD_ClrPxl                          
00000aef  JN_LCD_SetPxl                          
00000b13  display_char1106                       
00000cc7  Display_char_JN                        
00000d03  JN_draw_log                            
00000d31  __TI_printfi                           
0000177f  _nop                                   
00001781  UART0_Init                             
000017c7  UART0_InChar                           
000017d7  UART0_OutChar                          
000017f3  UART0_OutString                        
00001811  UART0_InUDec                           
00001895  UART0_OutUDec                          
00001a01  UART0_OutUDec4                         
00001a55  UART0_OutUDec5                         
00001a91  UART0_OutUFix1                         
00001ab9  UART0_OutUFix2                         
00001b05  UART0_InUHex                           
00001bc9  UART0_OutUHex                          
00001c0d  outnibble                              
00001c35  UART0_OutUHex2                         
00001c51  UART0_InString                         
00001ccb  fgetc                                  
00001ceb  ferror                                 
00001cf9  uart_open                              
00001d09  uart_close                             
00001d1b  uart_read                              
00001d45  uart_write                             
00001d87  uart_lseek                             
00001d97  uart_unlink                            
00001da3  uart_rename                            
00001db1  UART0_Initprintf                       
00001e3d  LogicAnalyzer                          
00001e47  LogicAnalyzer_P1                       
00001e55  LogicAnalyzer_P2                       
00001e63  LogicAnalyzer_P2_7654                  
00001e73  LogicAnalyzer_P3                       
00001e81  LogicAnalyzer_P4                       
00001e8f  LogicAnalyzer_P4_765432                
00001e9f  LogicAnalyzer_P4_765320                
00001ed7  LogicAnalyzer_P5                       
00001ee5  LogicAnalyzer_P6                       
00001ef3  LogicAnalyzer_P7                       
00001f01  LogicAnalyzer_P8                       
00001f0f  LogicAnalyzer_P9                       
00001f1d  LogicAnalyzer_P10                      
00001f2b  LogicAnalyzer_P27_P26_P82_P92_P104_P105
00001f63  Scope                                  
00001fe7  PeriodicTask2_Init                     
00002051  T32_INT1_IRQHandler                    
00002051  T32_INT1_IRQHandler                    
00002061  PeriodicTask2_Stop                     
00002071  UART_Init                              
000020cb  UART_InChar                            
000020db  UART_OutChar                           
000020f7  TExaS_Task0                            
00002103  TExaS_Task1                            
0000210f  TExaS_Task2                            
0000211b  TExaS_Task3                            
00002127  TExaS_Task4                            
00002129  TExaS_Task5                            
00002135  TExaS_Task6                            
00002141  TExaS_Set                              
00002159  TExaS_Set0                             
00002165  TExaS_Set1                             
00002171  TExaS_Set2                             
0000217d  TExaS_Set3                             
00002189  TExaS_Set4                             
0000218b  TExaS_Set5                             
00002197  TExaS_Set6                             
000021a3  TExaS_Clear0                           
000021af  TExaS_Clear1                           
000021c9  TExaS_Clear2                           
000021d9  TExaS_Clear3                           
000021e5  TExaS_Clear4                           
000021e7  TExaS_Clear5                           
000021fd  TExaS_Clear6                           
00002215  ADC_Init                               
000022e5  TExaS_Init                             
0000245b  TExaS_Stop                             
000024c5  PeriodMeasure0                         
00002519  PeriodMeasure2                         
0000256d  Controller                             
000026f5  Collect                                
000028e7  main                                   
00002991  Program16_1                            
00002a7d  SystemCoreClockUpdate                  
00002cf1  SystemInit                             
00003019  PWM_Init1                              
0000307d  PWM_Init2                              
000030e1  PWM_Init3                              
00003145  PWM_Duty1                              
00003165  PWM_Init34                             
00003249  Clock_Init48MHz                        
0000335f  Clock_GetFreq                          
00003365  delay                                  
00003373  Clock_Delay1us                         
0000339d  Clock_Delay1ms                         
000035f9  __aeabi_dsub                           
00003603  __aeabi_dadd                           
000037af  __aeabi_idiv0                          
000037af  __aeabi_ldiv0                          
000037b1  Motor_Init                             
00003803  Motor_Stop                             
00003823  Motor_Forward                          
00003853  Motor_Right                            
0000388d  Motor_Left                             
000038c7  Motor_Backward                         
0000391d  ta3dummy                               
00003929  TimerA3Capture_Init                    
000039f3  TA3_0_IRQHandler                       
000039f3  TA3_0_IRQHandler                       
00003a0d  TA3_N_IRQHandler                       
00003a0d  TA3_N_IRQHandler                       
00003bb5  __aeabi_ddiv                           
00003e11  fputs                                  
00004035  ldexp                                  
00004035  ldexpl                                 
00004035  scalbn                                 
00004035  scalbnl                                
00004145  aligned_alloc                          
00004145  memalign                               
00004245  __aeabi_dmul                           
00004341  free                                   
00004425  setvbuf                                
00004501  open                                   
000045bd  add_device                             
00004729  TimerA1_Init                           
00004787  TimerA1_Stop                           
0000479b  TA1_0_IRQHandler                       
0000479b  TA1_0_IRQHandler                       
000047d1  fopen                                  
0000486d  __aeabi_memcpy                         
0000486d  __aeabi_memcpy4                        
0000486d  __aeabi_memcpy8                        
0000486d  memcpy                                 
00004909  __aeabi_uldivmod                       
000049a1  fputc                                  
000049a1  putc                                   
00004a2d  __aeabi_cdcmpeq                        
00004a2d  __aeabi_cdcmple                        
00004ab3  __aeabi_cdrcmple                       
00004b39  __aeabi_memclr                         
00004b39  __aeabi_memclr4                        
00004b39  __aeabi_memclr8                        
00004b3b  __aeabi_memset                         
00004b3b  __aeabi_memset4                        
00004b3b  __aeabi_memset8                        
00004b41  memset                                 
00004bb5  Bump_Init                              
00004be9  Bump_Read                              
00004c2d  __TI_closefile                         
00004d81  HOSTrename                             
00004ded  HOSTlseek                              
00004e55  __TI_decompress_lzss                   
00004ebd  printf                                 
00004f25  frexp                                  
00004f25  frexpl                                 
00004f89  fseek                                  
00004fed  __TI_wrt_ok                            
00005051  HOSTopen                               
000050b1  close                                  
0000510d  HOSTread                               
00005165  HOSTwrite                              
00005213  __TI_ltoa                              
000052b9  __TI_doflush                           
00005305  atoi                                   
00005351  exit                                   
00005399  __aeabi_d2iz                           
000053e1  HOSTclose                              
00005425  HOSTunlink                             
00005469  __TI_auto_init_nobinit_nopinit         
000054ad  getdevice                              
000054f1  __aeabi_d2uiz                          
00005575  __TI_writemsg                          
000055a3  C$$IO$$                                
000055ad  strncpy                                
000055e5  __TI_cleanup                           
00005619  __TI_readmsg                           
0000564d  _c_int00_noargs                        
00005681  freopen                                
000056b5  finddevice                             
000056e5  __aeabi_i2d                            
00005715  remove                                 
00005715  unlink                                 
00005769  lseek                                  
00005791  write                                  
000057b9  DisableInterrupts                      
000057bf  EnableInterrupts                       
000057c5  StartCritical                          
000057cf  EndCritical                            
000057d7  WaitForInterrupt                       
000057dd  memchr                                 
000057fd  __aeabi_ui2d                           
00005839  memccpy                                
00005855  copysign                               
00005855  copysignl                              
0000586f  strcmp                                 
00005887  strchr                                 
0000589d  strcpy                                 
000058b1  strlen                                 
000058c5  wcslen                                 
000058d7  __TI_decompress_none                   
000058e5  Reset_Handler                          
000058f1  ADC14_IRQHandler                       
000058f1  AES256_IRQHandler                      
000058f1  BusFault_Handler                       
000058f1  COMP_E0_IRQHandler                     
000058f1  COMP_E1_IRQHandler                     
000058f1  CS_IRQHandler                          
000058f1  DMA_ERR_IRQHandler                     
000058f1  DMA_INT0_IRQHandler                    
000058f1  DMA_INT1_IRQHandler                    
000058f1  DMA_INT2_IRQHandler                    
000058f1  DMA_INT3_IRQHandler                    
000058f1  DebugMon_Handler                       
000058f1  Default_Handler                        
000058f1  EUSCIA0_IRQHandler                     
000058f1  EUSCIA1_IRQHandler                     
000058f1  EUSCIA2_IRQHandler                     
000058f1  EUSCIA3_IRQHandler                     
000058f1  EUSCIB0_IRQHandler                     
000058f1  EUSCIB1_IRQHandler                     
000058f1  EUSCIB2_IRQHandler                     
000058f1  EUSCIB3_IRQHandler                     
000058f1  FLCTL_IRQHandler                       
000058f1  FPU_IRQHandler                         
000058f1  HardFault_Handler                      
000058f1  MemManage_Handler                      
000058f1  NMI_Handler                            
000058f1  PCM_IRQHandler                         
000058f1  PORT1_IRQHandler                       
000058f1  PORT2_IRQHandler                       
000058f1  PORT3_IRQHandler                       
000058f1  PORT4_IRQHandler                       
000058f1  PORT5_IRQHandler                       
000058f1  PORT6_IRQHandler                       
000058f1  PSS_IRQHandler                         
000058f1  PendSV_Handler                         
000058f1  RTC_C_IRQHandler                       
000058f1  SVC_Handler                            
000058f1  SysTick_Handler                        
000058f1  T32_INT2_IRQHandler                    
000058f1  T32_INTC_IRQHandler                    
000058f1  TA0_0_IRQHandler                       
000058f1  TA0_N_IRQHandler                       
000058f1  TA1_N_IRQHandler                       
000058f1  TA2_0_IRQHandler                       
000058f1  TA2_N_IRQHandler                       
000058f1  UsageFault_Handler                     
000058f1  WDT_A_IRQHandler                       
000058f3  __TI_zero_init                         
00005901  __aeabi_errno_addr                     
00005909  malloc                                 
00005919  _system_pre_init                       
0000591d  C$$EXIT                                
0000591d  abort                                  
00005b00  _ctypes_                               
00005c01  Str_USB_08x16                          
00005c81  Masks                                  
00005d84  __TI_Handler_Table_Base                
00005d90  __TI_Handler_Table_Limit               
00005d98  __TI_CINIT_Base                        
00005da8  __TI_CINIT_Limit                       
20000000  SpeedBuffer                            
20000000  __start___llvm_prf_cnts                
20000000  __stop___llvm_prf_cnts                 
200007d0  SpeedBuffer2                           
20000fa0  Screen                                 
200013a0  __CIOBUF_                              
200014c0  __TI_tmpnams                           
20001560  Messageb                               
20001568  parmbuf                                
20001570  Done0                                  
20001574  Done2                                  
20001578  LeftDuty                               
2000157c  Messageindexb                          
20001580  PeriodicTask2                          
20001584  RightDuty                              
20001588  Speedsum0                              
2000158c  Speedsum2                              
20001590  Sum0                                   
20001594  Sum2                                   
20001598  Time                                   
2000159c  TimerA1Task                            
200015a0  UL                                     
200015a4  UR                                     
200015a8  Avg0                                   
200015aa  Avg2                                   
200015ac  AvgPeriod0                             
200015ae  AvgPeriod2                             
200015b0  Count0                                 
200015b2  Count2                                 
200015b4  First0                                 
200015b6  First2                                 
200015b8  Period0                                
200015ba  Period2                                
200015bc  XstarL                                 
200015be  XstarR                                 
200015c0  LogicData                              
200015c8  _sys_memory                            
200019c8  JN_Log                                 
20001ad8  _ftable                                
20001bc8  _device                                
20001c40  _stream                                
20001c90  ClockFrequency                         
20001c94  Prewait                                
20001c98  CPMwait                                
20001c9c  Postwait                               
20001ca0  IFlags                                 
20001ca4  Crystalstable                          
20001ca8  __TI_ft_end                            
20001cac  __aeabi_stdin                          
20001cb0  __aeabi_stdout                         
20001cb4  __aeabi_stderr                         
20001cb8  __TI_cleanup_ptr                       
20001cbc  __TI_dtors_ptr                         
20001cc0  __TI_enable_exit_profile_output        
20001cc4  TExaS_ScopeErrLostData                 
20001cc8  TExaS_ScopeErrConflict                 
20001ccc  TExaS_ScopeWrnReconfig                 
20001cd0  _lock                                  
20001cd4  _unlock                                
20001ce0  CaptureTask0                           
20001ce4  CaptureTask2                           
20001ce8  X1                                     
20001cea  Y1                                     
20001cf0  errno                                  
20001cfc  SystemCoreClock                        
2000fe00  __stack                                
20010000  __STACK_END                            
4000480c  WDTCTL_SYM                             
ffffffff  __TI_pprof_out_hndl                    
ffffffff  __TI_prof_data_size                    
ffffffff  __TI_prof_data_start                   
ffffffff  __binit__                              
ffffffff  __c_args__                             
ffffffff  binit                                  
UNDEFED   __mpu_init                             
UNDEFED   _system_post_cinit                     

[357 symbols]
