<?xml version="1.0" encoding="ISO-8859-1" ?>
<link_info>
   <banner>TI ARM Linker PC v20.2.5.LTS</banner>
   <copyright>Copyright (c) 1996-2018 Texas Instruments Incorporated</copyright>
   <link_time>0x66782da8</link_time>
   <link_errors>0x0</link_errors>
   <output_file>Lab16_Tach.out</output_file>
   <entry_point>
      <name>_c_int00_noargs</name>
      <address>0x49b5</address>
   </entry_point>
   <input_file_list>
      <input_file id="fl-2">
         <path>.\</path>
         <kind>object</kind>
         <file>Bump.obj</file>
         <name>Bump.obj</name>
      </input_file>
      <input_file id="fl-3">
         <path>.\</path>
         <kind>object</kind>
         <file>Clock.obj</file>
         <name>Clock.obj</name>
      </input_file>
      <input_file id="fl-4">
         <path>.\</path>
         <kind>object</kind>
         <file>CortexM.obj</file>
         <name>CortexM.obj</name>
      </input_file>
      <input_file id="fl-5">
         <path>.\</path>
         <kind>object</kind>
         <file>FlashProgram.obj</file>
         <name>FlashProgram.obj</name>
      </input_file>
      <input_file id="fl-6">
         <path>.\</path>
         <kind>object</kind>
         <file>JN_LCD.obj</file>
         <name>JN_LCD.obj</name>
      </input_file>
      <input_file id="fl-7">
         <path>.\</path>
         <kind>object</kind>
         <file>Lab16_Tachmain.obj</file>
         <name>Lab16_Tachmain.obj</name>
      </input_file>
      <input_file id="fl-8">
         <path>.\</path>
         <kind>object</kind>
         <file>LaunchPad.obj</file>
         <name>LaunchPad.obj</name>
      </input_file>
      <input_file id="fl-9">
         <path>.\</path>
         <kind>object</kind>
         <file>Motor.obj</file>
         <name>Motor.obj</name>
      </input_file>
      <input_file id="fl-a">
         <path>.\</path>
         <kind>object</kind>
         <file>PWM.obj</file>
         <name>PWM.obj</name>
      </input_file>
      <input_file id="fl-b">
         <path>.\</path>
         <kind>object</kind>
         <file>SysTick.obj</file>
         <name>SysTick.obj</name>
      </input_file>
      <input_file id="fl-c">
         <path>.\</path>
         <kind>object</kind>
         <file>TA3InputCapture.obj</file>
         <name>TA3InputCapture.obj</name>
      </input_file>
      <input_file id="fl-d">
         <path>.\</path>
         <kind>object</kind>
         <file>TExaS.obj</file>
         <name>TExaS.obj</name>
      </input_file>
      <input_file id="fl-e">
         <path>.\</path>
         <kind>object</kind>
         <file>Tachometer.obj</file>
         <name>Tachometer.obj</name>
      </input_file>
      <input_file id="fl-f">
         <path>.\</path>
         <kind>object</kind>
         <file>TimerA1.obj</file>
         <name>TimerA1.obj</name>
      </input_file>
      <input_file id="fl-10">
         <path>.\</path>
         <kind>object</kind>
         <file>UART0.obj</file>
         <name>UART0.obj</name>
      </input_file>
      <input_file id="fl-11">
         <path>.\</path>
         <kind>object</kind>
         <file>startup_msp432p401r_ccs.obj</file>
         <name>startup_msp432p401r_ccs.obj</name>
      </input_file>
      <input_file id="fl-12">
         <path>.\</path>
         <kind>object</kind>
         <file>system_msp432p401r.obj</file>
         <name>system_msp432p401r.obj</name>
      </input_file>
      <input_file id="fl-16">
         <kind>object</kind>
         <file>&lt;internal&gt;</file>
         <name>&lt;internal&gt;</name>
      </input_file>
      <input_file id="fl-cc">
         <path>C:\ti\ccs1040\ccs\tools\compiler\ti-cgt-arm_20.2.5.LTS\lib\</path>
         <kind>archive</kind>
         <file>rtsv7M4_T_le_v4SPD16_eabi.lib</file>
         <name>printf.c.obj</name>
      </input_file>
      <input_file id="fl-cd">
         <path>C:\ti\ccs1040\ccs\tools\compiler\ti-cgt-arm_20.2.5.LTS\lib\</path>
         <kind>archive</kind>
         <file>rtsv7M4_T_le_v4SPD16_eabi.lib</file>
         <name>_printfi.c.obj</name>
      </input_file>
      <input_file id="fl-ce">
         <path>C:\ti\ccs1040\ccs\tools\compiler\ti-cgt-arm_20.2.5.LTS\lib\</path>
         <kind>archive</kind>
         <file>rtsv7M4_T_le_v4SPD16_eabi.lib</file>
         <name>fopen.c.obj</name>
      </input_file>
      <input_file id="fl-cf">
         <path>C:\ti\ccs1040\ccs\tools\compiler\ti-cgt-arm_20.2.5.LTS\lib\</path>
         <kind>archive</kind>
         <file>rtsv7M4_T_le_v4SPD16_eabi.lib</file>
         <name>fputc.c.obj</name>
      </input_file>
      <input_file id="fl-d0">
         <path>C:\ti\ccs1040\ccs\tools\compiler\ti-cgt-arm_20.2.5.LTS\lib\</path>
         <kind>archive</kind>
         <file>rtsv7M4_T_le_v4SPD16_eabi.lib</file>
         <name>fputs.c.obj</name>
      </input_file>
      <input_file id="fl-d1">
         <path>C:\ti\ccs1040\ccs\tools\compiler\ti-cgt-arm_20.2.5.LTS\lib\</path>
         <kind>archive</kind>
         <file>rtsv7M4_T_le_v4SPD16_eabi.lib</file>
         <name>_io_perm.c.obj</name>
      </input_file>
      <input_file id="fl-d2">
         <path>C:\ti\ccs1040\ccs\tools\compiler\ti-cgt-arm_20.2.5.LTS\lib\</path>
         <kind>archive</kind>
         <file>rtsv7M4_T_le_v4SPD16_eabi.lib</file>
         <name>setvbuf.c.obj</name>
      </input_file>
      <input_file id="fl-d3">
         <path>C:\ti\ccs1040\ccs\tools\compiler\ti-cgt-arm_20.2.5.LTS\lib\</path>
         <kind>archive</kind>
         <file>rtsv7M4_T_le_v4SPD16_eabi.lib</file>
         <name>s_frexp.c.obj</name>
      </input_file>
      <input_file id="fl-d4">
         <path>C:\ti\ccs1040\ccs\tools\compiler\ti-cgt-arm_20.2.5.LTS\lib\</path>
         <kind>archive</kind>
         <file>rtsv7M4_T_le_v4SPD16_eabi.lib</file>
         <name>s_scalbn.c.obj</name>
      </input_file>
      <input_file id="fl-d5">
         <path>C:\ti\ccs1040\ccs\tools\compiler\ti-cgt-arm_20.2.5.LTS\lib\</path>
         <kind>archive</kind>
         <file>rtsv7M4_T_le_v4SPD16_eabi.lib</file>
         <name>wcslen.c.obj</name>
      </input_file>
      <input_file id="fl-d6">
         <path>C:\ti\ccs1040\ccs\tools\compiler\ti-cgt-arm_20.2.5.LTS\lib\</path>
         <kind>archive</kind>
         <file>rtsv7M4_T_le_v4SPD16_eabi.lib</file>
         <name>fd_add_t2.asm.obj</name>
      </input_file>
      <input_file id="fl-d7">
         <path>C:\ti\ccs1040\ccs\tools\compiler\ti-cgt-arm_20.2.5.LTS\lib\</path>
         <kind>archive</kind>
         <file>rtsv7M4_T_le_v4SPD16_eabi.lib</file>
         <name>fd_cmp_t2.asm.obj</name>
      </input_file>
      <input_file id="fl-d8">
         <path>C:\ti\ccs1040\ccs\tools\compiler\ti-cgt-arm_20.2.5.LTS\lib\</path>
         <kind>archive</kind>
         <file>rtsv7M4_T_le_v4SPD16_eabi.lib</file>
         <name>fd_div_t2.asm.obj</name>
      </input_file>
      <input_file id="fl-d9">
         <path>C:\ti\ccs1040\ccs\tools\compiler\ti-cgt-arm_20.2.5.LTS\lib\</path>
         <kind>archive</kind>
         <file>rtsv7M4_T_le_v4SPD16_eabi.lib</file>
         <name>fd_mul_t2.asm.obj</name>
      </input_file>
      <input_file id="fl-da">
         <path>C:\ti\ccs1040\ccs\tools\compiler\ti-cgt-arm_20.2.5.LTS\lib\</path>
         <kind>archive</kind>
         <file>rtsv7M4_T_le_v4SPD16_eabi.lib</file>
         <name>fd_toi_t2.asm.obj</name>
      </input_file>
      <input_file id="fl-db">
         <path>C:\ti\ccs1040\ccs\tools\compiler\ti-cgt-arm_20.2.5.LTS\lib\</path>
         <kind>archive</kind>
         <file>rtsv7M4_T_le_v4SPD16_eabi.lib</file>
         <name>fd_tou_t2.asm.obj</name>
      </input_file>
      <input_file id="fl-dc">
         <path>C:\ti\ccs1040\ccs\tools\compiler\ti-cgt-arm_20.2.5.LTS\lib\</path>
         <kind>archive</kind>
         <file>rtsv7M4_T_le_v4SPD16_eabi.lib</file>
         <name>i_tofd_t2.asm.obj</name>
      </input_file>
      <input_file id="fl-dd">
         <path>C:\ti\ccs1040\ccs\tools\compiler\ti-cgt-arm_20.2.5.LTS\lib\</path>
         <kind>archive</kind>
         <file>rtsv7M4_T_le_v4SPD16_eabi.lib</file>
         <name>memcpy_t2.asm.obj</name>
      </input_file>
      <input_file id="fl-de">
         <path>C:\ti\ccs1040\ccs\tools\compiler\ti-cgt-arm_20.2.5.LTS\lib\</path>
         <kind>archive</kind>
         <file>rtsv7M4_T_le_v4SPD16_eabi.lib</file>
         <name>u_tofd_t2.asm.obj</name>
      </input_file>
      <input_file id="fl-df">
         <path>C:\ti\ccs1040\ccs\tools\compiler\ti-cgt-arm_20.2.5.LTS\lib\</path>
         <kind>archive</kind>
         <file>rtsv7M4_T_le_v4SPD16_eabi.lib</file>
         <name>ull_div_t2.asm.obj</name>
      </input_file>
      <input_file id="fl-e0">
         <path>C:\ti\ccs1040\ccs\tools\compiler\ti-cgt-arm_20.2.5.LTS\lib\</path>
         <kind>archive</kind>
         <file>rtsv7M4_T_le_v4SPD16_eabi.lib</file>
         <name>memset_t2.asm.obj</name>
      </input_file>
      <input_file id="fl-e1">
         <path>C:\ti\ccs1040\ccs\tools\compiler\ti-cgt-arm_20.2.5.LTS\lib\</path>
         <kind>archive</kind>
         <file>rtsv7M4_T_le_v4SPD16_eabi.lib</file>
         <name>copy_zero_init.c.obj</name>
      </input_file>
      <input_file id="fl-e2">
         <path>C:\ti\ccs1040\ccs\tools\compiler\ti-cgt-arm_20.2.5.LTS\lib\</path>
         <kind>archive</kind>
         <file>rtsv7M4_T_le_v4SPD16_eabi.lib</file>
         <name>copy_decompress_none.c.obj</name>
      </input_file>
      <input_file id="fl-e3">
         <path>C:\ti\ccs1040\ccs\tools\compiler\ti-cgt-arm_20.2.5.LTS\lib\</path>
         <kind>archive</kind>
         <file>rtsv7M4_T_le_v4SPD16_eabi.lib</file>
         <name>copy_decompress_lzss.c.obj</name>
      </input_file>
      <input_file id="fl-e4">
         <path>C:\ti\ccs1040\ccs\tools\compiler\ti-cgt-arm_20.2.5.LTS\lib\</path>
         <kind>archive</kind>
         <file>rtsv7M4_T_le_v4SPD16_eabi.lib</file>
         <name>exit.c.obj</name>
      </input_file>
      <input_file id="fl-e5">
         <path>C:\ti\ccs1040\ccs\tools\compiler\ti-cgt-arm_20.2.5.LTS\lib\</path>
         <kind>archive</kind>
         <file>rtsv7M4_T_le_v4SPD16_eabi.lib</file>
         <name>_lock.c.obj</name>
      </input_file>
      <input_file id="fl-e6">
         <path>C:\ti\ccs1040\ccs\tools\compiler\ti-cgt-arm_20.2.5.LTS\lib\</path>
         <kind>archive</kind>
         <file>rtsv7M4_T_le_v4SPD16_eabi.lib</file>
         <name>_ltoa.c.obj</name>
      </input_file>
      <input_file id="fl-e7">
         <path>C:\ti\ccs1040\ccs\tools\compiler\ti-cgt-arm_20.2.5.LTS\lib\</path>
         <kind>archive</kind>
         <file>rtsv7M4_T_le_v4SPD16_eabi.lib</file>
         <name>atoi.c.obj</name>
      </input_file>
      <input_file id="fl-e8">
         <path>C:\ti\ccs1040\ccs\tools\compiler\ti-cgt-arm_20.2.5.LTS\lib\</path>
         <kind>archive</kind>
         <file>rtsv7M4_T_le_v4SPD16_eabi.lib</file>
         <name>ctype.c.obj</name>
      </input_file>
      <input_file id="fl-e9">
         <path>C:\ti\ccs1040\ccs\tools\compiler\ti-cgt-arm_20.2.5.LTS\lib\</path>
         <kind>archive</kind>
         <file>rtsv7M4_T_le_v4SPD16_eabi.lib</file>
         <name>defs.c.obj</name>
      </input_file>
      <input_file id="fl-ea">
         <path>C:\ti\ccs1040\ccs\tools\compiler\ti-cgt-arm_20.2.5.LTS\lib\</path>
         <kind>archive</kind>
         <file>rtsv7M4_T_le_v4SPD16_eabi.lib</file>
         <name>memccpy.c.obj</name>
      </input_file>
      <input_file id="fl-eb">
         <path>C:\ti\ccs1040\ccs\tools\compiler\ti-cgt-arm_20.2.5.LTS\lib\</path>
         <kind>archive</kind>
         <file>rtsv7M4_T_le_v4SPD16_eabi.lib</file>
         <name>memchr.c.obj</name>
      </input_file>
      <input_file id="fl-ec">
         <path>C:\ti\ccs1040\ccs\tools\compiler\ti-cgt-arm_20.2.5.LTS\lib\</path>
         <kind>archive</kind>
         <file>rtsv7M4_T_le_v4SPD16_eabi.lib</file>
         <name>memory.c.obj</name>
      </input_file>
      <input_file id="fl-ed">
         <path>C:\ti\ccs1040\ccs\tools\compiler\ti-cgt-arm_20.2.5.LTS\lib\</path>
         <kind>archive</kind>
         <file>rtsv7M4_T_le_v4SPD16_eabi.lib</file>
         <name>strchr.c.obj</name>
      </input_file>
      <input_file id="fl-ee">
         <path>C:\ti\ccs1040\ccs\tools\compiler\ti-cgt-arm_20.2.5.LTS\lib\</path>
         <kind>archive</kind>
         <file>rtsv7M4_T_le_v4SPD16_eabi.lib</file>
         <name>strlen.c.obj</name>
      </input_file>
      <input_file id="fl-ef">
         <path>C:\ti\ccs1040\ccs\tools\compiler\ti-cgt-arm_20.2.5.LTS\lib\</path>
         <kind>archive</kind>
         <file>rtsv7M4_T_le_v4SPD16_eabi.lib</file>
         <name>errno.c.obj</name>
      </input_file>
      <input_file id="fl-f0">
         <path>C:\ti\ccs1040\ccs\tools\compiler\ti-cgt-arm_20.2.5.LTS\lib\</path>
         <kind>archive</kind>
         <file>rtsv7M4_T_le_v4SPD16_eabi.lib</file>
         <name>boot_cortex_m.c.obj</name>
      </input_file>
      <input_file id="fl-f1">
         <path>C:\ti\ccs1040\ccs\tools\compiler\ti-cgt-arm_20.2.5.LTS\lib\</path>
         <kind>archive</kind>
         <file>rtsv7M4_T_le_v4SPD16_eabi.lib</file>
         <name>write.c.obj</name>
      </input_file>
      <input_file id="fl-f2">
         <path>C:\ti\ccs1040\ccs\tools\compiler\ti-cgt-arm_20.2.5.LTS\lib\</path>
         <kind>archive</kind>
         <file>rtsv7M4_T_le_v4SPD16_eabi.lib</file>
         <name>host_device.c.obj</name>
      </input_file>
      <input_file id="fl-f3">
         <path>C:\ti\ccs1040\ccs\tools\compiler\ti-cgt-arm_20.2.5.LTS\lib\</path>
         <kind>archive</kind>
         <file>rtsv7M4_T_le_v4SPD16_eabi.lib</file>
         <name>open.c.obj</name>
      </input_file>
      <input_file id="fl-f4">
         <path>C:\ti\ccs1040\ccs\tools\compiler\ti-cgt-arm_20.2.5.LTS\lib\</path>
         <kind>archive</kind>
         <file>rtsv7M4_T_le_v4SPD16_eabi.lib</file>
         <name>add_device.c.obj</name>
      </input_file>
      <input_file id="fl-f5">
         <path>C:\ti\ccs1040\ccs\tools\compiler\ti-cgt-arm_20.2.5.LTS\lib\</path>
         <kind>archive</kind>
         <file>rtsv7M4_T_le_v4SPD16_eabi.lib</file>
         <name>fclose.c.obj</name>
      </input_file>
      <input_file id="fl-f6">
         <path>C:\ti\ccs1040\ccs\tools\compiler\ti-cgt-arm_20.2.5.LTS\lib\</path>
         <kind>archive</kind>
         <file>rtsv7M4_T_le_v4SPD16_eabi.lib</file>
         <name>fflush.c.obj</name>
      </input_file>
      <input_file id="fl-f7">
         <path>C:\ti\ccs1040\ccs\tools\compiler\ti-cgt-arm_20.2.5.LTS\lib\</path>
         <kind>archive</kind>
         <file>rtsv7M4_T_le_v4SPD16_eabi.lib</file>
         <name>fseek.c.obj</name>
      </input_file>
      <input_file id="fl-f8">
         <path>C:\ti\ccs1040\ccs\tools\compiler\ti-cgt-arm_20.2.5.LTS\lib\</path>
         <kind>archive</kind>
         <file>rtsv7M4_T_le_v4SPD16_eabi.lib</file>
         <name>getdevice.c.obj</name>
      </input_file>
      <input_file id="fl-f9">
         <path>C:\ti\ccs1040\ccs\tools\compiler\ti-cgt-arm_20.2.5.LTS\lib\</path>
         <kind>archive</kind>
         <file>rtsv7M4_T_le_v4SPD16_eabi.lib</file>
         <name>s_copysign.c.obj</name>
      </input_file>
      <input_file id="fl-fa">
         <path>C:\ti\ccs1040\ccs\tools\compiler\ti-cgt-arm_20.2.5.LTS\lib\</path>
         <kind>archive</kind>
         <file>rtsv7M4_T_le_v4SPD16_eabi.lib</file>
         <name>div0.asm.obj</name>
      </input_file>
      <input_file id="fl-fb">
         <path>C:\ti\ccs1040\ccs\tools\compiler\ti-cgt-arm_20.2.5.LTS\lib\</path>
         <kind>archive</kind>
         <file>rtsv7M4_T_le_v4SPD16_eabi.lib</file>
         <name>autoinit.c.obj</name>
      </input_file>
      <input_file id="fl-fc">
         <path>C:\ti\ccs1040\ccs\tools\compiler\ti-cgt-arm_20.2.5.LTS\lib\</path>
         <kind>archive</kind>
         <file>rtsv7M4_T_le_v4SPD16_eabi.lib</file>
         <name>pre_init.c.obj</name>
      </input_file>
      <input_file id="fl-fd">
         <path>C:\ti\ccs1040\ccs\tools\compiler\ti-cgt-arm_20.2.5.LTS\lib\</path>
         <kind>archive</kind>
         <file>rtsv7M4_T_le_v4SPD16_eabi.lib</file>
         <name>cpy_tbl.c.obj</name>
      </input_file>
      <input_file id="fl-fe">
         <path>C:\ti\ccs1040\ccs\tools\compiler\ti-cgt-arm_20.2.5.LTS\lib\</path>
         <kind>archive</kind>
         <file>rtsv7M4_T_le_v4SPD16_eabi.lib</file>
         <name>args_main.c.obj</name>
      </input_file>
      <input_file id="fl-ff">
         <path>C:\ti\ccs1040\ccs\tools\compiler\ti-cgt-arm_20.2.5.LTS\lib\</path>
         <kind>archive</kind>
         <file>rtsv7M4_T_le_v4SPD16_eabi.lib</file>
         <name>strcmp.c.obj</name>
      </input_file>
      <input_file id="fl-100">
         <path>C:\ti\ccs1040\ccs\tools\compiler\ti-cgt-arm_20.2.5.LTS\lib\</path>
         <kind>archive</kind>
         <file>rtsv7M4_T_le_v4SPD16_eabi.lib</file>
         <name>strncpy.c.obj</name>
      </input_file>
      <input_file id="fl-101">
         <path>C:\ti\ccs1040\ccs\tools\compiler\ti-cgt-arm_20.2.5.LTS\lib\</path>
         <kind>archive</kind>
         <file>rtsv7M4_T_le_v4SPD16_eabi.lib</file>
         <name>hostclose.c.obj</name>
      </input_file>
      <input_file id="fl-102">
         <path>C:\ti\ccs1040\ccs\tools\compiler\ti-cgt-arm_20.2.5.LTS\lib\</path>
         <kind>archive</kind>
         <file>rtsv7M4_T_le_v4SPD16_eabi.lib</file>
         <name>hostlseek.c.obj</name>
      </input_file>
      <input_file id="fl-103">
         <path>C:\ti\ccs1040\ccs\tools\compiler\ti-cgt-arm_20.2.5.LTS\lib\</path>
         <kind>archive</kind>
         <file>rtsv7M4_T_le_v4SPD16_eabi.lib</file>
         <name>hostopen.c.obj</name>
      </input_file>
      <input_file id="fl-104">
         <path>C:\ti\ccs1040\ccs\tools\compiler\ti-cgt-arm_20.2.5.LTS\lib\</path>
         <kind>archive</kind>
         <file>rtsv7M4_T_le_v4SPD16_eabi.lib</file>
         <name>hostread.c.obj</name>
      </input_file>
      <input_file id="fl-105">
         <path>C:\ti\ccs1040\ccs\tools\compiler\ti-cgt-arm_20.2.5.LTS\lib\</path>
         <kind>archive</kind>
         <file>rtsv7M4_T_le_v4SPD16_eabi.lib</file>
         <name>hostrename.c.obj</name>
      </input_file>
      <input_file id="fl-106">
         <path>C:\ti\ccs1040\ccs\tools\compiler\ti-cgt-arm_20.2.5.LTS\lib\</path>
         <kind>archive</kind>
         <file>rtsv7M4_T_le_v4SPD16_eabi.lib</file>
         <name>hostunlink.c.obj</name>
      </input_file>
      <input_file id="fl-107">
         <path>C:\ti\ccs1040\ccs\tools\compiler\ti-cgt-arm_20.2.5.LTS\lib\</path>
         <kind>archive</kind>
         <file>rtsv7M4_T_le_v4SPD16_eabi.lib</file>
         <name>hostwrite.c.obj</name>
      </input_file>
      <input_file id="fl-108">
         <path>C:\ti\ccs1040\ccs\tools\compiler\ti-cgt-arm_20.2.5.LTS\lib\</path>
         <kind>archive</kind>
         <file>rtsv7M4_T_le_v4SPD16_eabi.lib</file>
         <name>trgmsg.c.obj</name>
      </input_file>
      <input_file id="fl-109">
         <path>C:\ti\ccs1040\ccs\tools\compiler\ti-cgt-arm_20.2.5.LTS\lib\</path>
         <kind>archive</kind>
         <file>rtsv7M4_T_le_v4SPD16_eabi.lib</file>
         <name>remove.c.obj</name>
      </input_file>
      <input_file id="fl-10a">
         <path>C:\ti\ccs1040\ccs\tools\compiler\ti-cgt-arm_20.2.5.LTS\lib\</path>
         <kind>archive</kind>
         <file>rtsv7M4_T_le_v4SPD16_eabi.lib</file>
         <name>lseek.c.obj</name>
      </input_file>
      <input_file id="fl-10b">
         <path>C:\ti\ccs1040\ccs\tools\compiler\ti-cgt-arm_20.2.5.LTS\lib\</path>
         <kind>archive</kind>
         <file>rtsv7M4_T_le_v4SPD16_eabi.lib</file>
         <name>close.c.obj</name>
      </input_file>
      <input_file id="fl-10c">
         <path>C:\ti\ccs1040\ccs\tools\compiler\ti-cgt-arm_20.2.5.LTS\lib\</path>
         <kind>archive</kind>
         <file>rtsv7M4_T_le_v4SPD16_eabi.lib</file>
         <name>strcpy.c.obj</name>
      </input_file>
      <input_file id="fl-10d">
         <path>C:\ti\ccs1040\ccs\tools\compiler\ti-cgt-arm_20.2.5.LTS\lib\</path>
         <kind>archive</kind>
         <file>rtsv7M4_T_le_v4SPD16_eabi.lib</file>
         <name>unlink.c.obj</name>
      </input_file>
   </input_file_list>
   <object_component_list>
      <object_component id="oc-26">
         <name>.intvecs:retain</name>
         <load_address>0x0</load_address>
         <run_address>0x0</run_address>
         <size>0xe4</size>
         <input_file_ref idref="fl-11"/>
      </object_component>
      <object_component id="oc-1b6">
         <name>.text:__TI_printfi</name>
         <load_address>0xe4</load_address>
         <run_address>0xe4</run_address>
         <size>0xa4e</size>
         <input_file_ref idref="fl-cd"/>
      </object_component>
      <object_component id="oc-275">
         <name>.text:_nop</name>
         <load_address>0xb32</load_address>
         <run_address>0xb32</run_address>
         <size>0x2</size>
         <input_file_ref idref="fl-e5"/>
      </object_component>
      <object_component id="oc-141">
         <name>.text</name>
         <load_address>0xb34</load_address>
         <run_address>0xb34</run_address>
         <size>0x6bc</size>
         <input_file_ref idref="fl-10"/>
      </object_component>
      <object_component id="oc-7c">
         <name>.text</name>
         <load_address>0x11f0</load_address>
         <run_address>0x11f0</run_address>
         <size>0x688</size>
         <input_file_ref idref="fl-d"/>
      </object_component>
      <object_component id="oc-ac">
         <name>.text</name>
         <load_address>0x1878</load_address>
         <run_address>0x1878</run_address>
         <size>0x56c</size>
         <input_file_ref idref="fl-7"/>
      </object_component>
      <object_component id="oc-be">
         <name>.text</name>
         <load_address>0x1de4</load_address>
         <run_address>0x1de4</run_address>
         <size>0x32c</size>
         <input_file_ref idref="fl-12"/>
      </object_component>
      <object_component id="oc-251">
         <name>.text:_pconv_a</name>
         <load_address>0x2110</load_address>
         <run_address>0x2110</run_address>
         <size>0x270</size>
         <input_file_ref idref="fl-cd"/>
      </object_component>
      <object_component id="oc-1d5">
         <name>.text</name>
         <load_address>0x2380</load_address>
         <run_address>0x2380</run_address>
         <size>0x230</size>
         <input_file_ref idref="fl-a"/>
      </object_component>
      <object_component id="oc-13b">
         <name>.text</name>
         <load_address>0x25b0</load_address>
         <run_address>0x25b0</run_address>
         <size>0x1e0</size>
         <input_file_ref idref="fl-3"/>
      </object_component>
      <object_component id="oc-23f">
         <name>.text:_pconv_g</name>
         <load_address>0x2790</load_address>
         <run_address>0x2790</run_address>
         <size>0x1d0</size>
         <input_file_ref idref="fl-cd"/>
      </object_component>
      <object_component id="oc-31a">
         <name>.text</name>
         <load_address>0x2960</load_address>
         <run_address>0x2960</run_address>
         <size>0x1b6</size>
         <input_file_ref idref="fl-d6"/>
      </object_component>
      <object_component id="oc-412">
         <name>.text</name>
         <load_address>0x2b16</load_address>
         <run_address>0x2b16</run_address>
         <size>0x2</size>
         <input_file_ref idref="fl-fa"/>
      </object_component>
      <object_component id="oc-118">
         <name>.text</name>
         <load_address>0x2b18</load_address>
         <run_address>0x2b18</run_address>
         <size>0x16c</size>
         <input_file_ref idref="fl-9"/>
      </object_component>
      <object_component id="oc-76">
         <name>.text</name>
         <load_address>0x2c84</load_address>
         <run_address>0x2c84</run_address>
         <size>0x15c</size>
         <input_file_ref idref="fl-c"/>
      </object_component>
      <object_component id="oc-24b">
         <name>.text:_pconv_e</name>
         <load_address>0x2de0</load_address>
         <run_address>0x2de0</run_address>
         <size>0x13c</size>
         <input_file_ref idref="fl-cd"/>
      </object_component>
      <object_component id="oc-108">
         <name>.text</name>
         <load_address>0x2f1c</load_address>
         <run_address>0x2f1c</run_address>
         <size>0x136</size>
         <input_file_ref idref="fl-d8"/>
      </object_component>
      <object_component id="oc-32c">
         <name>.text:fcvt</name>
         <load_address>0x3054</load_address>
         <run_address>0x3054</run_address>
         <size>0x124</size>
         <input_file_ref idref="fl-cd"/>
      </object_component>
      <object_component id="oc-283">
         <name>.text:fputs</name>
         <load_address>0x3178</load_address>
         <run_address>0x3178</run_address>
         <size>0x114</size>
         <input_file_ref idref="fl-d0"/>
      </object_component>
      <object_component id="oc-2b4">
         <name>.text:_openfile</name>
         <load_address>0x328c</load_address>
         <run_address>0x328c</run_address>
         <size>0x110</size>
         <input_file_ref idref="fl-ce"/>
      </object_component>
      <object_component id="oc-340">
         <name>.text:scalbn</name>
         <load_address>0x339c</load_address>
         <run_address>0x339c</run_address>
         <size>0x110</size>
         <input_file_ref idref="fl-d4"/>
      </object_component>
      <object_component id="oc-3f4">
         <name>.text:aligned_alloc</name>
         <load_address>0x34ac</load_address>
         <run_address>0x34ac</run_address>
         <size>0x100</size>
         <input_file_ref idref="fl-ec"/>
      </object_component>
      <object_component id="oc-305">
         <name>.text</name>
         <load_address>0x35ac</load_address>
         <run_address>0x35ac</run_address>
         <size>0xfc</size>
         <input_file_ref idref="fl-d9"/>
      </object_component>
      <object_component id="oc-2c7">
         <name>.text:free</name>
         <load_address>0x36a8</load_address>
         <run_address>0x36a8</run_address>
         <size>0xe4</size>
         <input_file_ref idref="fl-ec"/>
      </object_component>
      <object_component id="oc-1fa">
         <name>.text:setvbuf</name>
         <load_address>0x378c</load_address>
         <run_address>0x378c</run_address>
         <size>0xdc</size>
         <input_file_ref idref="fl-d2"/>
      </object_component>
      <object_component id="oc-3cd">
         <name>.text:open</name>
         <load_address>0x3868</load_address>
         <run_address>0x3868</run_address>
         <size>0xbc</size>
         <input_file_ref idref="fl-f3"/>
      </object_component>
      <object_component id="oc-1e8">
         <name>.text:add_device</name>
         <load_address>0x3924</load_address>
         <run_address>0x3924</run_address>
         <size>0xb8</size>
         <input_file_ref idref="fl-f4"/>
      </object_component>
      <object_component id="oc-234">
         <name>.text:_ltostr</name>
         <load_address>0x39dc</load_address>
         <run_address>0x39dc</run_address>
         <size>0xb1</size>
         <input_file_ref idref="fl-cd"/>
      </object_component>
      <object_component id="oc-70">
         <name>.text</name>
         <load_address>0x3a90</load_address>
         <run_address>0x3a90</run_address>
         <size>0xa8</size>
         <input_file_ref idref="fl-f"/>
      </object_component>
      <object_component id="oc-1ee">
         <name>.text:fopen</name>
         <load_address>0x3b38</load_address>
         <run_address>0x3b38</run_address>
         <size>0x9c</size>
         <input_file_ref idref="fl-ce"/>
      </object_component>
      <object_component id="oc-3a">
         <name>.text</name>
         <load_address>0x3bd4</load_address>
         <run_address>0x3bd4</run_address>
         <size>0x9c</size>
         <input_file_ref idref="fl-dd"/>
      </object_component>
      <object_component id="oc-2fe">
         <name>.text</name>
         <load_address>0x3c70</load_address>
         <run_address>0x3c70</run_address>
         <size>0x96</size>
         <input_file_ref idref="fl-df"/>
      </object_component>
      <object_component id="oc-28a">
         <name>.text:fputc</name>
         <load_address>0x3d08</load_address>
         <run_address>0x3d08</run_address>
         <size>0x8c</size>
         <input_file_ref idref="fl-cf"/>
      </object_component>
      <object_component id="oc-23a">
         <name>.text:__aeabi_cdcmple</name>
         <load_address>0x3d94</load_address>
         <run_address>0x3d94</run_address>
         <size>0x86</size>
         <input_file_ref idref="fl-d7"/>
      </object_component>
      <object_component id="oc-30a">
         <name>.text:__aeabi_cdrcmple</name>
         <load_address>0x3e1a</load_address>
         <run_address>0x3e1a</run_address>
         <size>0x86</size>
         <input_file_ref idref="fl-d7"/>
      </object_component>
      <object_component id="oc-a0">
         <name>.text</name>
         <load_address>0x3ea0</load_address>
         <run_address>0x3ea0</run_address>
         <size>0x7a</size>
         <input_file_ref idref="fl-e0"/>
      </object_component>
      <object_component id="oc-147">
         <name>.text</name>
         <load_address>0x3f1c</load_address>
         <run_address>0x3f1c</run_address>
         <size>0x78</size>
         <input_file_ref idref="fl-2"/>
      </object_component>
      <object_component id="oc-2c0">
         <name>.text:__TI_closefile</name>
         <load_address>0x3f94</load_address>
         <run_address>0x3f94</run_address>
         <size>0x74</size>
         <input_file_ref idref="fl-f5"/>
      </object_component>
      <object_component id="oc-4a3">
         <name>.text:split</name>
         <load_address>0x4008</load_address>
         <run_address>0x4008</run_address>
         <size>0x70</size>
         <input_file_ref idref="fl-ec"/>
      </object_component>
      <object_component id="oc-325">
         <name>.text:_mcpy</name>
         <load_address>0x4078</load_address>
         <run_address>0x4078</run_address>
         <size>0x6e</size>
         <input_file_ref idref="fl-cd"/>
      </object_component>
      <object_component id="oc-3bd">
         <name>.text:HOSTrename</name>
         <load_address>0x40e8</load_address>
         <run_address>0x40e8</run_address>
         <size>0x6c</size>
         <input_file_ref idref="fl-105"/>
      </object_component>
      <object_component id="oc-3b1">
         <name>.text:HOSTlseek</name>
         <load_address>0x4154</load_address>
         <run_address>0x4154</run_address>
         <size>0x68</size>
         <input_file_ref idref="fl-102"/>
      </object_component>
      <object_component id="oc-17">
         <name>.text:decompress:lzss:__TI_decompress_lzss</name>
         <load_address>0x41bc</load_address>
         <run_address>0x41bc</run_address>
         <size>0x68</size>
         <input_file_ref idref="fl-e3"/>
      </object_component>
      <object_component id="oc-112">
         <name>.text:printf</name>
         <load_address>0x4224</load_address>
         <run_address>0x4224</run_address>
         <size>0x68</size>
         <input_file_ref idref="fl-cc"/>
      </object_component>
      <object_component id="oc-33a">
         <name>.text:frexp</name>
         <load_address>0x428c</load_address>
         <run_address>0x428c</run_address>
         <size>0x64</size>
         <input_file_ref idref="fl-d3"/>
      </object_component>
      <object_component id="oc-445">
         <name>.text:fseek</name>
         <load_address>0x42f0</load_address>
         <run_address>0x42f0</run_address>
         <size>0x64</size>
         <input_file_ref idref="fl-f7"/>
      </object_component>
      <object_component id="oc-371">
         <name>.text:__TI_wrt_ok</name>
         <load_address>0x4354</load_address>
         <run_address>0x4354</run_address>
         <size>0x62</size>
         <input_file_ref idref="fl-d1"/>
      </object_component>
      <object_component id="oc-399">
         <name>.text:HOSTopen</name>
         <load_address>0x43b8</load_address>
         <run_address>0x43b8</run_address>
         <size>0x60</size>
         <input_file_ref idref="fl-103"/>
      </object_component>
      <object_component id="oc-3d8">
         <name>.text:close</name>
         <load_address>0x4418</load_address>
         <run_address>0x4418</run_address>
         <size>0x5c</size>
         <input_file_ref idref="fl-10b"/>
      </object_component>
      <object_component id="oc-3a5">
         <name>.text:HOSTread</name>
         <load_address>0x4474</load_address>
         <run_address>0x4474</run_address>
         <size>0x58</size>
         <input_file_ref idref="fl-104"/>
      </object_component>
      <object_component id="oc-3ab">
         <name>.text:HOSTwrite</name>
         <load_address>0x44cc</load_address>
         <run_address>0x44cc</run_address>
         <size>0x58</size>
         <input_file_ref idref="fl-107"/>
      </object_component>
      <object_component id="oc-245">
         <name>.text:_pconv_f</name>
         <load_address>0x4524</load_address>
         <run_address>0x4524</run_address>
         <size>0x56</size>
         <input_file_ref idref="fl-cd"/>
      </object_component>
      <object_component id="oc-30f">
         <name>.text:__TI_ltoa</name>
         <load_address>0x457a</load_address>
         <run_address>0x457a</run_address>
         <size>0x54</size>
         <input_file_ref idref="fl-e6"/>
      </object_component>
      <object_component id="oc-31f">
         <name>.text:_ecpy</name>
         <load_address>0x45ce</load_address>
         <run_address>0x45ce</run_address>
         <size>0x52</size>
         <input_file_ref idref="fl-cd"/>
      </object_component>
      <object_component id="oc-37d">
         <name>.text:__TI_doflush</name>
         <load_address>0x4620</load_address>
         <run_address>0x4620</run_address>
         <size>0x4c</size>
         <input_file_ref idref="fl-f6"/>
      </object_component>
      <object_component id="oc-22e">
         <name>.text:atoi</name>
         <load_address>0x466c</load_address>
         <run_address>0x466c</run_address>
         <size>0x4c</size>
         <input_file_ref idref="fl-e7"/>
      </object_component>
      <object_component id="oc-15d">
         <name>.text:exit</name>
         <load_address>0x46b8</load_address>
         <run_address>0x46b8</run_address>
         <size>0x48</size>
         <input_file_ref idref="fl-e4"/>
      </object_component>
      <object_component id="oc-10d">
         <name>.text</name>
         <load_address>0x4700</load_address>
         <run_address>0x4700</run_address>
         <size>0x48</size>
         <input_file_ref idref="fl-da"/>
      </object_component>
      <object_component id="oc-39f">
         <name>.text:HOSTclose</name>
         <load_address>0x4748</load_address>
         <run_address>0x4748</run_address>
         <size>0x44</size>
         <input_file_ref idref="fl-101"/>
      </object_component>
      <object_component id="oc-3b7">
         <name>.text:HOSTunlink</name>
         <load_address>0x478c</load_address>
         <run_address>0x478c</run_address>
         <size>0x44</size>
         <input_file_ref idref="fl-106"/>
      </object_component>
      <object_component id="oc-163">
         <name>.text:__TI_auto_init_nobinit_nopinit:__TI_auto_init_nobinit_nopinit</name>
         <load_address>0x47d0</load_address>
         <run_address>0x47d0</run_address>
         <size>0x44</size>
         <input_file_ref idref="fl-fb"/>
      </object_component>
      <object_component id="oc-48f">
         <name>.text:getdevice</name>
         <load_address>0x4814</load_address>
         <run_address>0x4814</run_address>
         <size>0x44</size>
         <input_file_ref idref="fl-f8"/>
      </object_component>
      <object_component id="oc-126">
         <name>.text</name>
         <load_address>0x4858</load_address>
         <run_address>0x4858</run_address>
         <size>0x44</size>
         <input_file_ref idref="fl-db"/>
      </object_component>
      <object_component id="oc-332">
         <name>.text:_fcpy</name>
         <load_address>0x489c</load_address>
         <run_address>0x489c</run_address>
         <size>0x3e</size>
         <input_file_ref idref="fl-cd"/>
      </object_component>
      <object_component id="oc-466">
         <name>.text:__TI_writemsg</name>
         <load_address>0x48dc</load_address>
         <run_address>0x48dc</run_address>
         <size>0x38</size>
         <input_file_ref idref="fl-108"/>
      </object_component>
      <object_component id="oc-2a8">
         <name>.text:strncpy</name>
         <load_address>0x4914</load_address>
         <run_address>0x4914</run_address>
         <size>0x36</size>
         <input_file_ref idref="fl-100"/>
      </object_component>
      <object_component id="oc-2d3">
         <name>.text:__TI_cleanup</name>
         <load_address>0x494c</load_address>
         <run_address>0x494c</run_address>
         <size>0x34</size>
         <input_file_ref idref="fl-ce"/>
      </object_component>
      <object_component id="oc-46c">
         <name>.text:__TI_readmsg</name>
         <load_address>0x4980</load_address>
         <run_address>0x4980</run_address>
         <size>0x34</size>
         <input_file_ref idref="fl-108"/>
      </object_component>
      <object_component id="oc-58">
         <name>.text:_c_int00_noargs:_c_int00_noargs</name>
         <load_address>0x49b4</load_address>
         <run_address>0x49b4</run_address>
         <size>0x34</size>
         <input_file_ref idref="fl-f0"/>
      </object_component>
      <object_component id="oc-1f4">
         <name>.text:freopen</name>
         <load_address>0x49e8</load_address>
         <run_address>0x49e8</run_address>
         <size>0x34</size>
         <input_file_ref idref="fl-ce"/>
      </object_component>
      <object_component id="oc-2a2">
         <name>.text:finddevice</name>
         <load_address>0x4a1c</load_address>
         <run_address>0x4a1c</run_address>
         <size>0x30</size>
         <input_file_ref idref="fl-f8"/>
      </object_component>
      <object_component id="oc-315">
         <name>.text</name>
         <load_address>0x4a4c</load_address>
         <run_address>0x4a4c</run_address>
         <size>0x2e</size>
         <input_file_ref idref="fl-dc"/>
      </object_component>
      <object_component id="oc-3de">
         <name>.text:unlink</name>
         <load_address>0x4a7c</load_address>
         <run_address>0x4a7c</run_address>
         <size>0x2c</size>
         <input_file_ref idref="fl-10d"/>
      </object_component>
      <object_component id="oc-3ed">
         <name>.text:free_list_insert</name>
         <load_address>0x4aa8</load_address>
         <run_address>0x4aa8</run_address>
         <size>0x28</size>
         <input_file_ref idref="fl-ec"/>
      </object_component>
      <object_component id="oc-4bd">
         <name>.text:lseek</name>
         <load_address>0x4ad0</load_address>
         <run_address>0x4ad0</run_address>
         <size>0x28</size>
         <input_file_ref idref="fl-10a"/>
      </object_component>
      <object_component id="oc-383">
         <name>.text:write</name>
         <load_address>0x4af8</load_address>
         <run_address>0x4af8</run_address>
         <size>0x28</size>
         <input_file_ref idref="fl-f1"/>
      </object_component>
      <object_component id="oc-135">
         <name>.text</name>
         <load_address>0x4b20</load_address>
         <run_address>0x4b20</run_address>
         <size>0x24</size>
         <input_file_ref idref="fl-4"/>
      </object_component>
      <object_component id="oc-377">
         <name>.text:memchr</name>
         <load_address>0x4b44</load_address>
         <run_address>0x4b44</run_address>
         <size>0x20</size>
         <input_file_ref idref="fl-eb"/>
      </object_component>
      <object_component id="oc-103">
         <name>.text</name>
         <load_address>0x4b64</load_address>
         <run_address>0x4b64</run_address>
         <size>0x20</size>
         <input_file_ref idref="fl-de"/>
      </object_component>
      <object_component id="oc-3e7">
         <name>.text:free_list_remove</name>
         <load_address>0x4b84</load_address>
         <run_address>0x4b84</run_address>
         <size>0x1c</size>
         <input_file_ref idref="fl-ec"/>
      </object_component>
      <object_component id="oc-257">
         <name>.text:memccpy</name>
         <load_address>0x4ba0</load_address>
         <run_address>0x4ba0</run_address>
         <size>0x1c</size>
         <input_file_ref idref="fl-ea"/>
      </object_component>
      <object_component id="oc-429">
         <name>.text:copysign</name>
         <load_address>0x4bbc</load_address>
         <run_address>0x4bbc</run_address>
         <size>0x1a</size>
         <input_file_ref idref="fl-f9"/>
      </object_component>
      <object_component id="oc-38f">
         <name>.text:strcmp</name>
         <load_address>0x4bd6</load_address>
         <run_address>0x4bd6</run_address>
         <size>0x18</size>
         <input_file_ref idref="fl-ff"/>
      </object_component>
      <object_component id="oc-346">
         <name>.text:strchr</name>
         <load_address>0x4bee</load_address>
         <run_address>0x4bee</run_address>
         <size>0x16</size>
         <input_file_ref idref="fl-ed"/>
      </object_component>
      <object_component id="oc-480">
         <name>.text:strcpy</name>
         <load_address>0x4c04</load_address>
         <run_address>0x4c04</run_address>
         <size>0x14</size>
         <input_file_ref idref="fl-10c"/>
      </object_component>
      <object_component id="oc-228">
         <name>.text:strlen</name>
         <load_address>0x4c18</load_address>
         <run_address>0x4c18</run_address>
         <size>0x14</size>
         <input_file_ref idref="fl-ee"/>
      </object_component>
      <object_component id="oc-25d">
         <name>.text:wcslen</name>
         <load_address>0x4c2c</load_address>
         <run_address>0x4c2c</run_address>
         <size>0x12</size>
         <input_file_ref idref="fl-d5"/>
      </object_component>
      <object_component id="oc-1d">
         <name>.text:decompress:none:__TI_decompress_none</name>
         <load_address>0x4c3e</load_address>
         <run_address>0x4c3e</run_address>
         <size>0xe</size>
         <input_file_ref idref="fl-e2"/>
      </object_component>
      <object_component id="oc-6a">
         <name>.text</name>
         <load_address>0x4c4c</load_address>
         <run_address>0x4c4c</run_address>
         <size>0xe</size>
         <input_file_ref idref="fl-11"/>
      </object_component>
      <object_component id="oc-4c">
         <name>.text:decompress:ZI:__TI_zero_init</name>
         <load_address>0x4c5a</load_address>
         <run_address>0x4c5a</run_address>
         <size>0xc</size>
         <input_file_ref idref="fl-e1"/>
      </object_component>
      <object_component id="oc-263">
         <name>.text:__aeabi_errno_addr</name>
         <load_address>0x4c68</load_address>
         <run_address>0x4c68</run_address>
         <size>0x8</size>
         <input_file_ref idref="fl-ef"/>
      </object_component>
      <object_component id="oc-2cd">
         <name>.text:malloc</name>
         <load_address>0x4c70</load_address>
         <run_address>0x4c70</run_address>
         <size>0x8</size>
         <input_file_ref idref="fl-ec"/>
      </object_component>
      <object_component id="oc-1c8">
         <name>.text:_outc</name>
         <load_address>0x4c78</load_address>
         <run_address>0x4c78</run_address>
         <size>0x4</size>
         <input_file_ref idref="fl-cc"/>
      </object_component>
      <object_component id="oc-1c2">
         <name>.text:_outs</name>
         <load_address>0x4c7c</load_address>
         <run_address>0x4c7c</run_address>
         <size>0x4</size>
         <input_file_ref idref="fl-cc"/>
      </object_component>
      <object_component id="oc-a6">
         <name>.text:_system_pre_init</name>
         <load_address>0x4c80</load_address>
         <run_address>0x4c80</run_address>
         <size>0x4</size>
         <input_file_ref idref="fl-fc"/>
      </object_component>
      <object_component id="oc-157">
         <name>.text:abort:abort</name>
         <load_address>0x4c84</load_address>
         <run_address>0x4c84</run_address>
         <size>0x4</size>
         <input_file_ref idref="fl-e4"/>
      </object_component>
      <object_component id="oc-2f9">
         <name>.const:.string:_ctypes_</name>
         <load_address>0x4c88</load_address>
         <run_address>0x4c88</run_address>
         <size>0x101</size>
         <input_file_ref idref="fl-e8"/>
      </object_component>
      <object_component id="oc-52c">
         <name>.cinit..data.load</name>
         <load_address>0x4d90</load_address>
         <run_address>0x4d90</run_address>
         <size>0x77</size>
      </object_component>
      <object_component id="oc-52a">
         <name>__TI_handler_table</name>
         <load_address>0x4e08</load_address>
         <run_address>0x4e08</run_address>
         <size>0xc</size>
      </object_component>
      <object_component id="oc-52d">
         <name>.cinit..bss.load</name>
         <load_address>0x4e18</load_address>
         <run_address>0x4e18</run_address>
         <size>0x8</size>
      </object_component>
      <object_component id="oc-52b">
         <name>__TI_cinit_table</name>
         <load_address>0x4e20</load_address>
         <run_address>0x4e20</run_address>
         <size>0x10</size>
      </object_component>
      <object_component id="oc-4fe">
         <name>.binit</name>
         <load_address>0x0</load_address>
         <run_address>0x0</run_address>
         <size>0x0</size>
      </object_component>
      <object_component id="oc-1e0">
         <name>.data</name>
         <load_address>0x20001780</load_address>
         <run_address>0x20001780</run_address>
         <size>0x18</size>
         <input_file_ref idref="fl-3"/>
      </object_component>
      <object_component id="oc-ce">
         <name>.data</name>
         <load_address>0x200017d0</load_address>
         <run_address>0x200017d0</run_address>
         <size>0x8</size>
         <input_file_ref idref="fl-c"/>
      </object_component>
      <object_component id="oc-d6">
         <name>.data</name>
         <load_address>0x200017b4</load_address>
         <run_address>0x200017b4</run_address>
         <size>0xc</size>
         <input_file_ref idref="fl-d"/>
      </object_component>
      <object_component id="oc-195">
         <name>.data</name>
         <load_address>0x200017e8</load_address>
         <run_address>0x200017e8</run_address>
         <size>0x4</size>
         <input_file_ref idref="fl-12"/>
      </object_component>
      <object_component id="oc-2ba">
         <name>.data</name>
         <load_address>0x200017e0</load_address>
         <run_address>0x200017e0</run_address>
         <size>0x4</size>
         <input_file_ref idref="fl-ce"/>
      </object_component>
      <object_component id="oc-208">
         <name>.data:$O1$$</name>
         <load_address>0x200017a8</load_address>
         <run_address>0x200017a8</run_address>
         <size>0xc</size>
         <input_file_ref idref="fl-e4"/>
      </object_component>
      <object_component id="oc-1bc">
         <name>.data:$O1$$</name>
         <load_address>0x200017c0</load_address>
         <run_address>0x200017c0</run_address>
         <size>0x8</size>
         <input_file_ref idref="fl-e5"/>
      </object_component>
      <object_component id="oc-1bf">
         <name>.data:_ftable</name>
         <load_address>0x200015c8</load_address>
         <run_address>0x200015c8</run_address>
         <size>0xf0</size>
         <input_file_ref idref="fl-e9"/>
      </object_component>
      <object_component id="oc-2bb">
         <name>.data</name>
         <load_address>0x20001798</load_address>
         <run_address>0x20001798</run_address>
         <size>0x10</size>
         <input_file_ref idref="fl-e9"/>
      </object_component>
      <object_component id="oc-49e">
         <name>.data:$O1$$</name>
         <load_address>0x200017c8</load_address>
         <run_address>0x200017c8</run_address>
         <size>0x8</size>
         <input_file_ref idref="fl-ec"/>
      </object_component>
      <object_component id="oc-356">
         <name>.data</name>
         <load_address>0x200017dc</load_address>
         <run_address>0x200017dc</run_address>
         <size>0x4</size>
         <input_file_ref idref="fl-ef"/>
      </object_component>
      <object_component id="oc-2af">
         <name>.data:_device</name>
         <load_address>0x200016b8</load_address>
         <run_address>0x200016b8</run_address>
         <size>0x78</size>
         <input_file_ref idref="fl-f2"/>
      </object_component>
      <object_component id="oc-450">
         <name>.data:_stream</name>
         <load_address>0x20001730</load_address>
         <run_address>0x20001730</run_address>
         <size>0x50</size>
         <input_file_ref idref="fl-f2"/>
      </object_component>
      <object_component id="oc-495">
         <name>.data</name>
         <load_address>0x200017e4</load_address>
         <run_address>0x200017e4</run_address>
         <size>0x4</size>
         <input_file_ref idref="fl-f3"/>
      </object_component>
      <object_component id="oc-2ae">
         <name>.data</name>
         <load_address>0x200017d8</load_address>
         <run_address>0x200017d8</run_address>
         <size>0x4</size>
         <input_file_ref idref="fl-f4"/>
      </object_component>
      <object_component id="oc-4cf">
         <name>.bss:_CIOBUF_</name>
         <uninitialized>true</uninitialized>
         <run_address>0x20000fa0</run_address>
         <size>0x120</size>
         <input_file_ref idref="fl-108"/>
      </object_component>
      <object_component id="oc-12c">
         <name>.common:Count0</name>
         <uninitialized>true</uninitialized>
         <run_address>0x200011b0</run_address>
         <size>0x2</size>
      </object_component>
      <object_component id="oc-12b">
         <name>.common:Sum0</name>
         <uninitialized>true</uninitialized>
         <run_address>0x20001190</run_address>
         <size>0x4</size>
      </object_component>
      <object_component id="oc-14d">
         <name>.common:Avg0</name>
         <uninitialized>true</uninitialized>
         <run_address>0x200011a8</run_address>
         <size>0x2</size>
      </object_component>
      <object_component id="oc-11e">
         <name>.common:Period0</name>
         <uninitialized>true</uninitialized>
         <run_address>0x200011b8</run_address>
         <size>0x2</size>
      </object_component>
      <object_component id="oc-121">
         <name>.common:First0</name>
         <uninitialized>true</uninitialized>
         <run_address>0x200011b4</run_address>
         <size>0x2</size>
      </object_component>
      <object_component id="oc-122">
         <name>.common:Done0</name>
         <uninitialized>true</uninitialized>
         <run_address>0x20001170</run_address>
         <size>0x4</size>
      </object_component>
      <object_component id="oc-130">
         <name>.common:AvgPeriod0</name>
         <uninitialized>true</uninitialized>
         <run_address>0x200011ac</run_address>
         <size>0x2</size>
      </object_component>
      <object_component id="oc-150">
         <name>.common:SpeedBuffer</name>
         <uninitialized>true</uninitialized>
         <run_address>0x20000000</run_address>
         <size>0x7d0</size>
      </object_component>
      <object_component id="oc-151">
         <name>.common:Speedsum0</name>
         <uninitialized>true</uninitialized>
         <run_address>0x20001188</run_address>
         <size>0x4</size>
      </object_component>
      <object_component id="oc-12e">
         <name>.common:Count2</name>
         <uninitialized>true</uninitialized>
         <run_address>0x200011b2</run_address>
         <size>0x2</size>
      </object_component>
      <object_component id="oc-12d">
         <name>.common:Sum2</name>
         <uninitialized>true</uninitialized>
         <run_address>0x20001194</run_address>
         <size>0x4</size>
      </object_component>
      <object_component id="oc-14e">
         <name>.common:Avg2</name>
         <uninitialized>true</uninitialized>
         <run_address>0x200011aa</run_address>
         <size>0x2</size>
      </object_component>
      <object_component id="oc-123">
         <name>.common:Period2</name>
         <uninitialized>true</uninitialized>
         <run_address>0x200011ba</run_address>
         <size>0x2</size>
      </object_component>
      <object_component id="oc-124">
         <name>.common:First2</name>
         <uninitialized>true</uninitialized>
         <run_address>0x200011b6</run_address>
         <size>0x2</size>
      </object_component>
      <object_component id="oc-125">
         <name>.common:Done2</name>
         <uninitialized>true</uninitialized>
         <run_address>0x20001174</run_address>
         <size>0x4</size>
      </object_component>
      <object_component id="oc-152">
         <name>.common:SpeedBuffer2</name>
         <uninitialized>true</uninitialized>
         <run_address>0x200007d0</run_address>
         <size>0x7d0</size>
      </object_component>
      <object_component id="oc-153">
         <name>.common:Speedsum2</name>
         <uninitialized>true</uninitialized>
         <run_address>0x2000118c</run_address>
         <size>0x4</size>
      </object_component>
      <object_component id="oc-12f">
         <name>.common:AvgPeriod2</name>
         <uninitialized>true</uninitialized>
         <run_address>0x200011ae</run_address>
         <size>0x2</size>
      </object_component>
      <object_component id="oc-131">
         <name>.common:UL</name>
         <uninitialized>true</uninitialized>
         <run_address>0x200011a0</run_address>
         <size>0x4</size>
      </object_component>
      <object_component id="oc-132">
         <name>.common:UR</name>
         <uninitialized>true</uninitialized>
         <run_address>0x200011a4</run_address>
         <size>0x4</size>
      </object_component>
      <object_component id="oc-133">
         <name>.common:XstarL</name>
         <uninitialized>true</uninitialized>
         <run_address>0x200011bc</run_address>
         <size>0x2</size>
      </object_component>
      <object_component id="oc-134">
         <name>.common:XstarR</name>
         <uninitialized>true</uninitialized>
         <run_address>0x200011be</run_address>
         <size>0x2</size>
      </object_component>
      <object_component id="oc-155">
         <name>.common:LeftDuty</name>
         <uninitialized>true</uninitialized>
         <run_address>0x20001178</run_address>
         <size>0x4</size>
      </object_component>
      <object_component id="oc-154">
         <name>.common:RightDuty</name>
         <uninitialized>true</uninitialized>
         <run_address>0x20001184</run_address>
         <size>0x4</size>
      </object_component>
      <object_component id="oc-14f">
         <name>.common:Time</name>
         <uninitialized>true</uninitialized>
         <run_address>0x20001198</run_address>
         <size>0x4</size>
      </object_component>
      <object_component id="oc-d3">
         <name>.common:LogicData</name>
         <uninitialized>true</uninitialized>
         <run_address>0x200011c0</run_address>
         <size>0x1</size>
      </object_component>
      <object_component id="oc-d9">
         <name>.common:PeriodicTask2</name>
         <uninitialized>true</uninitialized>
         <run_address>0x20001180</run_address>
         <size>0x4</size>
      </object_component>
      <object_component id="oc-c5">
         <name>.common:TimerA1Task</name>
         <uninitialized>true</uninitialized>
         <run_address>0x2000119c</run_address>
         <size>0x4</size>
      </object_component>
      <object_component id="oc-1e7">
         <name>.common:Messageindexb</name>
         <uninitialized>true</uninitialized>
         <run_address>0x2000117c</run_address>
         <size>0x4</size>
      </object_component>
      <object_component id="oc-1e4">
         <name>.common:Messageb</name>
         <uninitialized>true</uninitialized>
         <run_address>0x20001160</run_address>
         <size>0x8</size>
      </object_component>
      <object_component id="oc-3e4">
         <name>.common:__TI_tmpnams</name>
         <uninitialized>true</uninitialized>
         <run_address>0x200010c0</run_address>
         <size>0xa0</size>
      </object_component>
      <object_component id="oc-472">
         <name>.common:parmbuf</name>
         <uninitialized>true</uninitialized>
         <run_address>0x20001168</run_address>
         <size>0x8</size>
      </object_component>
      <object_component id="oc-29">
         <name>.sysmem</name>
         <uninitialized>true</uninitialized>
         <run_address>0x200011c8</run_address>
         <size>0x10</size>
         <input_file_ref idref="fl-ec"/>
      </object_component>
      <object_component id="oc-530">
         <name>.sysmem</name>
         <uninitialized>true</uninitialized>
         <run_address>0x200011c8</run_address>
         <size>0x0</size>
      </object_component>
      <object_component id="oc-2c">
         <name>.stack</name>
         <uninitialized>true</uninitialized>
         <run_address>0x2000fe00</run_address>
         <size>0x4</size>
         <input_file_ref idref="fl-f0"/>
      </object_component>
      <object_component id="oc-52f">
         <name>.stack</name>
         <uninitialized>true</uninitialized>
         <run_address>0x2000fe00</run_address>
         <size>0x0</size>
      </object_component>
      <object_component id="oc-1b2">
         <name>.debug_info</name>
         <load_address>0x0</load_address>
         <run_address>0x0</run_address>
         <size>0x552</size>
         <input_file_ref idref="fl-2"/>
      </object_component>
      <object_component id="oc-148">
         <name>.debug_info</name>
         <load_address>0x552</load_address>
         <run_address>0x552</run_address>
         <size>0x216</size>
         <input_file_ref idref="fl-2"/>
      </object_component>
      <object_component id="oc-19b">
         <name>.debug_info</name>
         <load_address>0x768</load_address>
         <run_address>0x768</run_address>
         <size>0x37e2</size>
         <input_file_ref idref="fl-2"/>
      </object_component>
      <object_component id="oc-e2">
         <name>.debug_info</name>
         <load_address>0x3f4a</load_address>
         <run_address>0x3f4a</run_address>
         <size>0x26b</size>
         <input_file_ref idref="fl-2"/>
      </object_component>
      <object_component id="oc-1a0">
         <name>.debug_info</name>
         <load_address>0x41b5</load_address>
         <run_address>0x41b5</run_address>
         <size>0x1055</size>
         <input_file_ref idref="fl-2"/>
      </object_component>
      <object_component id="oc-35">
         <name>.debug_info</name>
         <load_address>0x520a</load_address>
         <run_address>0x520a</run_address>
         <size>0x84</size>
         <input_file_ref idref="fl-2"/>
      </object_component>
      <object_component id="oc-1a5">
         <name>.debug_info</name>
         <load_address>0x528e</load_address>
         <run_address>0x528e</run_address>
         <size>0x2a4</size>
         <input_file_ref idref="fl-2"/>
      </object_component>
      <object_component id="oc-c9">
         <name>.debug_info</name>
         <load_address>0x5532</load_address>
         <run_address>0x5532</run_address>
         <size>0xbb</size>
         <input_file_ref idref="fl-2"/>
      </object_component>
      <object_component id="oc-1e1">
         <name>.debug_info</name>
         <load_address>0x55ed</load_address>
         <run_address>0x55ed</run_address>
         <size>0x1af</size>
         <input_file_ref idref="fl-3"/>
      </object_component>
      <object_component id="oc-13c">
         <name>.debug_info</name>
         <load_address>0x579c</load_address>
         <run_address>0x579c</run_address>
         <size>0x44f</size>
         <input_file_ref idref="fl-3"/>
      </object_component>
      <object_component id="oc-137">
         <name>.debug_info</name>
         <load_address>0x5beb</load_address>
         <run_address>0x5beb</run_address>
         <size>0x410</size>
         <input_file_ref idref="fl-4"/>
      </object_component>
      <object_component id="oc-38d">
         <name>.debug_info</name>
         <load_address>0x5ffb</load_address>
         <run_address>0x5ffb</run_address>
         <size>0x653</size>
         <input_file_ref idref="fl-6"/>
      </object_component>
      <object_component id="oc-29d">
         <name>.debug_info</name>
         <load_address>0x664e</load_address>
         <run_address>0x664e</run_address>
         <size>0xcc</size>
         <input_file_ref idref="fl-6"/>
      </object_component>
      <object_component id="oc-1d0">
         <name>.debug_info</name>
         <load_address>0x671a</load_address>
         <run_address>0x671a</run_address>
         <size>0x2c</size>
         <input_file_ref idref="fl-6"/>
      </object_component>
      <object_component id="oc-45b">
         <name>.debug_info</name>
         <load_address>0x6746</load_address>
         <run_address>0x6746</run_address>
         <size>0x35</size>
         <input_file_ref idref="fl-6"/>
      </object_component>
      <object_component id="oc-11f">
         <name>.debug_info</name>
         <load_address>0x677b</load_address>
         <run_address>0x677b</run_address>
         <size>0xb67</size>
         <input_file_ref idref="fl-7"/>
      </object_component>
      <object_component id="oc-ad">
         <name>.debug_info</name>
         <load_address>0x72e2</load_address>
         <run_address>0x72e2</run_address>
         <size>0x698</size>
         <input_file_ref idref="fl-7"/>
      </object_component>
      <object_component id="oc-db">
         <name>.debug_info</name>
         <load_address>0x797a</load_address>
         <run_address>0x797a</run_address>
         <size>0xbd</size>
         <input_file_ref idref="fl-7"/>
      </object_component>
      <object_component id="oc-11a">
         <name>.debug_info</name>
         <load_address>0x7a37</load_address>
         <run_address>0x7a37</run_address>
         <size>0x65d</size>
         <input_file_ref idref="fl-9"/>
      </object_component>
      <object_component id="oc-1d6">
         <name>.debug_info</name>
         <load_address>0x8094</load_address>
         <run_address>0x8094</run_address>
         <size>0x538</size>
         <input_file_ref idref="fl-a"/>
      </object_component>
      <object_component id="oc-d2">
         <name>.debug_info</name>
         <load_address>0x85cc</load_address>
         <run_address>0x85cc</run_address>
         <size>0x56f</size>
         <input_file_ref idref="fl-c"/>
      </object_component>
      <object_component id="oc-cf">
         <name>.debug_info</name>
         <load_address>0x8b3b</load_address>
         <run_address>0x8b3b</run_address>
         <size>0x137</size>
         <input_file_ref idref="fl-c"/>
      </object_component>
      <object_component id="oc-78">
         <name>.debug_info</name>
         <load_address>0x8c72</load_address>
         <run_address>0x8c72</run_address>
         <size>0x42a</size>
         <input_file_ref idref="fl-c"/>
      </object_component>
      <object_component id="oc-d4">
         <name>.debug_info</name>
         <load_address>0x909c</load_address>
         <run_address>0x909c</run_address>
         <size>0x5ae</size>
         <input_file_ref idref="fl-d"/>
      </object_component>
      <object_component id="oc-d7">
         <name>.debug_info</name>
         <load_address>0x964a</load_address>
         <run_address>0x964a</run_address>
         <size>0x192</size>
         <input_file_ref idref="fl-d"/>
      </object_component>
      <object_component id="oc-7e">
         <name>.debug_info</name>
         <load_address>0x97dc</load_address>
         <run_address>0x97dc</run_address>
         <size>0x20a7</size>
         <input_file_ref idref="fl-d"/>
      </object_component>
      <object_component id="oc-c6">
         <name>.debug_info</name>
         <load_address>0xb883</load_address>
         <run_address>0xb883</run_address>
         <size>0x584</size>
         <input_file_ref idref="fl-f"/>
      </object_component>
      <object_component id="oc-71">
         <name>.debug_info</name>
         <load_address>0xbe07</load_address>
         <run_address>0xbe07</run_address>
         <size>0x319</size>
         <input_file_ref idref="fl-f"/>
      </object_component>
      <object_component id="oc-1e5">
         <name>.debug_info</name>
         <load_address>0xc120</load_address>
         <run_address>0xc120</run_address>
         <size>0x7a0</size>
         <input_file_ref idref="fl-10"/>
      </object_component>
      <object_component id="oc-143">
         <name>.debug_info</name>
         <load_address>0xc8c0</load_address>
         <run_address>0xc8c0</run_address>
         <size>0x1b5b</size>
         <input_file_ref idref="fl-10"/>
      </object_component>
      <object_component id="oc-201">
         <name>.debug_info</name>
         <load_address>0xe41b</load_address>
         <run_address>0xe41b</run_address>
         <size>0x2c</size>
         <input_file_ref idref="fl-10"/>
      </object_component>
      <object_component id="oc-84">
         <name>.debug_info</name>
         <load_address>0xe447</load_address>
         <run_address>0xe447</run_address>
         <size>0x2cc</size>
         <input_file_ref idref="fl-11"/>
      </object_component>
      <object_component id="oc-27">
         <name>.debug_info</name>
         <load_address>0xe713</load_address>
         <run_address>0xe713</run_address>
         <size>0xf8</size>
         <input_file_ref idref="fl-11"/>
      </object_component>
      <object_component id="oc-6b">
         <name>.debug_info</name>
         <load_address>0xe80b</load_address>
         <run_address>0xe80b</run_address>
         <size>0x1bf</size>
         <input_file_ref idref="fl-11"/>
      </object_component>
      <object_component id="oc-196">
         <name>.debug_info</name>
         <load_address>0xe9ca</load_address>
         <run_address>0xe9ca</run_address>
         <size>0xf1</size>
         <input_file_ref idref="fl-12"/>
      </object_component>
      <object_component id="oc-c0">
         <name>.debug_info</name>
         <load_address>0xeabb</load_address>
         <run_address>0xeabb</run_address>
         <size>0x263</size>
         <input_file_ref idref="fl-12"/>
      </object_component>
      <object_component id="oc-1cf">
         <name>.debug_info</name>
         <load_address>0xed1e</load_address>
         <run_address>0xed1e</run_address>
         <size>0x3e5</size>
         <input_file_ref idref="fl-cc"/>
      </object_component>
      <object_component id="oc-1ca">
         <name>.debug_info</name>
         <load_address>0xf103</load_address>
         <run_address>0xf103</run_address>
         <size>0x157</size>
         <input_file_ref idref="fl-cc"/>
      </object_component>
      <object_component id="oc-1c6">
         <name>.debug_info</name>
         <load_address>0xf25a</load_address>
         <run_address>0xf25a</run_address>
         <size>0x166</size>
         <input_file_ref idref="fl-cc"/>
      </object_component>
      <object_component id="oc-115">
         <name>.debug_info</name>
         <load_address>0xf3c0</load_address>
         <run_address>0xf3c0</run_address>
         <size>0x1ac</size>
         <input_file_ref idref="fl-cc"/>
      </object_component>
      <object_component id="oc-293">
         <name>.debug_info</name>
         <load_address>0xf56c</load_address>
         <run_address>0xf56c</run_address>
         <size>0xb2</size>
         <input_file_ref idref="fl-cc"/>
      </object_component>
      <object_component id="oc-26a">
         <name>.debug_info</name>
         <load_address>0xf61e</load_address>
         <run_address>0xf61e</run_address>
         <size>0x590</size>
         <input_file_ref idref="fl-cd"/>
      </object_component>
      <object_component id="oc-235">
         <name>.debug_info</name>
         <load_address>0xfbae</load_address>
         <run_address>0xfbae</run_address>
         <size>0x21e</size>
         <input_file_ref idref="fl-cd"/>
      </object_component>
      <object_component id="oc-320">
         <name>.debug_info</name>
         <load_address>0xfdcc</load_address>
         <run_address>0xfdcc</run_address>
         <size>0x1b3</size>
         <input_file_ref idref="fl-cd"/>
      </object_component>
      <object_component id="oc-326">
         <name>.debug_info</name>
         <load_address>0xff7f</load_address>
         <run_address>0xff7f</run_address>
         <size>0x21b</size>
         <input_file_ref idref="fl-cd"/>
      </object_component>
      <object_component id="oc-240">
         <name>.debug_info</name>
         <load_address>0x1019a</load_address>
         <run_address>0x1019a</run_address>
         <size>0x3c0</size>
         <input_file_ref idref="fl-cd"/>
      </object_component>
      <object_component id="oc-32d">
         <name>.debug_info</name>
         <load_address>0x1055a</load_address>
         <run_address>0x1055a</run_address>
         <size>0x30a</size>
         <input_file_ref idref="fl-cd"/>
      </object_component>
      <object_component id="oc-333">
         <name>.debug_info</name>
         <load_address>0x10864</load_address>
         <run_address>0x10864</run_address>
         <size>0x215</size>
         <input_file_ref idref="fl-cd"/>
      </object_component>
      <object_component id="oc-246">
         <name>.debug_info</name>
         <load_address>0x10a79</load_address>
         <run_address>0x10a79</run_address>
         <size>0x215</size>
         <input_file_ref idref="fl-cd"/>
      </object_component>
      <object_component id="oc-24c">
         <name>.debug_info</name>
         <load_address>0x10c8e</load_address>
         <run_address>0x10c8e</run_address>
         <size>0x304</size>
         <input_file_ref idref="fl-cd"/>
      </object_component>
      <object_component id="oc-252">
         <name>.debug_info</name>
         <load_address>0x10f92</load_address>
         <run_address>0x10f92</run_address>
         <size>0x4b5</size>
         <input_file_ref idref="fl-cd"/>
      </object_component>
      <object_component id="oc-1b7">
         <name>.debug_info</name>
         <load_address>0x11447</load_address>
         <run_address>0x11447</run_address>
         <size>0x5f4</size>
         <input_file_ref idref="fl-cd"/>
      </object_component>
      <object_component id="oc-26b">
         <name>.debug_info</name>
         <load_address>0x11a3b</load_address>
         <run_address>0x11a3b</run_address>
         <size>0x86</size>
         <input_file_ref idref="fl-cd"/>
      </object_component>
      <object_component id="oc-362">
         <name>.debug_info</name>
         <load_address>0x11ac1</load_address>
         <run_address>0x11ac1</run_address>
         <size>0x39</size>
         <input_file_ref idref="fl-cd"/>
      </object_component>
      <object_component id="oc-440">
         <name>.debug_info</name>
         <load_address>0x11afa</load_address>
         <run_address>0x11afa</run_address>
         <size>0xb6</size>
         <input_file_ref idref="fl-cd"/>
      </object_component>
      <object_component id="oc-367">
         <name>.debug_info</name>
         <load_address>0x11bb0</load_address>
         <run_address>0x11bb0</run_address>
         <size>0x46</size>
         <input_file_ref idref="fl-cd"/>
      </object_component>
      <object_component id="oc-270">
         <name>.debug_info</name>
         <load_address>0x11bf6</load_address>
         <run_address>0x11bf6</run_address>
         <size>0x46</size>
         <input_file_ref idref="fl-cd"/>
      </object_component>
      <object_component id="oc-35d">
         <name>.debug_info</name>
         <load_address>0x11c3c</load_address>
         <run_address>0x11c3c</run_address>
         <size>0x2c</size>
         <input_file_ref idref="fl-cd"/>
      </object_component>
      <object_component id="oc-2bf">
         <name>.debug_info</name>
         <load_address>0x11c68</load_address>
         <run_address>0x11c68</run_address>
         <size>0x3f5</size>
         <input_file_ref idref="fl-ce"/>
      </object_component>
      <object_component id="oc-2b6">
         <name>.debug_info</name>
         <load_address>0x1205d</load_address>
         <run_address>0x1205d</run_address>
         <size>0x20e</size>
         <input_file_ref idref="fl-ce"/>
      </object_component>
      <object_component id="oc-2d5">
         <name>.debug_info</name>
         <load_address>0x1226b</load_address>
         <run_address>0x1226b</run_address>
         <size>0x176</size>
         <input_file_ref idref="fl-ce"/>
      </object_component>
      <object_component id="oc-1f7">
         <name>.debug_info</name>
         <load_address>0x123e1</load_address>
         <run_address>0x123e1</run_address>
         <size>0x1e4</size>
         <input_file_ref idref="fl-ce"/>
      </object_component>
      <object_component id="oc-1f0">
         <name>.debug_info</name>
         <load_address>0x125c5</load_address>
         <run_address>0x125c5</run_address>
         <size>0x1cd</size>
         <input_file_ref idref="fl-ce"/>
      </object_component>
      <object_component id="oc-e9">
         <name>.debug_info</name>
         <load_address>0x12792</load_address>
         <run_address>0x12792</run_address>
         <size>0x2c</size>
         <input_file_ref idref="fl-ce"/>
      </object_component>
      <object_component id="oc-38c">
         <name>.debug_info</name>
         <load_address>0x127be</load_address>
         <run_address>0x127be</run_address>
         <size>0x383</size>
         <input_file_ref idref="fl-cf"/>
      </object_component>
      <object_component id="oc-28e">
         <name>.debug_info</name>
         <load_address>0x12b41</load_address>
         <run_address>0x12b41</run_address>
         <size>0x1ea</size>
         <input_file_ref idref="fl-cf"/>
      </object_component>
      <object_component id="oc-38a">
         <name>.debug_info</name>
         <load_address>0x12d2b</load_address>
         <run_address>0x12d2b</run_address>
         <size>0x3fc</size>
         <input_file_ref idref="fl-d0"/>
      </object_component>
      <object_component id="oc-284">
         <name>.debug_info</name>
         <load_address>0x13127</load_address>
         <run_address>0x13127</run_address>
         <size>0x2e2</size>
         <input_file_ref idref="fl-d0"/>
      </object_component>
      <object_component id="oc-fa">
         <name>.debug_info</name>
         <load_address>0x13409</load_address>
         <run_address>0x13409</run_address>
         <size>0x2c</size>
         <input_file_ref idref="fl-d0"/>
      </object_component>
      <object_component id="oc-3fe">
         <name>.debug_info</name>
         <load_address>0x13435</load_address>
         <run_address>0x13435</run_address>
         <size>0x300</size>
         <input_file_ref idref="fl-d1"/>
      </object_component>
      <object_component id="oc-373">
         <name>.debug_info</name>
         <load_address>0x13735</load_address>
         <run_address>0x13735</run_address>
         <size>0x19c</size>
         <input_file_ref idref="fl-d1"/>
      </object_component>
      <object_component id="oc-2db">
         <name>.debug_info</name>
         <load_address>0x138d1</load_address>
         <run_address>0x138d1</run_address>
         <size>0xbf</size>
         <input_file_ref idref="fl-d1"/>
      </object_component>
      <object_component id="oc-2da">
         <name>.debug_info</name>
         <load_address>0x13990</load_address>
         <run_address>0x13990</run_address>
         <size>0x374</size>
         <input_file_ref idref="fl-d2"/>
      </object_component>
      <object_component id="oc-1fd">
         <name>.debug_info</name>
         <load_address>0x13d04</load_address>
         <run_address>0x13d04</run_address>
         <size>0x20b</size>
         <input_file_ref idref="fl-d2"/>
      </object_component>
      <object_component id="oc-423">
         <name>.debug_info</name>
         <load_address>0x13f0f</load_address>
         <run_address>0x13f0f</run_address>
         <size>0x295</size>
         <input_file_ref idref="fl-d3"/>
      </object_component>
      <object_component id="oc-33c">
         <name>.debug_info</name>
         <load_address>0x141a4</load_address>
         <run_address>0x141a4</run_address>
         <size>0x195</size>
         <input_file_ref idref="fl-d3"/>
      </object_component>
      <object_component id="oc-4b3">
         <name>.debug_info</name>
         <load_address>0x14339</load_address>
         <run_address>0x14339</run_address>
         <size>0x39</size>
         <input_file_ref idref="fl-d3"/>
      </object_component>
      <object_component id="oc-424">
         <name>.debug_info</name>
         <load_address>0x14372</load_address>
         <run_address>0x14372</run_address>
         <size>0x2c</size>
         <input_file_ref idref="fl-d3"/>
      </object_component>
      <object_component id="oc-430">
         <name>.debug_info</name>
         <load_address>0x1439e</load_address>
         <run_address>0x1439e</run_address>
         <size>0x2f8</size>
         <input_file_ref idref="fl-d4"/>
      </object_component>
      <object_component id="oc-341">
         <name>.debug_info</name>
         <load_address>0x14696</load_address>
         <run_address>0x14696</run_address>
         <size>0x225</size>
         <input_file_ref idref="fl-d4"/>
      </object_component>
      <object_component id="oc-355">
         <name>.debug_info</name>
         <load_address>0x148bb</load_address>
         <run_address>0x148bb</run_address>
         <size>0x28f</size>
         <input_file_ref idref="fl-d5"/>
      </object_component>
      <object_component id="oc-25f">
         <name>.debug_info</name>
         <load_address>0x14b4a</load_address>
         <run_address>0x14b4a</run_address>
         <size>0x15a</size>
         <input_file_ref idref="fl-d5"/>
      </object_component>
      <object_component id="oc-435">
         <name>.debug_info</name>
         <load_address>0x14ca4</load_address>
         <run_address>0x14ca4</run_address>
         <size>0x46</size>
         <input_file_ref idref="fl-d5"/>
      </object_component>
      <object_component id="oc-350">
         <name>.debug_info</name>
         <load_address>0x14cea</load_address>
         <run_address>0x14cea</run_address>
         <size>0x39</size>
         <input_file_ref idref="fl-d5"/>
      </object_component>
      <object_component id="oc-31b">
         <name>.debug_info</name>
         <load_address>0x14d23</load_address>
         <run_address>0x14d23</run_address>
         <size>0x14c</size>
         <input_file_ref idref="fl-d6"/>
      </object_component>
      <object_component id="oc-23b">
         <name>.debug_info</name>
         <load_address>0x14e6f</load_address>
         <run_address>0x14e6f</run_address>
         <size>0x128</size>
         <input_file_ref idref="fl-d7"/>
      </object_component>
      <object_component id="oc-30d">
[...]
      </symbol>
      <symbol id="sm-6bb">
         <name>__aeabi_cdcmpeq</name>
         <value>0x3d95</value>
         <object_component_ref idref="oc-23a"/>
      </symbol>
      <symbol id="sm-6bc">
         <name>__aeabi_cdcmple</name>
         <value>0x3d95</value>
         <object_component_ref idref="oc-23a"/>
      </symbol>
      <symbol id="sm-6bd">
         <name>__aeabi_cdrcmple</name>
         <value>0x3e1b</value>
         <object_component_ref idref="oc-30a"/>
      </symbol>
      <symbol id="sm-6d1">
         <name>__aeabi_ddiv</name>
         <value>0x2f1d</value>
         <object_component_ref idref="oc-108"/>
      </symbol>
      <symbol id="sm-6dc">
         <name>__aeabi_dmul</name>
         <value>0x35ad</value>
         <object_component_ref idref="oc-305"/>
      </symbol>
      <symbol id="sm-6e6">
         <name>__aeabi_d2iz</name>
         <value>0x4701</value>
         <object_component_ref idref="oc-10d"/>
      </symbol>
      <symbol id="sm-6f0">
         <name>__aeabi_d2uiz</name>
         <value>0x4859</value>
         <object_component_ref idref="oc-126"/>
      </symbol>
      <symbol id="sm-6fa">
         <name>__aeabi_i2d</name>
         <value>0x4a4d</value>
         <object_component_ref idref="oc-315"/>
      </symbol>
      <symbol id="sm-715">
         <name>memcpy</name>
         <value>0x3bd5</value>
         <object_component_ref idref="oc-3a"/>
      </symbol>
      <symbol id="sm-716">
         <name>__aeabi_memcpy</name>
         <value>0x3bd5</value>
         <object_component_ref idref="oc-3a"/>
      </symbol>
      <symbol id="sm-717">
         <name>__aeabi_memcpy8</name>
         <value>0x3bd5</value>
         <object_component_ref idref="oc-3a"/>
      </symbol>
      <symbol id="sm-718">
         <name>__aeabi_memcpy4</name>
         <value>0x3bd5</value>
         <object_component_ref idref="oc-3a"/>
      </symbol>
      <symbol id="sm-722">
         <name>__aeabi_ui2d</name>
         <value>0x4b65</value>
         <object_component_ref idref="oc-103"/>
      </symbol>
      <symbol id="sm-72f">
         <name>__aeabi_uldivmod</name>
         <value>0x3c71</value>
         <object_component_ref idref="oc-2fe"/>
      </symbol>
      <symbol id="sm-73e">
         <name>__aeabi_memset</name>
         <value>0x3ea3</value>
         <object_component_ref idref="oc-a0"/>
      </symbol>
      <symbol id="sm-73f">
         <name>memset</name>
         <value>0x3ea9</value>
         <object_component_ref idref="oc-a0"/>
      </symbol>
      <symbol id="sm-740">
         <name>__aeabi_memset8</name>
         <value>0x3ea3</value>
         <object_component_ref idref="oc-a0"/>
      </symbol>
      <symbol id="sm-741">
         <name>__aeabi_memset4</name>
         <value>0x3ea3</value>
         <object_component_ref idref="oc-a0"/>
      </symbol>
      <symbol id="sm-742">
         <name>__aeabi_memclr8</name>
         <value>0x3ea1</value>
         <object_component_ref idref="oc-a0"/>
      </symbol>
      <symbol id="sm-743">
         <name>__aeabi_memclr4</name>
         <value>0x3ea1</value>
         <object_component_ref idref="oc-a0"/>
      </symbol>
      <symbol id="sm-744">
         <name>__aeabi_memclr</name>
         <value>0x3ea1</value>
         <object_component_ref idref="oc-a0"/>
      </symbol>
      <symbol id="sm-756">
         <name>__TI_zero_init</name>
         <value>0x4c5b</value>
         <object_component_ref idref="oc-4c"/>
      </symbol>
      <symbol id="sm-76d">
         <name>__TI_decompress_none</name>
         <value>0x4c3f</value>
         <object_component_ref idref="oc-1d"/>
      </symbol>
      <symbol id="sm-790">
         <name>__TI_decompress_lzss</name>
         <value>0x41bd</value>
         <object_component_ref idref="oc-17"/>
      </symbol>
      <symbol id="sm-7b6">
         <name>C$$EXIT</name>
         <value>0x4c85</value>
         <object_component_ref idref="oc-157"/>
      </symbol>
      <symbol id="sm-7b7">
         <name>abort</name>
         <value>0x4c85</value>
         <object_component_ref idref="oc-157"/>
      </symbol>
      <symbol id="sm-7b8">
         <name>__TI_dtors_ptr</name>
         <value>0x200017ac</value>
         <object_component_ref idref="oc-208"/>
      </symbol>
      <symbol id="sm-7b9">
         <name>__TI_cleanup_ptr</name>
         <value>0x200017a8</value>
         <object_component_ref idref="oc-208"/>
      </symbol>
      <symbol id="sm-7ba">
         <name>__TI_enable_exit_profile_output</name>
         <value>0x200017b0</value>
         <object_component_ref idref="oc-208"/>
      </symbol>
      <symbol id="sm-7bb">
         <name>exit</name>
         <value>0x46b9</value>
         <object_component_ref idref="oc-15d"/>
      </symbol>
      <symbol id="sm-7d0">
         <name>_nop</name>
         <value>0xb33</value>
         <object_component_ref idref="oc-275"/>
      </symbol>
      <symbol id="sm-7d1">
         <name>_lock</name>
         <value>0x200017c0</value>
         <object_component_ref idref="oc-1bc"/>
      </symbol>
      <symbol id="sm-7d2">
         <name>_unlock</name>
         <value>0x200017c4</value>
         <object_component_ref idref="oc-1bc"/>
      </symbol>
      <symbol id="sm-7e1">
         <name>__TI_ltoa</name>
         <value>0x457b</value>
         <object_component_ref idref="oc-30f"/>
      </symbol>
      <symbol id="sm-7f7">
         <name>atoi</name>
         <value>0x466d</value>
         <object_component_ref idref="oc-22e"/>
      </symbol>
      <symbol id="sm-802">
         <name>_ctypes_</name>
         <value>0x4c88</value>
         <object_component_ref idref="oc-2f9"/>
      </symbol>
      <symbol id="sm-817">
         <name>__TI_tmpnams</name>
         <value>0x200010c0</value>
      </symbol>
      <symbol id="sm-818">
         <name>__aeabi_stdout</name>
         <value>0x200017a0</value>
         <object_component_ref idref="oc-2bb"/>
      </symbol>
      <symbol id="sm-819">
         <name>__aeabi_stderr</name>
         <value>0x200017a4</value>
         <object_component_ref idref="oc-2bb"/>
      </symbol>
      <symbol id="sm-81a">
         <name>__aeabi_stdin</name>
         <value>0x2000179c</value>
         <object_component_ref idref="oc-2bb"/>
      </symbol>
      <symbol id="sm-81b">
         <name>_ftable</name>
         <value>0x200015c8</value>
         <object_component_ref idref="oc-1bf"/>
      </symbol>
      <symbol id="sm-81c">
         <name>__TI_ft_end</name>
         <value>0x20001798</value>
         <object_component_ref idref="oc-2bb"/>
      </symbol>
      <symbol id="sm-82c">
         <name>memccpy</name>
         <value>0x4ba1</value>
         <object_component_ref idref="oc-257"/>
      </symbol>
      <symbol id="sm-83c">
         <name>memchr</name>
         <value>0x4b45</value>
         <object_component_ref idref="oc-377"/>
      </symbol>
      <symbol id="sm-8c0">
         <name>_sys_memory</name>
         <value>0x200011c8</value>
         <object_component_ref idref="oc-29"/>
      </symbol>
      <symbol id="sm-8c1">
         <name>free</name>
         <value>0x36a9</value>
         <object_component_ref idref="oc-2c7"/>
      </symbol>
      <symbol id="sm-8c2">
         <name>memalign</name>
         <value>0x34ad</value>
         <object_component_ref idref="oc-3f4"/>
      </symbol>
      <symbol id="sm-8c3">
         <name>malloc</name>
         <value>0x4c71</value>
         <object_component_ref idref="oc-2cd"/>
      </symbol>
      <symbol id="sm-8c4">
         <name>aligned_alloc</name>
         <value>0x34ad</value>
         <object_component_ref idref="oc-3f4"/>
      </symbol>
      <symbol id="sm-8d4">
         <name>strchr</name>
         <value>0x4bef</value>
         <object_component_ref idref="oc-346"/>
      </symbol>
      <symbol id="sm-8e2">
         <name>strlen</name>
         <value>0x4c19</value>
         <object_component_ref idref="oc-228"/>
      </symbol>
      <symbol id="sm-8f8">
         <name>__aeabi_errno_addr</name>
         <value>0x4c69</value>
         <object_component_ref idref="oc-263"/>
      </symbol>
      <symbol id="sm-8f9">
         <name>errno</name>
         <value>0x200017dc</value>
         <object_component_ref idref="oc-356"/>
      </symbol>
      <symbol id="sm-90c">
         <name>__stack</name>
         <value>0x2000fe00</value>
         <object_component_ref idref="oc-2c"/>
      </symbol>
      <symbol id="sm-90d">
         <name>_c_int00_noargs</name>
         <value>0x49b5</value>
         <object_component_ref idref="oc-58"/>
      </symbol>
      <symbol id="sm-922">
         <name>write</name>
         <value>0x4af9</value>
         <object_component_ref idref="oc-383"/>
      </symbol>
      <symbol id="sm-933">
         <name>_stream</name>
         <value>0x20001730</value>
         <object_component_ref idref="oc-450"/>
      </symbol>
      <symbol id="sm-934">
         <name>_device</name>
         <value>0x200016b8</value>
         <object_component_ref idref="oc-2af"/>
      </symbol>
      <symbol id="sm-951">
         <name>open</name>
         <value>0x3869</value>
         <object_component_ref idref="oc-3cd"/>
      </symbol>
      <symbol id="sm-971">
         <name>add_device</name>
         <value>0x3925</value>
         <object_component_ref idref="oc-1e8"/>
      </symbol>
      <symbol id="sm-986">
         <name>__TI_closefile</name>
         <value>0x3f95</value>
         <object_component_ref idref="oc-2c0"/>
      </symbol>
      <symbol id="sm-996">
         <name>__TI_doflush</name>
         <value>0x4621</value>
         <object_component_ref idref="oc-37d"/>
      </symbol>
      <symbol id="sm-9a8">
         <name>fseek</name>
         <value>0x42f1</value>
         <object_component_ref idref="oc-445"/>
      </symbol>
      <symbol id="sm-9c6">
         <name>finddevice</name>
         <value>0x4a1d</value>
         <object_component_ref idref="oc-2a2"/>
      </symbol>
      <symbol id="sm-9c7">
         <name>getdevice</name>
         <value>0x4815</value>
         <object_component_ref idref="oc-48f"/>
      </symbol>
      <symbol id="sm-9d1">
         <name>copysign</name>
         <value>0x4bbd</value>
         <object_component_ref idref="oc-429"/>
      </symbol>
      <symbol id="sm-9d2">
         <name>copysignl</name>
         <value>0x4bbd</value>
         <object_component_ref idref="oc-429"/>
      </symbol>
      <symbol id="sm-9dc">
         <name>__aeabi_idiv0</name>
         <value>0x2b17</value>
         <object_component_ref idref="oc-412"/>
      </symbol>
      <symbol id="sm-9dd">
         <name>__aeabi_ldiv0</name>
         <value>0x2b17</value>
         <object_component_ref idref="oc-412"/>
      </symbol>
      <symbol id="sm-a05">
         <name>__TI_auto_init_nobinit_nopinit</name>
         <value>0x47d1</value>
         <object_component_ref idref="oc-163"/>
      </symbol>
      <symbol id="sm-a0f">
         <name>_system_pre_init</name>
         <value>0x4c81</value>
         <object_component_ref idref="oc-a6"/>
      </symbol>
      <symbol id="sm-a20">
         <name>strcmp</name>
         <value>0x4bd7</value>
         <object_component_ref idref="oc-38f"/>
      </symbol>
      <symbol id="sm-a30">
         <name>strncpy</name>
         <value>0x4915</value>
         <object_component_ref idref="oc-2a8"/>
      </symbol>
      <symbol id="sm-a41">
         <name>HOSTclose</name>
         <value>0x4749</value>
         <object_component_ref idref="oc-39f"/>
      </symbol>
      <symbol id="sm-a52">
         <name>HOSTlseek</name>
         <value>0x4155</value>
         <object_component_ref idref="oc-3b1"/>
      </symbol>
      <symbol id="sm-a64">
         <name>parmbuf</name>
         <value>0x20001168</value>
      </symbol>
      <symbol id="sm-a65">
         <name>HOSTopen</name>
         <value>0x43b9</value>
         <object_component_ref idref="oc-399"/>
      </symbol>
      <symbol id="sm-a76">
         <name>HOSTread</name>
         <value>0x4475</value>
         <object_component_ref idref="oc-3a5"/>
      </symbol>
      <symbol id="sm-a87">
         <name>HOSTrename</name>
         <value>0x40e9</value>
         <object_component_ref idref="oc-3bd"/>
      </symbol>
      <symbol id="sm-a98">
         <name>HOSTunlink</name>
         <value>0x478d</value>
         <object_component_ref idref="oc-3b7"/>
      </symbol>
      <symbol id="sm-aa9">
         <name>HOSTwrite</name>
         <value>0x44cd</value>
         <object_component_ref idref="oc-3ab"/>
      </symbol>
      <symbol id="sm-acd">
         <name>__TI_readmsg</name>
         <value>0x4981</value>
         <object_component_ref idref="oc-46c"/>
      </symbol>
      <symbol id="sm-ace">
         <name>C$$IO$$</name>
         <value>0x490b</value>
         <object_component_ref idref="oc-466"/>
      </symbol>
      <symbol id="sm-acf">
         <name>__CIOBUF_</name>
         <value>0x20000fa0</value>
         <object_component_ref idref="oc-4cf"/>
      </symbol>
      <symbol id="sm-ad0">
         <name>__TI_writemsg</name>
         <value>0x48dd</value>
         <object_component_ref idref="oc-466"/>
      </symbol>
      <symbol id="sm-ae1">
         <name>lseek</name>
         <value>0x4ad1</value>
         <object_component_ref idref="oc-4bd"/>
      </symbol>
      <symbol id="sm-af5">
         <name>close</name>
         <value>0x4419</value>
         <object_component_ref idref="oc-3d8"/>
      </symbol>
      <symbol id="sm-b03">
         <name>strcpy</name>
         <value>0x4c05</value>
         <object_component_ref idref="oc-480"/>
      </symbol>
      <symbol id="sm-b13">
         <name>unlink</name>
         <value>0x4a7d</value>
         <object_component_ref idref="oc-3de"/>
      </symbol>
      <symbol id="sm-b14">
         <name>__TI_static_base__</name>
         <value>0x0</value>
      </symbol>
      <symbol id="sm-b17">
         <name>__mpu_init</name>
         <value>0x0</value>
      </symbol>
      <symbol id="sm-b18">
         <name>_system_post_cinit</name>
         <value>0x0</value>
      </symbol>
      <symbol id="sm-b19">
         <name>NMI_Handler</name>
         <value>0x4c59</value>
      </symbol>
      <symbol id="sm-b1a">
         <name>HardFault_Handler</name>
         <value>0x4c59</value>
      </symbol>
      <symbol id="sm-b1b">
         <name>MemManage_Handler</name>
         <value>0x4c59</value>
      </symbol>
      <symbol id="sm-b1c">
         <name>BusFault_Handler</name>
         <value>0x4c59</value>
      </symbol>
      <symbol id="sm-b1d">
         <name>UsageFault_Handler</name>
         <value>0x4c59</value>
      </symbol>
      <symbol id="sm-b1e">
         <name>SVC_Handler</name>
         <value>0x4c59</value>
      </symbol>
      <symbol id="sm-b1f">
         <name>DebugMon_Handler</name>
         <value>0x4c59</value>
      </symbol>
      <symbol id="sm-b20">
         <name>PendSV_Handler</name>
         <value>0x4c59</value>
      </symbol>
      <symbol id="sm-b21">
         <name>SysTick_Handler</name>
         <value>0x4c59</value>
      </symbol>
      <symbol id="sm-b22">
         <name>PSS_IRQHandler</name>
         <value>0x4c59</value>
      </symbol>
      <symbol id="sm-b23">
         <name>CS_IRQHandler</name>
         <value>0x4c59</value>
      </symbol>
      <symbol id="sm-b24">
         <name>PCM_IRQHandler</name>
         <value>0x4c59</value>
      </symbol>
      <symbol id="sm-b25">
         <name>WDT_A_IRQHandler</name>
         <value>0x4c59</value>
      </symbol>
      <symbol id="sm-b26">
         <name>FPU_IRQHandler</name>
         <value>0x4c59</value>
      </symbol>
      <symbol id="sm-b27">
         <name>FLCTL_IRQHandler</name>
         <value>0x4c59</value>
      </symbol>
      <symbol id="sm-b28">
         <name>COMP_E0_IRQHandler</name>
         <value>0x4c59</value>
      </symbol>
      <symbol id="sm-b29">
         <name>COMP_E1_IRQHandler</name>
         <value>0x4c59</value>
      </symbol>
      <symbol id="sm-b2a">
         <name>TA0_0_IRQHandler</name>
         <value>0x4c59</value>
      </symbol>
      <symbol id="sm-b2b">
         <name>TA0_N_IRQHandler</name>
         <value>0x4c59</value>
      </symbol>
      <symbol id="sm-b2c">
         <name>TA1_0_IRQHandler</name>
         <value>0x3b03</value>
      </symbol>
      <symbol id="sm-b2d">
         <name>TA1_N_IRQHandler</name>
         <value>0x4c59</value>
      </symbol>
      <symbol id="sm-b2e">
         <name>TA2_0_IRQHandler</name>
         <value>0x4c59</value>
      </symbol>
      <symbol id="sm-b2f">
         <name>TA2_N_IRQHandler</name>
         <value>0x4c59</value>
      </symbol>
      <symbol id="sm-b30">
         <name>TA3_0_IRQHandler</name>
         <value>0x2d5b</value>
      </symbol>
      <symbol id="sm-b31">
         <name>TA3_N_IRQHandler</name>
         <value>0x2d75</value>
      </symbol>
      <symbol id="sm-b32">
         <name>EUSCIA0_IRQHandler</name>
         <value>0x4c59</value>
      </symbol>
      <symbol id="sm-b33">
         <name>EUSCIA1_IRQHandler</name>
         <value>0x4c59</value>
      </symbol>
      <symbol id="sm-b34">
         <name>EUSCIA2_IRQHandler</name>
         <value>0x4c59</value>
      </symbol>
      <symbol id="sm-b35">
         <name>EUSCIA3_IRQHandler</name>
         <value>0x4c59</value>
      </symbol>
      <symbol id="sm-b36">
         <name>EUSCIB0_IRQHandler</name>
         <value>0x4c59</value>
      </symbol>
      <symbol id="sm-b37">
         <name>EUSCIB1_IRQHandler</name>
         <value>0x4c59</value>
      </symbol>
      <symbol id="sm-b38">
         <name>EUSCIB2_IRQHandler</name>
         <value>0x4c59</value>
      </symbol>
      <symbol id="sm-b39">
         <name>EUSCIB3_IRQHandler</name>
         <value>0x4c59</value>
      </symbol>
      <symbol id="sm-b3a">
         <name>ADC14_IRQHandler</name>
         <value>0x4c59</value>
      </symbol>
      <symbol id="sm-b3b">
         <name>T32_INT1_IRQHandler</name>
         <value>0x1405</value>
      </symbol>
      <symbol id="sm-b3c">
         <name>T32_INT2_IRQHandler</name>
         <value>0x4c59</value>
      </symbol>
      <symbol id="sm-b3d">
         <name>T32_INTC_IRQHandler</name>
         <value>0x4c59</value>
      </symbol>
      <symbol id="sm-b3e">
         <name>AES256_IRQHandler</name>
         <value>0x4c59</value>
      </symbol>
      <symbol id="sm-b3f">
         <name>RTC_C_IRQHandler</name>
         <value>0x4c59</value>
      </symbol>
      <symbol id="sm-b40">
         <name>DMA_ERR_IRQHandler</name>
         <value>0x4c59</value>
      </symbol>
      <symbol id="sm-b41">
         <name>DMA_INT3_IRQHandler</name>
         <value>0x4c59</value>
      </symbol>
      <symbol id="sm-b42">
         <name>DMA_INT2_IRQHandler</name>
         <value>0x4c59</value>
      </symbol>
      <symbol id="sm-b43">
         <name>DMA_INT1_IRQHandler</name>
         <value>0x4c59</value>
      </symbol>
      <symbol id="sm-b44">
         <name>DMA_INT0_IRQHandler</name>
         <value>0x4c59</value>
      </symbol>
      <symbol id="sm-b45">
         <name>PORT1_IRQHandler</name>
         <value>0x4c59</value>
      </symbol>
      <symbol id="sm-b46">
         <name>PORT2_IRQHandler</name>
         <value>0x4c59</value>
      </symbol>
      <symbol id="sm-b47">
         <name>PORT3_IRQHandler</name>
         <value>0x4c59</value>
      </symbol>
      <symbol id="sm-b48">
         <name>PORT4_IRQHandler</name>
         <value>0x4c59</value>
      </symbol>
      <symbol id="sm-b49">
         <name>PORT5_IRQHandler</name>
         <value>0x4c59</value>
      </symbol>
      <symbol id="sm-b4a">
         <name>PORT6_IRQHandler</name>
         <value>0x4c59</value>
      </symbol>
      <symbol id="sm-b4b">
         <name>remove</name>
         <value>0x4a7d</value>
      </symbol>
   </symbol_table>
   <title>Link successful</title>
</link_info>
