******************************************************************************
                  TI ARM Linker PC v20.2.5                     
******************************************************************************
>> Linked Sun Jun 23 22:14:00 2024

OUTPUT FILE NAME:   <Lab16_Tach.out>
ENTRY POINT SYMBOL: "_c_int00_noargs"  address: 000049b5


MEMORY CONFIGURATION

         name            origin    length      used     unused   attr    fill
----------------------  --------  ---------  --------  --------  ----  --------
  MAIN                  00000000   00040000  00004e29  0003b1d7  R  X
  INFO                  00200000   00004000  00000000  00004000  R  X
  SRAM_CODE             01000000   00010000  000019e5  0000e61b  RW X
  SRAM_DATA             20000000   00010000  000019e5  0000e61b  RW  


SEGMENT ALLOCATION MAP

run origin  load origin   length   init length attrs members
----------  ----------- ---------- ----------- ----- -------
00000000    00000000    00004e30   00004e30    r-x
  00000000    00000000    000000e4   000000e4    r-- .intvecs
  000000e4    000000e4    00004ba4   00004ba4    r-x .text
  00004c88    00004c88    00000101   00000101    r-- .const
  00004d90    00004d90    000000a0   000000a0    r-- .cinit
20000000    20000000    000017ec   00000000    rw-
  20000000    20000000    000011c1   00000000    rw- .bss
  200011c8    200011c8    00000400   00000000    rw- .sysmem
  200015c8    200015c8    00000224   00000000    rw- .data
2000fe00    2000fe00    00000200   00000000    rw-
  2000fe00    2000fe00    00000200   00000000    rw- .stack


SECTION ALLOCATION MAP

 output                                  attributes/
section   page    origin      length       input sections
--------  ----  ----------  ----------   ----------------
.intvecs   0    00000000    000000e4     
                  00000000    000000e4     startup_msp432p401r_ccs.obj (.intvecs:retain)

.text      0    000000e4    00004ba4     
                  000000e4    00000a4e     rtsv7M4_T_le_v4SPD16_eabi.lib : _printfi.c.obj (.text:__TI_printfi)
                  00000b32    00000002                                   : _lock.c.obj (.text:_nop)
                  00000b34    000006bc     UART0.obj (.text)
                  000011f0    00000688     TExaS.obj (.text)
                  00001878    0000056c     Lab16_Tachmain.obj (.text)
                  00001de4    0000032c     system_msp432p401r.obj (.text)
                  00002110    00000270     rtsv7M4_T_le_v4SPD16_eabi.lib : _printfi.c.obj (.text:_pconv_a)
                  00002380    00000230     PWM.obj (.text)
                  000025b0    000001e0     Clock.obj (.text)
                  00002790    000001d0     rtsv7M4_T_le_v4SPD16_eabi.lib : _printfi.c.obj (.text:_pconv_g)
                  00002960    000001b6                                   : fd_add_t2.asm.obj (.text)
                  00002b16    00000002                                   : div0.asm.obj (.text)
                  00002b18    0000016c     Motor.obj (.text)
                  00002c84    0000015c     TA3InputCapture.obj (.text)
                  00002de0    0000013c     rtsv7M4_T_le_v4SPD16_eabi.lib : _printfi.c.obj (.text:_pconv_e)
                  00002f1c    00000136                                   : fd_div_t2.asm.obj (.text)
                  00003052    00000002     --HOLE-- [fill = 0]
                  00003054    00000124                                   : _printfi.c.obj (.text:fcvt)
                  00003178    00000114                                   : fputs.c.obj (.text:fputs)
                  0000328c    00000110                                   : fopen.c.obj (.text:_openfile)
                  0000339c    00000110                                   : s_scalbn.c.obj (.text:scalbn)
                  000034ac    00000100                                   : memory.c.obj (.text:aligned_alloc)
                  000035ac    000000fc                                   : fd_mul_t2.asm.obj (.text)
                  000036a8    000000e4                                   : memory.c.obj (.text:free)
                  0000378c    000000dc                                   : setvbuf.c.obj (.text:setvbuf)
                  00003868    000000bc                                   : open.c.obj (.text:open)
                  00003924    000000b8                                   : add_device.c.obj (.text:add_device)
                  000039dc    000000b1                                   : _printfi.c.obj (.text:_ltostr)
                  00003a8d    00000003     --HOLE-- [fill = 0]
                  00003a90    000000a8     TimerA1.obj (.text)
                  00003b38    0000009c     rtsv7M4_T_le_v4SPD16_eabi.lib : fopen.c.obj (.text:fopen)
                  00003bd4    0000009c                                   : memcpy_t2.asm.obj (.text)
                  00003c70    00000096                                   : ull_div_t2.asm.obj (.text)
                  00003d06    00000002     --HOLE-- [fill = 0]
                  00003d08    0000008c                                   : fputc.c.obj (.text:fputc)
                  00003d94    00000086                                   : fd_cmp_t2.asm.obj (.text:__aeabi_cdcmple)
                  00003e1a    00000086                                   : fd_cmp_t2.asm.obj (.text:__aeabi_cdrcmple)
                  00003ea0    0000007a                                   : memset_t2.asm.obj (.text)
                  00003f1a    00000002     --HOLE-- [fill = 0]
                  00003f1c    00000078     Bump.obj (.text)
                  00003f94    00000074     rtsv7M4_T_le_v4SPD16_eabi.lib : fclose.c.obj (.text:__TI_closefile)
                  00004008    00000070                                   : memory.c.obj (.text:split)
                  00004078    0000006e                                   : _printfi.c.obj (.text:_mcpy)
                  000040e6    00000002     --HOLE-- [fill = 0]
                  000040e8    0000006c                                   : hostrename.c.obj (.text:HOSTrename)
                  00004154    00000068                                   : hostlseek.c.obj (.text:HOSTlseek)
                  000041bc    00000068                                   : copy_decompress_lzss.c.obj (.text:decompress:lzss:__TI_decompress_lzss)
                  00004224    00000068                                   : printf.c.obj (.text:printf)
                  0000428c    00000064                                   : s_frexp.c.obj (.text:frexp)
                  000042f0    00000064                                   : fseek.c.obj (.text:fseek)
                  00004354    00000062                                   : _io_perm.c.obj (.text:__TI_wrt_ok)
                  000043b6    00000002     --HOLE-- [fill = 0]
                  000043b8    00000060                                   : hostopen.c.obj (.text:HOSTopen)
                  00004418    0000005c                                   : close.c.obj (.text:close)
                  00004474    00000058                                   : hostread.c.obj (.text:HOSTread)
                  000044cc    00000058                                   : hostwrite.c.obj (.text:HOSTwrite)
                  00004524    00000056                                   : _printfi.c.obj (.text:_pconv_f)
                  0000457a    00000054                                   : _ltoa.c.obj (.text:__TI_ltoa)
                  000045ce    00000052                                   : _printfi.c.obj (.text:_ecpy)
                  00004620    0000004c                                   : fflush.c.obj (.text:__TI_doflush)
                  0000466c    0000004c                                   : atoi.c.obj (.text:atoi)
                  000046b8    00000048                                   : exit.c.obj (.text:exit)
                  00004700    00000048                                   : fd_toi_t2.asm.obj (.text)
                  00004748    00000044                                   : hostclose.c.obj (.text:HOSTclose)
                  0000478c    00000044                                   : hostunlink.c.obj (.text:HOSTunlink)
                  000047d0    00000044                                   : autoinit.c.obj (.text:__TI_auto_init_nobinit_nopinit:__TI_auto_init_nobinit_nopinit)
                  00004814    00000044                                   : getdevice.c.obj (.text:getdevice)
                  00004858    00000044                                   : fd_tou_t2.asm.obj (.text)
                  0000489c    0000003e                                   : _printfi.c.obj (.text:_fcpy)
                  000048da    00000002     --HOLE-- [fill = 0]
                  000048dc    00000038                                   : trgmsg.c.obj (.text:__TI_writemsg)
                  00004914    00000036                                   : strncpy.c.obj (.text:strncpy)
                  0000494a    00000002     --HOLE-- [fill = 0]
                  0000494c    00000034                                   : fopen.c.obj (.text:__TI_cleanup)
                  00004980    00000034                                   : trgmsg.c.obj (.text:__TI_readmsg)
                  000049b4    00000034                                   : boot_cortex_m.c.obj (.text:_c_int00_noargs:_c_int00_noargs)
                  000049e8    00000034                                   : fopen.c.obj (.text:freopen)
                  00004a1c    00000030                                   : getdevice.c.obj (.text:finddevice)
                  00004a4c    0000002e                                   : i_tofd_t2.asm.obj (.text)
                  00004a7a    00000002     --HOLE-- [fill = 0]
                  00004a7c    0000002c                                   : unlink.c.obj (.text:unlink)
                  00004aa8    00000028                                   : memory.c.obj (.text:free_list_insert)
                  00004ad0    00000028                                   : lseek.c.obj (.text:lseek)
                  00004af8    00000028                                   : write.c.obj (.text:write)
                  00004b20    00000024     CortexM.obj (.text)
                  00004b44    00000020     rtsv7M4_T_le_v4SPD16_eabi.lib : memchr.c.obj (.text:memchr)
                  00004b64    00000020                                   : u_tofd_t2.asm.obj (.text)
                  00004b84    0000001c                                   : memory.c.obj (.text:free_list_remove)
                  00004ba0    0000001c                                   : memccpy.c.obj (.text:memccpy)
                  00004bbc    0000001a                                   : s_copysign.c.obj (.text:copysign)
                  00004bd6    00000018                                   : strcmp.c.obj (.text:strcmp)
                  00004bee    00000016                                   : strchr.c.obj (.text:strchr)
                  00004c04    00000014                                   : strcpy.c.obj (.text:strcpy)
                  00004c18    00000014                                   : strlen.c.obj (.text:strlen)
                  00004c2c    00000012                                   : wcslen.c.obj (.text:wcslen)
                  00004c3e    0000000e                                   : copy_decompress_none.c.obj (.text:decompress:none:__TI_decompress_none)
                  00004c4c    0000000e     startup_msp432p401r_ccs.obj (.text)
                  00004c5a    0000000c     rtsv7M4_T_le_v4SPD16_eabi.lib : copy_zero_init.c.obj (.text:decompress:ZI:__TI_zero_init)
                  00004c66    00000002     --HOLE-- [fill = 0]
                  00004c68    00000008                                   : errno.c.obj (.text:__aeabi_errno_addr)
                  00004c70    00000008                                   : memory.c.obj (.text:malloc)
                  00004c78    00000004                                   : printf.c.obj (.text:_outc)
                  00004c7c    00000004                                   : printf.c.obj (.text:_outs)
                  00004c80    00000004                                   : pre_init.c.obj (.text:_system_pre_init)
                  00004c84    00000004                                   : exit.c.obj (.text:abort:abort)

.const     0    00004c88    00000101     
                  00004c88    00000101     rtsv7M4_T_le_v4SPD16_eabi.lib : ctype.c.obj (.const:.string:_ctypes_)

.cinit     0    00004d90    000000a0     
                  00004d90    00000077     (.cinit..data.load) [load image, compression = lzss]
                  00004e07    00000001     --HOLE-- [fill = 0]
                  00004e08    0000000c     (__TI_handler_table)
                  00004e14    00000004     --HOLE-- [fill = 0]
                  00004e18    00000008     (.cinit..bss.load) [load image, compression = zero_init]
                  00004e20    00000010     (__TI_cinit_table)

.init_array 
*          0    00000000    00000000     UNINITIALIZED

.binit     0    00000000    00000000     

.bss       0    20000000    000011c1     UNINITIALIZED
                  20000000    000007d0     (.common:SpeedBuffer)
                  200007d0    000007d0     (.common:SpeedBuffer2)
                  20000fa0    00000120     rtsv7M4_T_le_v4SPD16_eabi.lib : trgmsg.c.obj (.bss:_CIOBUF_)
                  200010c0    000000a0     (.common:__TI_tmpnams)
                  20001160    00000008     (.common:Messageb)
                  20001168    00000008     (.common:parmbuf)
                  20001170    00000004     (.common:Done0)
                  20001174    00000004     (.common:Done2)
                  20001178    00000004     (.common:LeftDuty)
                  2000117c    00000004     (.common:Messageindexb)
                  20001180    00000004     (.common:PeriodicTask2)
                  20001184    00000004     (.common:RightDuty)
                  20001188    00000004     (.common:Speedsum0)
                  2000118c    00000004     (.common:Speedsum2)
                  20001190    00000004     (.common:Sum0)
                  20001194    00000004     (.common:Sum2)
                  20001198    00000004     (.common:Time)
                  2000119c    00000004     (.common:TimerA1Task)
                  200011a0    00000004     (.common:UL)
                  200011a4    00000004     (.common:UR)
                  200011a8    00000002     (.common:Avg0)
                  200011aa    00000002     (.common:Avg2)
                  200011ac    00000002     (.common:AvgPeriod0)
                  200011ae    00000002     (.common:AvgPeriod2)
                  200011b0    00000002     (.common:Count0)
                  200011b2    00000002     (.common:Count2)
                  200011b4    00000002     (.common:First0)
                  200011b6    00000002     (.common:First2)
                  200011b8    00000002     (.common:Period0)
                  200011ba    00000002     (.common:Period2)
                  200011bc    00000002     (.common:XstarL)
                  200011be    00000002     (.common:XstarR)
                  200011c0    00000001     (.common:LogicData)

.sysmem    0    200011c8    00000400     UNINITIALIZED
                  200011c8    00000010     rtsv7M4_T_le_v4SPD16_eabi.lib : memory.c.obj (.sysmem)
                  200011d8    000003f0     --HOLE--

.data      0    200015c8    00000224     UNINITIALIZED
                  200015c8    000000f0     rtsv7M4_T_le_v4SPD16_eabi.lib : defs.c.obj (.data:_ftable)
                  200016b8    00000078                                   : host_device.c.obj (.data:_device)
                  20001730    00000050                                   : host_device.c.obj (.data:_stream)
                  20001780    00000018     Clock.obj (.data)
                  20001798    00000010     rtsv7M4_T_le_v4SPD16_eabi.lib : defs.c.obj (.data)
                  200017a8    0000000c                                   : exit.c.obj (.data:$O1$$)
                  200017b4    0000000c     TExaS.obj (.data)
                  200017c0    00000008     rtsv7M4_T_le_v4SPD16_eabi.lib : _lock.c.obj (.data:$O1$$)
                  200017c8    00000008                                   : memory.c.obj (.data:$O1$$)
                  200017d0    00000008     TA3InputCapture.obj (.data)
                  200017d8    00000004     rtsv7M4_T_le_v4SPD16_eabi.lib : add_device.c.obj (.data)
                  200017dc    00000004                                   : errno.c.obj (.data)
                  200017e0    00000004                                   : fopen.c.obj (.data)
                  200017e4    00000004                                   : open.c.obj (.data)
                  200017e8    00000004     system_msp432p401r.obj (.data)

.stack     0    2000fe00    00000200     UNINITIALIZED
                  2000fe00    00000004     rtsv7M4_T_le_v4SPD16_eabi.lib : boot_cortex_m.c.obj (.stack)
                  2000fe04    000001fc     --HOLE--

__llvm_prf_cnts 
*          0    20000000    00000000     UNINITIALIZED

MODULE SUMMARY

       Module                        code    ro data   rw data
       ------                        ----    -------   -------
    .\
       Lab16_Tachmain.obj            1388    0         8136   
       UART0.obj                     1724    0         24     
       TExaS.obj                     1672    0         34     
       system_msp432p401r.obj        812     0         8      
       PWM.obj                       560     0         0      
       Clock.obj                     480     0         48     
       Motor.obj                     364     0         0      
       TA3InputCapture.obj           348     0         16     
       startup_msp432p401r_ccs.obj   14      228       0      
       TimerA1.obj                   168     0         8      
       Bump.obj                      120     0         0      
       CortexM.obj                   36      0         0      
    +--+-----------------------------+-------+---------+---------+
       Total:                        7686    228       8274   
                                                              
    C:\ti\ccs1040\ccs\tools\compiler\ti-cgt-arm_20.2.5.LTS\lib\rtsv7M4_T_le_v4SPD16_eabi.lib
       _printfi.c.obj                4851    0         0      
       defs.c.obj                    0       0         832    
       memory.c.obj                  672     0         16     
       trgmsg.c.obj                  108     0         576    
       fopen.c.obj                   532     0         8      
       fd_add_t2.asm.obj             438     0         0      
       host_device.c.obj             0       0         400    
       fd_div_t2.asm.obj             310     0         0      
       fputs.c.obj                   276     0         0      
       s_scalbn.c.obj                272     0         0      
       fd_cmp_t2.asm.obj             268     0         0      
       ctype.c.obj                   0       257       0      
       fd_mul_t2.asm.obj             252     0         0      
       setvbuf.c.obj                 220     0         0      
       open.c.obj                    188     0         8      
       add_device.c.obj              184     0         8      
       memcpy_t2.asm.obj             156     0         0      
       ull_div_t2.asm.obj            150     0         0      
       fputc.c.obj                   140     0         0      
       memset_t2.asm.obj             122     0         0      
       fclose.c.obj                  116     0         0      
       getdevice.c.obj               116     0         0      
       hostopen.c.obj                96      0         16     
       printf.c.obj                  112     0         0      
       hostrename.c.obj              108     0         0      
       copy_decompress_lzss.c.obj    104     0         0      
       hostlseek.c.obj               104     0         0      
       exit.c.obj                    76      0         24     
       fseek.c.obj                   100     0         0      
       s_frexp.c.obj                 100     0         0      
       _io_perm.c.obj                98      0         0      
       close.c.obj                   92      0         0      
       hostread.c.obj                88      0         0      
       hostwrite.c.obj               88      0         0      
       _ltoa.c.obj                   84      0         0      
       atoi.c.obj                    76      0         0      
       fflush.c.obj                  76      0         0      
       fd_toi_t2.asm.obj             72      0         0      
       autoinit.c.obj                68      0         0      
       fd_tou_t2.asm.obj             68      0         0      
       hostclose.c.obj               68      0         0      
       hostunlink.c.obj              68      0         0      
       strncpy.c.obj                 54      0         0      
       boot_cortex_m.c.obj           52      0         0      
       i_tofd_t2.asm.obj             46      0         0      
       unlink.c.obj                  44      0         0      
       lseek.c.obj                   40      0         0      
       write.c.obj                   40      0         0      
       memchr.c.obj                  32      0         0      
       u_tofd_t2.asm.obj             32      0         0      
       memccpy.c.obj                 28      0         0      
       s_copysign.c.obj              26      0         0      
       strcmp.c.obj                  24      0         0      
       strchr.c.obj                  22      0         0      
       strcpy.c.obj                  20      0         0      
       strlen.c.obj                  20      0         0      
       _lock.c.obj                   2       0         16     
       wcslen.c.obj                  18      0         0      
       errno.c.obj                   8       0         8      
       copy_decompress_none.c.obj    14      0         0      
       copy_zero_init.c.obj          12      0         0      
       pre_init.c.obj                4       0         0      
       div0.asm.obj                  2       0         0      
    +--+-----------------------------+-------+---------+---------+
       Total:                        11657   257       1912   
                                                              
       Heap:                         0       0         2048   
       Stack:                        0       0         1024   
       Linker Generated:             0       155       0      
    +--+-----------------------------+-------+---------+---------+
       Grand Total:                  19343   640       13258  


LINKER GENERATED COPY TABLES

__TI_cinit_table @ 00004e20 records: 2, size/record: 8, table size: 16
	.data: load addr=00004d90, load size=00000077 bytes, run addr=200015c8, run size=00000224 bytes, compression=lzss
	.bss: load addr=00004e18, load size=00000008 bytes, run addr=20000000, run size=000011c1 bytes, compression=zero_init


LINKER GENERATED HANDLER TABLE

__TI_handler_table @ 00004e08 records: 3, size/record: 4, table size: 12
	index: 0, handler: __TI_decompress_lzss
	index: 1, handler: __TI_decompress_none
	index: 2, handler: __TI_zero_init


GLOBAL SYMBOLS: SORTED ALPHABETICALLY BY Name 

address   name                                   
-------   ----                                   
00004c59  ADC14_IRQHandler                       
000015c9  ADC_Init                               
00004c59  AES256_IRQHandler                      
200011a8  Avg0                                   
200011aa  Avg2                                   
200011ac  AvgPeriod0                             
200011ae  AvgPeriod2                             
00003f1d  Bump_Init                              
00003f51  Bump_Read                              
00004c59  BusFault_Handler                       
00004c85  C$$EXIT                                
0000490b  C$$IO$$                                
00004c59  COMP_E0_IRQHandler                     
00004c59  COMP_E1_IRQHandler                     
20001788  CPMwait                                
00004c59  CS_IRQHandler                          
200017d0  CaptureTask0                           
200017d4  CaptureTask2                           
20001780  ClockFrequency                         
00002705  Clock_Delay1ms                         
000026db  Clock_Delay1us                         
000026c7  Clock_GetFreq                          
000025b1  Clock_Init48MHz                        
00001a65  Collect                                
00001921  Controller                             
200011b0  Count0                                 
200011b2  Count2                                 
20001794  Crystalstable                          
00004c59  DMA_ERR_IRQHandler                     
00004c59  DMA_INT0_IRQHandler                    
00004c59  DMA_INT1_IRQHandler                    
00004c59  DMA_INT2_IRQHandler                    
00004c59  DMA_INT3_IRQHandler                    
00004c59  DebugMon_Handler                       
00004c59  Default_Handler                        
00004b21  DisableInterrupts                      
20001170  Done0                                  
20001174  Done2                                  
00004c59  EUSCIA0_IRQHandler                     
00004c59  EUSCIA1_IRQHandler                     
00004c59  EUSCIA2_IRQHandler                     
00004c59  EUSCIA3_IRQHandler                     
00004c59  EUSCIB0_IRQHandler                     
00004c59  EUSCIB1_IRQHandler                     
00004c59  EUSCIB2_IRQHandler                     
00004c59  EUSCIB3_IRQHandler                     
00004b27  EnableInterrupts                       
00004b37  EndCritical                            
00004c59  FLCTL_IRQHandler                       
00004c59  FPU_IRQHandler                         
200011b4  First0                                 
200011b6  First2                                 
00004749  HOSTclose                              
00004155  HOSTlseek                              
000043b9  HOSTopen                               
00004475  HOSTread                               
000040e9  HOSTrename                             
0000478d  HOSTunlink                             
000044cd  HOSTwrite                              
00004c59  HardFault_Handler                      
20001790  IFlags                                 
20001178  LeftDuty                               
000011f1  LogicAnalyzer                          
000011fb  LogicAnalyzer_P1                       
000012d1  LogicAnalyzer_P10                      
00001209  LogicAnalyzer_P2                       
000012df  LogicAnalyzer_P27_P26_P82_P92_P104_P105
00001217  LogicAnalyzer_P2_7654                  
00001227  LogicAnalyzer_P3                       
00001235  LogicAnalyzer_P4                       
00001253  LogicAnalyzer_P4_765320                
00001243  LogicAnalyzer_P4_765432                
0000128b  LogicAnalyzer_P5                       
00001299  LogicAnalyzer_P6                       
000012a7  LogicAnalyzer_P7                       
000012b5  LogicAnalyzer_P8                       
000012c3  LogicAnalyzer_P9                       
200011c0  LogicData                              
00004c59  MemManage_Handler                      
20001160  Messageb                               
2000117c  Messageindexb                          
00002c2f  Motor_Backward                         
00002b8b  Motor_Forward                          
00002b19  Motor_Init                             
00002bf5  Motor_Left                             
00002bbb  Motor_Right                            
00002b6b  Motor_Stop                             
00004c59  NMI_Handler                            
00004c59  PCM_IRQHandler                         
00004c59  PORT1_IRQHandler                       
00004c59  PORT2_IRQHandler                       
00004c59  PORT3_IRQHandler                       
00004c59  PORT4_IRQHandler                       
00004c59  PORT5_IRQHandler                       
00004c59  PORT6_IRQHandler                       
00004c59  PSS_IRQHandler                         
000024ad  PWM_Duty1                              
00002381  PWM_Init1                              
000023e5  PWM_Init2                              
00002449  PWM_Init3                              
000024cd  PWM_Init34                             
00004c59  PendSV_Handler                         
200011b8  Period0                                
200011ba  Period2                                
00001879  PeriodMeasure0                         
000018cd  PeriodMeasure2                         
20001180  PeriodicTask2                          
0000139b  PeriodicTask2_Init                     
00001415  PeriodicTask2_Stop                     
2000178c  Postwait                               
20001784  Prewait                                
00001d05  Program16_1                            
00004c59  RTC_C_IRQHandler                       
00004c4d  Reset_Handler                          
20001184  RightDuty                              
00004c59  SVC_Handler                            
00001317  Scope                                  
20000000  SpeedBuffer                            
200007d0  SpeedBuffer2                           
20001188  Speedsum0                              
2000118c  Speedsum2                              
00004b2d  StartCritical                          
20001190  Sum0                                   
20001194  Sum2                                   
00004c59  SysTick_Handler                        
200017e8  SystemCoreClock                        
00001de5  SystemCoreClockUpdate                  
00002059  SystemInit                             
00001405  T32_INT1_IRQHandler                    
00001405  T32_INT1_IRQHandler                    
00004c59  T32_INT2_IRQHandler                    
00004c59  T32_INTC_IRQHandler                    
00004c59  TA0_0_IRQHandler                       
00004c59  TA0_N_IRQHandler                       
00003b03  TA1_0_IRQHandler                       
00003b03  TA1_0_IRQHandler                       
00004c59  TA1_N_IRQHandler                       
00004c59  TA2_0_IRQHandler                       
00004c59  TA2_N_IRQHandler                       
00002d5b  TA3_0_IRQHandler                       
00002d5b  TA3_0_IRQHandler                       
00002d75  TA3_N_IRQHandler                       
00002d75  TA3_N_IRQHandler                       
00001557  TExaS_Clear0                           
00001563  TExaS_Clear1                           
0000157d  TExaS_Clear2                           
0000158d  TExaS_Clear3                           
00001599  TExaS_Clear4                           
0000159b  TExaS_Clear5                           
000015b1  TExaS_Clear6                           
00001699  TExaS_Init                             
200017b8  TExaS_ScopeErrConflict                 
200017b4  TExaS_ScopeErrLostData                 
200017bc  TExaS_ScopeWrnReconfig                 
000014f5  TExaS_Set                              
0000150d  TExaS_Set0                             
00001519  TExaS_Set1                             
00001525  TExaS_Set2                             
00001531  TExaS_Set3                             
0000153d  TExaS_Set4                             
0000153f  TExaS_Set5                             
0000154b  TExaS_Set6                             
0000180f  TExaS_Stop                             
000014ab  TExaS_Task0                            
000014b7  TExaS_Task1                            
000014c3  TExaS_Task2                            
000014cf  TExaS_Task3                            
000014db  TExaS_Task4                            
000014dd  TExaS_Task5                            
000014e9  TExaS_Task6                            
20001198  Time                                   
2000119c  TimerA1Task                            
00003a91  TimerA1_Init                           
00003aef  TimerA1_Stop                           
00002c91  TimerA3Capture_Init                    
00000b7b  UART0_InChar                           
00001005  UART0_InString                         
00000bc5  UART0_InUDec                           
00000eb9  UART0_InUHex                           
00000b35  UART0_Init                             
00001165  UART0_Initprintf                       
00000b8b  UART0_OutChar                          
00000ba7  UART0_OutString                        
00000c49  UART0_OutUDec                          
00000db5  UART0_OutUDec4                         
00000e09  UART0_OutUDec5                         
00000e45  UART0_OutUFix1                         
00000e6d  UART0_OutUFix2                         
00000f7d  UART0_OutUHex                          
00000fe9  UART0_OutUHex2                         
0000147f  UART_InChar                            
00001425  UART_Init                              
0000148f  UART_OutChar                           
200011a0  UL                                     
200011a4  UR                                     
00004c59  UsageFault_Handler                     
4000480c  WDTCTL_SYM                             
00004c59  WDT_A_IRQHandler                       
00004b3f  WaitForInterrupt                       
200011bc  XstarL                                 
200011be  XstarR                                 
20000fa0  __CIOBUF_                              
20010000  __STACK_END                            
00000200  __STACK_SIZE                           
00000400  __SYSMEM_SIZE                          
00004e20  __TI_CINIT_Base                        
00004e30  __TI_CINIT_Limit                       
00004e08  __TI_Handler_Table_Base                
00004e14  __TI_Handler_Table_Limit               
000047d1  __TI_auto_init_nobinit_nopinit         
0000494d  __TI_cleanup                           
200017a8  __TI_cleanup_ptr                       
00003f95  __TI_closefile                         
000041bd  __TI_decompress_lzss                   
00004c3f  __TI_decompress_none                   
00004621  __TI_doflush                           
200017ac  __TI_dtors_ptr                         
200017b0  __TI_enable_exit_profile_output        
20001798  __TI_ft_end                            
0000457b  __TI_ltoa                              
ffffffff  __TI_pprof_out_hndl                    
000000e5  __TI_printfi                           
ffffffff  __TI_prof_data_size                    
ffffffff  __TI_prof_data_start                   
00004981  __TI_readmsg                           
00000000  __TI_static_base__                     
200010c0  __TI_tmpnams                           
000048dd  __TI_writemsg                          
00004355  __TI_wrt_ok                            
00004c5b  __TI_zero_init                         
00003d95  __aeabi_cdcmpeq                        
00003d95  __aeabi_cdcmple                        
00003e1b  __aeabi_cdrcmple                       
00004701  __aeabi_d2iz                           
00004859  __aeabi_d2uiz                          
0000296b  __aeabi_dadd                           
00002f1d  __aeabi_ddiv                           
000035ad  __aeabi_dmul                           
00002961  __aeabi_dsub                           
00004c69  __aeabi_errno_addr                     
00004a4d  __aeabi_i2d                            
00002b17  __aeabi_idiv0                          
00002b17  __aeabi_ldiv0                          
00003ea1  __aeabi_memclr                         
00003ea1  __aeabi_memclr4                        
00003ea1  __aeabi_memclr8                        
00003bd5  __aeabi_memcpy                         
00003bd5  __aeabi_memcpy4                        
00003bd5  __aeabi_memcpy8                        
00003ea3  __aeabi_memset                         
00003ea3  __aeabi_memset4                        
00003ea3  __aeabi_memset8                        
200017a4  __aeabi_stderr                         
2000179c  __aeabi_stdin                          
200017a0  __aeabi_stdout                         
00004b65  __aeabi_ui2d                           
00003c71  __aeabi_uldivmod                       
ffffffff  __binit__                              
ffffffff  __c_args__                             
UNDEFED   __mpu_init                             
2000fe00  __stack                                
20000000  __start___llvm_prf_cnts                
20000000  __stop___llvm_prf_cnts                 
000049b5  _c_int00_noargs                        
00004c88  _ctypes_                               
200016b8  _device                                
200015c8  _ftable                                
200017c0  _lock                                  
00000b33  _nop                                   
20001730  _stream                                
200011c8  _sys_memory                            
UNDEFED   _system_post_cinit                     
00004c81  _system_pre_init                       
200017c4  _unlock                                
00004c85  abort                                  
00003925  add_device                             
000034ad  aligned_alloc                          
0000466d  atoi                                   
ffffffff  binit                                  
00004419  close                                  
00004bbd  copysign                               
00004bbd  copysignl                              
000026cd  delay                                  
200017dc  errno                                  
000046b9  exit                                   
0000109f  ferror                                 
0000107f  fgetc                                  
00004a1d  finddevice                             
00003b39  fopen                                  
00003d09  fputc                                  
00003179  fputs                                  
000036a9  free                                   
000049e9  freopen                                
0000428d  frexp                                  
0000428d  frexpl                                 
000042f1  fseek                                  
00004815  getdevice                              
00000000  interruptVectors                       
0000339d  ldexp                                  
0000339d  ldexpl                                 
00004ad1  lseek                                  
00001c5d  main                                   
00004c71  malloc                                 
000034ad  memalign                               
00004ba1  memccpy                                
00004b45  memchr                                 
00003bd5  memcpy                                 
00003ea9  memset                                 
00003869  open                                   
00000fc1  outnibble                              
20001168  parmbuf                                
00004225  printf                                 
00003d09  putc                                   
00004a7d  remove                                 
0000339d  scalbn                                 
0000339d  scalbnl                                
0000378d  setvbuf                                
00004bef  strchr                                 
00004bd7  strcmp                                 
00004c05  strcpy                                 
00004c19  strlen                                 
00004915  strncpy                                
00002c85  ta3dummy                               
000010bd  uart_close                             
0000113b  uart_lseek                             
000010ad  uart_open                              
000010cf  uart_read                              
00001157  uart_rename                            
0000114b  uart_unlink                            
000010f9  uart_write                             
00004a7d  unlink                                 
00004c2d  wcslen                                 
00004af9  write                                  


GLOBAL SYMBOLS: SORTED BY Symbol Address 

address   name                                   
-------   ----                                   
00000000  __TI_static_base__                     
00000000  interruptVectors                       
000000e5  __TI_printfi                           
00000200  __STACK_SIZE                           
00000400  __SYSMEM_SIZE                          
00000b33  _nop                                   
00000b35  UART0_Init                             
00000b7b  UART0_InChar                           
00000b8b  UART0_OutChar                          
00000ba7  UART0_OutString                        
00000bc5  UART0_InUDec                           
00000c49  UART0_OutUDec                          
00000db5  UART0_OutUDec4                         
00000e09  UART0_OutUDec5                         
00000e45  UART0_OutUFix1                         
00000e6d  UART0_OutUFix2                         
00000eb9  UART0_InUHex                           
00000f7d  UART0_OutUHex                          
00000fc1  outnibble                              
00000fe9  UART0_OutUHex2                         
00001005  UART0_InString                         
0000107f  fgetc                                  
0000109f  ferror                                 
000010ad  uart_open                              
000010bd  uart_close                             
000010cf  uart_read                              
000010f9  uart_write                             
0000113b  uart_lseek                             
0000114b  uart_unlink                            
00001157  uart_rename                            
00001165  UART0_Initprintf                       
000011f1  LogicAnalyzer                          
000011fb  LogicAnalyzer_P1                       
00001209  LogicAnalyzer_P2                       
00001217  LogicAnalyzer_P2_7654                  
00001227  LogicAnalyzer_P3                       
00001235  LogicAnalyzer_P4                       
00001243  LogicAnalyzer_P4_765432                
00001253  LogicAnalyzer_P4_765320                
0000128b  LogicAnalyzer_P5                       
00001299  LogicAnalyzer_P6                       
000012a7  LogicAnalyzer_P7                       
000012b5  LogicAnalyzer_P8                       
000012c3  LogicAnalyzer_P9                       
000012d1  LogicAnalyzer_P10                      
000012df  LogicAnalyzer_P27_P26_P82_P92_P104_P105
00001317  Scope                                  
0000139b  PeriodicTask2_Init                     
00001405  T32_INT1_IRQHandler                    
00001405  T32_INT1_IRQHandler                    
00001415  PeriodicTask2_Stop                     
00001425  UART_Init                              
0000147f  UART_InChar                            
0000148f  UART_OutChar                           
000014ab  TExaS_Task0                            
000014b7  TExaS_Task1                            
000014c3  TExaS_Task2                            
000014cf  TExaS_Task3                            
000014db  TExaS_Task4                            
000014dd  TExaS_Task5                            
000014e9  TExaS_Task6                            
000014f5  TExaS_Set                              
0000150d  TExaS_Set0                             
00001519  TExaS_Set1                             
00001525  TExaS_Set2                             
00001531  TExaS_Set3                             
0000153d  TExaS_Set4                             
0000153f  TExaS_Set5                             
0000154b  TExaS_Set6                             
00001557  TExaS_Clear0                           
00001563  TExaS_Clear1                           
0000157d  TExaS_Clear2                           
0000158d  TExaS_Clear3                           
00001599  TExaS_Clear4                           
0000159b  TExaS_Clear5                           
000015b1  TExaS_Clear6                           
000015c9  ADC_Init                               
00001699  TExaS_Init                             
0000180f  TExaS_Stop                             
00001879  PeriodMeasure0                         
000018cd  PeriodMeasure2                         
00001921  Controller                             
00001a65  Collect                                
00001c5d  main                                   
00001d05  Program16_1                            
00001de5  SystemCoreClockUpdate                  
00002059  SystemInit                             
00002381  PWM_Init1                              
000023e5  PWM_Init2                              
00002449  PWM_Init3                              
000024ad  PWM_Duty1                              
000024cd  PWM_Init34                             
000025b1  Clock_Init48MHz                        
000026c7  Clock_GetFreq                          
000026cd  delay                                  
000026db  Clock_Delay1us                         
00002705  Clock_Delay1ms                         
00002961  __aeabi_dsub                           
0000296b  __aeabi_dadd                           
00002b17  __aeabi_idiv0                          
00002b17  __aeabi_ldiv0                          
00002b19  Motor_Init                             
00002b6b  Motor_Stop                             
00002b8b  Motor_Forward                          
00002bbb  Motor_Right                            
00002bf5  Motor_Left                             
00002c2f  Motor_Backward                         
00002c85  ta3dummy                               
00002c91  TimerA3Capture_Init                    
00002d5b  TA3_0_IRQHandler                       
00002d5b  TA3_0_IRQHandler                       
00002d75  TA3_N_IRQHandler                       
00002d75  TA3_N_IRQHandler                       
00002f1d  __aeabi_ddiv                           
00003179  fputs                                  
0000339d  ldexp                                  
0000339d  ldexpl                                 
0000339d  scalbn                                 
0000339d  scalbnl                                
000034ad  aligned_alloc                          
000034ad  memalign                               
000035ad  __aeabi_dmul                           
000036a9  free                                   
0000378d  setvbuf                                
00003869  open                                   
00003925  add_device                             
00003a91  TimerA1_Init                           
00003aef  TimerA1_Stop                           
00003b03  TA1_0_IRQHandler                       
00003b03  TA1_0_IRQHandler                       
00003b39  fopen                                  
00003bd5  __aeabi_memcpy                         
00003bd5  __aeabi_memcpy4                        
00003bd5  __aeabi_memcpy8                        
00003bd5  memcpy                                 
00003c71  __aeabi_uldivmod                       
00003d09  fputc                                  
00003d09  putc                                   
00003d95  __aeabi_cdcmpeq                        
00003d95  __aeabi_cdcmple                        
00003e1b  __aeabi_cdrcmple                       
00003ea1  __aeabi_memclr                         
00003ea1  __aeabi_memclr4                        
00003ea1  __aeabi_memclr8                        
00003ea3  __aeabi_memset                         
00003ea3  __aeabi_memset4                        
00003ea3  __aeabi_memset8                        
00003ea9  memset                                 
00003f1d  Bump_Init                              
00003f51  Bump_Read                              
00003f95  __TI_closefile                         
000040e9  HOSTrename                             
00004155  HOSTlseek                              
000041bd  __TI_decompress_lzss                   
00004225  printf                                 
0000428d  frexp                                  
0000428d  frexpl                                 
000042f1  fseek                                  
00004355  __TI_wrt_ok                            
000043b9  HOSTopen                               
00004419  close                                  
00004475  HOSTread                               
000044cd  HOSTwrite                              
0000457b  __TI_ltoa                              
00004621  __TI_doflush                           
0000466d  atoi                                   
000046b9  exit                                   
00004701  __aeabi_d2iz                           
00004749  HOSTclose                              
0000478d  HOSTunlink                             
000047d1  __TI_auto_init_nobinit_nopinit         
00004815  getdevice                              
00004859  __aeabi_d2uiz                          
000048dd  __TI_writemsg                          
0000490b  C$$IO$$                                
00004915  strncpy                                
0000494d  __TI_cleanup                           
00004981  __TI_readmsg                           
000049b5  _c_int00_noargs                        
000049e9  freopen                                
00004a1d  finddevice                             
00004a4d  __aeabi_i2d                            
00004a7d  remove                                 
00004a7d  unlink                                 
00004ad1  lseek                                  
00004af9  write                                  
00004b21  DisableInterrupts                      
00004b27  EnableInterrupts                       
00004b2d  StartCritical                          
00004b37  EndCritical                            
00004b3f  WaitForInterrupt                       
00004b45  memchr                                 
00004b65  __aeabi_ui2d                           
00004ba1  memccpy                                
00004bbd  copysign                               
00004bbd  copysignl                              
00004bd7  strcmp                                 
00004bef  strchr                                 
00004c05  strcpy                                 
00004c19  strlen                                 
00004c2d  wcslen                                 
00004c3f  __TI_decompress_none                   
00004c4d  Reset_Handler                          
00004c59  ADC14_IRQHandler                       
00004c59  AES256_IRQHandler                      
00004c59  BusFault_Handler                       
00004c59  COMP_E0_IRQHandler                     
00004c59  COMP_E1_IRQHandler                     
00004c59  CS_IRQHandler                          
00004c59  DMA_ERR_IRQHandler                     
00004c59  DMA_INT0_IRQHandler                    
00004c59  DMA_INT1_IRQHandler                    
00004c59  DMA_INT2_IRQHandler                    
00004c59  DMA_INT3_IRQHandler                    
00004c59  DebugMon_Handler                       
00004c59  Default_Handler                        
00004c59  EUSCIA0_IRQHandler                     
00004c59  EUSCIA1_IRQHandler                     
00004c59  EUSCIA2_IRQHandler                     
00004c59  EUSCIA3_IRQHandler                     
00004c59  EUSCIB0_IRQHandler                     
00004c59  EUSCIB1_IRQHandler                     
00004c59  EUSCIB2_IRQHandler                     
00004c59  EUSCIB3_IRQHandler                     
00004c59  FLCTL_IRQHandler                       
00004c59  FPU_IRQHandler                         
00004c59  HardFault_Handler                      
00004c59  MemManage_Handler                      
00004c59  NMI_Handler                            
00004c59  PCM_IRQHandler                         
00004c59  PORT1_IRQHandler                       
00004c59  PORT2_IRQHandler                       
00004c59  PORT3_IRQHandler                       
00004c59  PORT4_IRQHandler                       
00004c59  PORT5_IRQHandler                       
00004c59  PORT6_IRQHandler                       
00004c59  PSS_IRQHandler                         
00004c59  PendSV_Handler                         
00004c59  RTC_C_IRQHandler                       
00004c59  SVC_Handler                            
00004c59  SysTick_Handler                        
00004c59  T32_INT2_IRQHandler                    
00004c59  T32_INTC_IRQHandler                    
00004c59  TA0_0_IRQHandler                       
00004c59  TA0_N_IRQHandler                       
00004c59  TA1_N_IRQHandler                       
00004c59  TA2_0_IRQHandler                       
00004c59  TA2_N_IRQHandler                       
00004c59  UsageFault_Handler                     
00004c59  WDT_A_IRQHandler                       
00004c5b  __TI_zero_init                         
00004c69  __aeabi_errno_addr                     
00004c71  malloc                                 
00004c81  _system_pre_init                       
00004c85  C$$EXIT                                
00004c85  abort                                  
00004c88  _ctypes_                               
00004e08  __TI_Handler_Table_Base                
00004e14  __TI_Handler_Table_Limit               
00004e20  __TI_CINIT_Base                        
00004e30  __TI_CINIT_Limit                       
20000000  SpeedBuffer                            
20000000  __start___llvm_prf_cnts                
20000000  __stop___llvm_prf_cnts                 
200007d0  SpeedBuffer2                           
20000fa0  __CIOBUF_                              
200010c0  __TI_tmpnams                           
20001160  Messageb                               
20001168  parmbuf                                
20001170  Done0                                  
20001174  Done2                                  
20001178  LeftDuty                               
2000117c  Messageindexb                          
20001180  PeriodicTask2                          
20001184  RightDuty                              
20001188  Speedsum0                              
2000118c  Speedsum2                              
20001190  Sum0                                   
20001194  Sum2                                   
20001198  Time                                   
2000119c  TimerA1Task                            
200011a0  UL                                     
200011a4  UR                                     
200011a8  Avg0                                   
200011aa  Avg2                                   
200011ac  AvgPeriod0                             
200011ae  AvgPeriod2                             
200011b0  Count0                                 
200011b2  Count2                                 
200011b4  First0                                 
200011b6  First2                                 
200011b8  Period0                                
200011ba  Period2                                
200011bc  XstarL                                 
200011be  XstarR                                 
200011c0  LogicData                              
200011c8  _sys_memory                            
200015c8  _ftable                                
200016b8  _device                                
20001730  _stream                                
20001780  ClockFrequency                         
20001784  Prewait                                
20001788  CPMwait                                
2000178c  Postwait                               
20001790  IFlags                                 
20001794  Crystalstable                          
20001798  __TI_ft_end                            
2000179c  __aeabi_stdin                          
200017a0  __aeabi_stdout                         
200017a4  __aeabi_stderr                         
200017a8  __TI_cleanup_ptr                       
200017ac  __TI_dtors_ptr                         
200017b0  __TI_enable_exit_profile_output        
200017b4  TExaS_ScopeErrLostData                 
200017b8  TExaS_ScopeErrConflict                 
200017bc  TExaS_ScopeWrnReconfig                 
200017c0  _lock                                  
200017c4  _unlock                                
200017d0  CaptureTask0                           
200017d4  CaptureTask2                           
200017dc  errno                                  
200017e8  SystemCoreClock                        
2000fe00  __stack                                
20010000  __STACK_END                            
4000480c  WDTCTL_SYM                             
ffffffff  __TI_pprof_out_hndl                    
ffffffff  __TI_prof_data_size                    
ffffffff  __TI_prof_data_start                   
ffffffff  __binit__                              
ffffffff  __c_args__                             
ffffffff  binit                                  
UNDEFED   __mpu_init                             
UNDEFED   _system_post_cinit                     

[333 symbols]
