<?xml version="1.0" encoding="ISO-8859-1" ?>
<link_info>
   <banner>TI ARM Linker PC v20.2.5.LTS</banner>
   <copyright>Copyright (c) 1996-2018 Texas Instruments Incorporated</copyright>
   <link_time>0x6683c7b7</link_time>
   <link_errors>0x0</link_errors>
   <output_file>zly_final_0702.out</output_file>
   <entry_point>
      <name>_c_int00_noargs</name>
      <address>0x22c1</address>
   </entry_point>
   <input_file_list>
      <input_file id="fl-2">
         <path>.\</path>
         <kind>object</kind>
         <file>Bump.obj</file>
         <name>Bump.obj</name>
      </input_file>
      <input_file id="fl-3">
         <path>.\</path>
         <kind>object</kind>
         <file>Clock.obj</file>
         <name>Clock.obj</name>
      </input_file>
      <input_file id="fl-4">
         <path>.\</path>
         <kind>object</kind>
         <file>CortexM.obj</file>
         <name>CortexM.obj</name>
      </input_file>
      <input_file id="fl-5">
         <path>.\</path>
         <kind>object</kind>
         <file>FlashProgram.obj</file>
         <name>FlashProgram.obj</name>
      </input_file>
      <input_file id="fl-6">
         <path>.\</path>
         <kind>object</kind>
         <file>JN_LCD.obj</file>
         <name>JN_LCD.obj</name>
      </input_file>
      <input_file id="fl-7">
         <path>.\</path>
         <kind>object</kind>
         <file>LaunchPad.obj</file>
         <name>LaunchPad.obj</name>
      </input_file>
      <input_file id="fl-8">
         <path>.\</path>
         <kind>object</kind>
         <file>Motor.obj</file>
         <name>Motor.obj</name>
      </input_file>
      <input_file id="fl-9">
         <path>.\</path>
         <kind>object</kind>
         <file>PWM.obj</file>
         <name>PWM.obj</name>
      </input_file>
      <input_file id="fl-a">
         <path>.\</path>
         <kind>object</kind>
         <file>SysTick.obj</file>
         <name>SysTick.obj</name>
      </input_file>
      <input_file id="fl-b">
         <path>.\</path>
         <kind>object</kind>
         <file>TA3InputCapture.obj</file>
         <name>TA3InputCapture.obj</name>
      </input_file>
      <input_file id="fl-c">
         <path>.\</path>
         <kind>object</kind>
         <file>TExaS.obj</file>
         <name>TExaS.obj</name>
      </input_file>
      <input_file id="fl-d">
         <path>.\</path>
         <kind>object</kind>
         <file>Tachometer.obj</file>
         <name>Tachometer.obj</name>
      </input_file>
      <input_file id="fl-e">
         <path>.\</path>
         <kind>object</kind>
         <file>TimerA1.obj</file>
         <name>TimerA1.obj</name>
      </input_file>
      <input_file id="fl-f">
         <path>.\</path>
         <kind>object</kind>
         <file>UART0.obj</file>
         <name>UART0.obj</name>
      </input_file>
      <input_file id="fl-10">
         <path>.\</path>
         <kind>object</kind>
         <file>startup_msp432p401r_ccs.obj</file>
         <name>startup_msp432p401r_ccs.obj</name>
      </input_file>
      <input_file id="fl-11">
         <path>.\</path>
         <kind>object</kind>
         <file>system_msp432p401r.obj</file>
         <name>system_msp432p401r.obj</name>
      </input_file>
      <input_file id="fl-12">
         <path>.\</path>
         <kind>object</kind>
         <file>zly_main.obj</file>
         <name>zly_main.obj</name>
      </input_file>
      <input_file id="fl-16">
         <kind>object</kind>
         <file>&lt;internal&gt;</file>
         <name>&lt;internal&gt;</name>
      </input_file>
      <input_file id="fl-cc">
         <path>C:\ti\ccs1040\ccs\tools\compiler\ti-cgt-arm_20.2.5.LTS\lib\</path>
         <kind>archive</kind>
         <file>rtsv7M4_T_le_v4SPD16_eabi.lib</file>
         <name>fopen.c.obj</name>
      </input_file>
      <input_file id="fl-cd">
         <path>C:\ti\ccs1040\ccs\tools\compiler\ti-cgt-arm_20.2.5.LTS\lib\</path>
         <kind>archive</kind>
         <file>rtsv7M4_T_le_v4SPD16_eabi.lib</file>
         <name>setvbuf.c.obj</name>
      </input_file>
      <input_file id="fl-ce">
         <path>C:\ti\ccs1040\ccs\tools\compiler\ti-cgt-arm_20.2.5.LTS\lib\</path>
         <kind>archive</kind>
         <file>rtsv7M4_T_le_v4SPD16_eabi.lib</file>
         <name>memset_t2.asm.obj</name>
      </input_file>
      <input_file id="fl-cf">
         <path>C:\ti\ccs1040\ccs\tools\compiler\ti-cgt-arm_20.2.5.LTS\lib\</path>
         <kind>archive</kind>
         <file>rtsv7M4_T_le_v4SPD16_eabi.lib</file>
         <name>copy_zero_init.c.obj</name>
      </input_file>
      <input_file id="fl-d0">
         <path>C:\ti\ccs1040\ccs\tools\compiler\ti-cgt-arm_20.2.5.LTS\lib\</path>
         <kind>archive</kind>
         <file>rtsv7M4_T_le_v4SPD16_eabi.lib</file>
         <name>copy_decompress_none.c.obj</name>
      </input_file>
      <input_file id="fl-d1">
         <path>C:\ti\ccs1040\ccs\tools\compiler\ti-cgt-arm_20.2.5.LTS\lib\</path>
         <kind>archive</kind>
         <file>rtsv7M4_T_le_v4SPD16_eabi.lib</file>
         <name>copy_decompress_lzss.c.obj</name>
      </input_file>
      <input_file id="fl-d2">
         <path>C:\ti\ccs1040\ccs\tools\compiler\ti-cgt-arm_20.2.5.LTS\lib\</path>
         <kind>archive</kind>
         <file>rtsv7M4_T_le_v4SPD16_eabi.lib</file>
         <name>exit.c.obj</name>
      </input_file>
      <input_file id="fl-d3">
         <path>C:\ti\ccs1040\ccs\tools\compiler\ti-cgt-arm_20.2.5.LTS\lib\</path>
         <kind>archive</kind>
         <file>rtsv7M4_T_le_v4SPD16_eabi.lib</file>
         <name>_lock.c.obj</name>
      </input_file>
      <input_file id="fl-d4">
         <path>C:\ti\ccs1040\ccs\tools\compiler\ti-cgt-arm_20.2.5.LTS\lib\</path>
         <kind>archive</kind>
         <file>rtsv7M4_T_le_v4SPD16_eabi.lib</file>
         <name>defs.c.obj</name>
      </input_file>
      <input_file id="fl-d5">
         <path>C:\ti\ccs1040\ccs\tools\compiler\ti-cgt-arm_20.2.5.LTS\lib\</path>
         <kind>archive</kind>
         <file>rtsv7M4_T_le_v4SPD16_eabi.lib</file>
         <name>memory.c.obj</name>
      </input_file>
      <input_file id="fl-d6">
         <path>C:\ti\ccs1040\ccs\tools\compiler\ti-cgt-arm_20.2.5.LTS\lib\</path>
         <kind>archive</kind>
         <file>rtsv7M4_T_le_v4SPD16_eabi.lib</file>
         <name>boot_cortex_m.c.obj</name>
      </input_file>
      <input_file id="fl-d7">
         <path>C:\ti\ccs1040\ccs\tools\compiler\ti-cgt-arm_20.2.5.LTS\lib\</path>
         <kind>archive</kind>
         <file>rtsv7M4_T_le_v4SPD16_eabi.lib</file>
         <name>open.c.obj</name>
      </input_file>
      <input_file id="fl-d8">
         <path>C:\ti\ccs1040\ccs\tools\compiler\ti-cgt-arm_20.2.5.LTS\lib\</path>
         <kind>archive</kind>
         <file>rtsv7M4_T_le_v4SPD16_eabi.lib</file>
         <name>add_device.c.obj</name>
      </input_file>
      <input_file id="fl-d9">
         <path>C:\ti\ccs1040\ccs\tools\compiler\ti-cgt-arm_20.2.5.LTS\lib\</path>
         <kind>archive</kind>
         <file>rtsv7M4_T_le_v4SPD16_eabi.lib</file>
         <name>fclose.c.obj</name>
      </input_file>
      <input_file id="fl-da">
         <path>C:\ti\ccs1040\ccs\tools\compiler\ti-cgt-arm_20.2.5.LTS\lib\</path>
         <kind>archive</kind>
         <file>rtsv7M4_T_le_v4SPD16_eabi.lib</file>
         <name>fflush.c.obj</name>
      </input_file>
      <input_file id="fl-db">
         <path>C:\ti\ccs1040\ccs\tools\compiler\ti-cgt-arm_20.2.5.LTS\lib\</path>
         <kind>archive</kind>
         <file>rtsv7M4_T_le_v4SPD16_eabi.lib</file>
         <name>getdevice.c.obj</name>
      </input_file>
      <input_file id="fl-dc">
         <path>C:\ti\ccs1040\ccs\tools\compiler\ti-cgt-arm_20.2.5.LTS\lib\</path>
         <kind>archive</kind>
         <file>rtsv7M4_T_le_v4SPD16_eabi.lib</file>
         <name>memcpy_t2.asm.obj</name>
      </input_file>
      <input_file id="fl-dd">
         <path>C:\ti\ccs1040\ccs\tools\compiler\ti-cgt-arm_20.2.5.LTS\lib\</path>
         <kind>archive</kind>
         <file>rtsv7M4_T_le_v4SPD16_eabi.lib</file>
         <name>autoinit.c.obj</name>
      </input_file>
      <input_file id="fl-de">
         <path>C:\ti\ccs1040\ccs\tools\compiler\ti-cgt-arm_20.2.5.LTS\lib\</path>
         <kind>archive</kind>
         <file>rtsv7M4_T_le_v4SPD16_eabi.lib</file>
         <name>pre_init.c.obj</name>
      </input_file>
      <input_file id="fl-df">
         <path>C:\ti\ccs1040\ccs\tools\compiler\ti-cgt-arm_20.2.5.LTS\lib\</path>
         <kind>archive</kind>
         <file>rtsv7M4_T_le_v4SPD16_eabi.lib</file>
         <name>cpy_tbl.c.obj</name>
      </input_file>
      <input_file id="fl-e0">
         <path>C:\ti\ccs1040\ccs\tools\compiler\ti-cgt-arm_20.2.5.LTS\lib\</path>
         <kind>archive</kind>
         <file>rtsv7M4_T_le_v4SPD16_eabi.lib</file>
         <name>args_main.c.obj</name>
      </input_file>
      <input_file id="fl-e1">
         <path>C:\ti\ccs1040\ccs\tools\compiler\ti-cgt-arm_20.2.5.LTS\lib\</path>
         <kind>archive</kind>
         <file>rtsv7M4_T_le_v4SPD16_eabi.lib</file>
         <name>strchr.c.obj</name>
      </input_file>
      <input_file id="fl-e2">
         <path>C:\ti\ccs1040\ccs\tools\compiler\ti-cgt-arm_20.2.5.LTS\lib\</path>
         <kind>archive</kind>
         <file>rtsv7M4_T_le_v4SPD16_eabi.lib</file>
         <name>strcmp.c.obj</name>
      </input_file>
      <input_file id="fl-e3">
         <path>C:\ti\ccs1040\ccs\tools\compiler\ti-cgt-arm_20.2.5.LTS\lib\</path>
         <kind>archive</kind>
         <file>rtsv7M4_T_le_v4SPD16_eabi.lib</file>
         <name>strncpy.c.obj</name>
      </input_file>
      <input_file id="fl-e4">
         <path>C:\ti\ccs1040\ccs\tools\compiler\ti-cgt-arm_20.2.5.LTS\lib\</path>
         <kind>archive</kind>
         <file>rtsv7M4_T_le_v4SPD16_eabi.lib</file>
         <name>write.c.obj</name>
      </input_file>
      <input_file id="fl-e5">
         <path>C:\ti\ccs1040\ccs\tools\compiler\ti-cgt-arm_20.2.5.LTS\lib\</path>
         <kind>archive</kind>
         <file>rtsv7M4_T_le_v4SPD16_eabi.lib</file>
         <name>host_device.c.obj</name>
      </input_file>
      <input_file id="fl-e6">
         <path>C:\ti\ccs1040\ccs\tools\compiler\ti-cgt-arm_20.2.5.LTS\lib\</path>
         <kind>archive</kind>
         <file>rtsv7M4_T_le_v4SPD16_eabi.lib</file>
         <name>remove.c.obj</name>
      </input_file>
      <input_file id="fl-e7">
         <path>C:\ti\ccs1040\ccs\tools\compiler\ti-cgt-arm_20.2.5.LTS\lib\</path>
         <kind>archive</kind>
         <file>rtsv7M4_T_le_v4SPD16_eabi.lib</file>
         <name>close.c.obj</name>
      </input_file>
      <input_file id="fl-e8">
         <path>C:\ti\ccs1040\ccs\tools\compiler\ti-cgt-arm_20.2.5.LTS\lib\</path>
         <kind>archive</kind>
         <file>rtsv7M4_T_le_v4SPD16_eabi.lib</file>
         <name>unlink.c.obj</name>
      </input_file>
      <input_file id="fl-e9">
         <path>C:\ti\ccs1040\ccs\tools\compiler\ti-cgt-arm_20.2.5.LTS\lib\</path>
         <kind>archive</kind>
         <file>rtsv7M4_T_le_v4SPD16_eabi.lib</file>
         <name>hostclose.c.obj</name>
      </input_file>
      <input_file id="fl-ea">
         <path>C:\ti\ccs1040\ccs\tools\compiler\ti-cgt-arm_20.2.5.LTS\lib\</path>
         <kind>archive</kind>
         <file>rtsv7M4_T_le_v4SPD16_eabi.lib</file>
         <name>hostlseek.c.obj</name>
      </input_file>
      <input_file id="fl-eb">
         <path>C:\ti\ccs1040\ccs\tools\compiler\ti-cgt-arm_20.2.5.LTS\lib\</path>
         <kind>archive</kind>
         <file>rtsv7M4_T_le_v4SPD16_eabi.lib</file>
         <name>hostopen.c.obj</name>
      </input_file>
      <input_file id="fl-ec">
         <path>C:\ti\ccs1040\ccs\tools\compiler\ti-cgt-arm_20.2.5.LTS\lib\</path>
         <kind>archive</kind>
         <file>rtsv7M4_T_le_v4SPD16_eabi.lib</file>
         <name>hostread.c.obj</name>
      </input_file>
      <input_file id="fl-ed">
         <path>C:\ti\ccs1040\ccs\tools\compiler\ti-cgt-arm_20.2.5.LTS\lib\</path>
         <kind>archive</kind>
         <file>rtsv7M4_T_le_v4SPD16_eabi.lib</file>
         <name>hostrename.c.obj</name>
      </input_file>
      <input_file id="fl-ee">
         <path>C:\ti\ccs1040\ccs\tools\compiler\ti-cgt-arm_20.2.5.LTS\lib\</path>
         <kind>archive</kind>
         <file>rtsv7M4_T_le_v4SPD16_eabi.lib</file>
         <name>hostunlink.c.obj</name>
      </input_file>
      <input_file id="fl-ef">
         <path>C:\ti\ccs1040\ccs\tools\compiler\ti-cgt-arm_20.2.5.LTS\lib\</path>
         <kind>archive</kind>
         <file>rtsv7M4_T_le_v4SPD16_eabi.lib</file>
         <name>hostwrite.c.obj</name>
      </input_file>
      <input_file id="fl-f0">
         <path>C:\ti\ccs1040\ccs\tools\compiler\ti-cgt-arm_20.2.5.LTS\lib\</path>
         <kind>archive</kind>
         <file>rtsv7M4_T_le_v4SPD16_eabi.lib</file>
         <name>trgmsg.c.obj</name>
      </input_file>
      <input_file id="fl-f1">
         <path>C:\ti\ccs1040\ccs\tools\compiler\ti-cgt-arm_20.2.5.LTS\lib\</path>
         <kind>archive</kind>
         <file>rtsv7M4_T_le_v4SPD16_eabi.lib</file>
         <name>strcpy.c.obj</name>
      </input_file>
      <input_file id="fl-f2">
         <path>C:\ti\ccs1040\ccs\tools\compiler\ti-cgt-arm_20.2.5.LTS\lib\</path>
         <kind>archive</kind>
         <file>rtsv7M4_T_le_v4SPD16_eabi.lib</file>
         <name>strlen.c.obj</name>
      </input_file>
   </input_file_list>
   <object_component_list>
      <object_component id="oc-26">
         <name>.intvecs:retain</name>
         <load_address>0x0</load_address>
         <run_address>0x0</run_address>
         <size>0xe4</size>
         <input_file_ref idref="fl-10"/>
      </object_component>
      <object_component id="oc-115">
         <name>.text</name>
         <load_address>0xe4</load_address>
         <run_address>0xe4</run_address>
         <size>0xc4c</size>
         <input_file_ref idref="fl-6"/>
      </object_component>
      <object_component id="oc-7c">
         <name>.text</name>
         <load_address>0xd30</load_address>
         <run_address>0xd30</run_address>
         <size>0x688</size>
         <input_file_ref idref="fl-c"/>
      </object_component>
      <object_component id="oc-be">
         <name>.text</name>
         <load_address>0x13b8</load_address>
         <run_address>0x13b8</run_address>
         <size>0x32c</size>
         <input_file_ref idref="fl-11"/>
      </object_component>
      <object_component id="oc-182">
         <name>.text</name>
         <load_address>0x16e4</load_address>
         <run_address>0x16e4</run_address>
         <size>0x230</size>
         <input_file_ref idref="fl-9"/>
      </object_component>
      <object_component id="oc-103">
         <name>.text</name>
         <load_address>0x1914</load_address>
         <run_address>0x1914</run_address>
         <size>0x1e0</size>
         <input_file_ref idref="fl-3"/>
      </object_component>
      <object_component id="oc-ac">
         <name>.text</name>
         <load_address>0x1af4</load_address>
         <run_address>0x1af4</run_address>
         <size>0x1a0</size>
         <input_file_ref idref="fl-12"/>
      </object_component>
      <object_component id="oc-10f">
         <name>.text</name>
         <load_address>0x1c94</load_address>
         <run_address>0x1c94</run_address>
         <size>0x16c</size>
         <input_file_ref idref="fl-8"/>
      </object_component>
      <object_component id="oc-76">
         <name>.text</name>
         <load_address>0x1e00</load_address>
         <run_address>0x1e00</run_address>
         <size>0x15c</size>
         <input_file_ref idref="fl-b"/>
      </object_component>
      <object_component id="oc-109">
         <name>.text</name>
         <load_address>0x1f5c</load_address>
         <run_address>0x1f5c</run_address>
         <size>0xf8</size>
         <input_file_ref idref="fl-7"/>
      </object_component>
      <object_component id="oc-70">
         <name>.text</name>
         <load_address>0x2054</load_address>
         <run_address>0x2054</run_address>
         <size>0xa8</size>
         <input_file_ref idref="fl-e"/>
      </object_component>
      <object_component id="oc-3a">
         <name>.text</name>
         <load_address>0x20fc</load_address>
         <run_address>0x20fc</run_address>
         <size>0x9c</size>
         <input_file_ref idref="fl-dc"/>
      </object_component>
      <object_component id="oc-a0">
         <name>.text</name>
         <load_address>0x2198</load_address>
         <run_address>0x2198</run_address>
         <size>0x7a</size>
         <input_file_ref idref="fl-ce"/>
      </object_component>
      <object_component id="oc-17">
         <name>.text:decompress:lzss:__TI_decompress_lzss</name>
         <load_address>0x2212</load_address>
         <run_address>0x2212</run_address>
         <size>0x68</size>
         <input_file_ref idref="fl-d1"/>
      </object_component>
      <object_component id="oc-12d">
         <name>.text:__TI_auto_init_nobinit_nopinit:__TI_auto_init_nobinit_nopinit</name>
         <load_address>0x227c</load_address>
         <run_address>0x227c</run_address>
         <size>0x44</size>
         <input_file_ref idref="fl-dd"/>
      </object_component>
      <object_component id="oc-58">
         <name>.text:_c_int00_noargs:_c_int00_noargs</name>
         <load_address>0x22c0</load_address>
         <run_address>0x22c0</run_address>
         <size>0x34</size>
         <input_file_ref idref="fl-d6"/>
      </object_component>
      <object_component id="oc-1d">
         <name>.text:decompress:none:__TI_decompress_none</name>
         <load_address>0x22f4</load_address>
         <run_address>0x22f4</run_address>
         <size>0xe</size>
         <input_file_ref idref="fl-d0"/>
      </object_component>
      <object_component id="oc-6a">
         <name>.text</name>
         <load_address>0x2302</load_address>
         <run_address>0x2302</run_address>
         <size>0xe</size>
         <input_file_ref idref="fl-10"/>
      </object_component>
      <object_component id="oc-4c">
         <name>.text:decompress:ZI:__TI_zero_init</name>
         <load_address>0x2310</load_address>
         <run_address>0x2310</run_address>
         <size>0xc</size>
         <input_file_ref idref="fl-cf"/>
      </object_component>
      <object_component id="oc-a6">
         <name>.text:_system_pre_init</name>
         <load_address>0x231c</load_address>
         <run_address>0x231c</run_address>
         <size>0x4</size>
         <input_file_ref idref="fl-de"/>
      </object_component>
      <object_component id="oc-121">
         <name>.text:abort:abort</name>
         <load_address>0x2320</load_address>
         <run_address>0x2320</run_address>
         <size>0x4</size>
         <input_file_ref idref="fl-d2"/>
      </object_component>
      <object_component id="oc-18c">
         <name>.const:ASCII</name>
         <load_address>0x2324</load_address>
         <run_address>0x2324</run_address>
         <size>0x1e0</size>
         <input_file_ref idref="fl-6"/>
      </object_component>
      <object_component id="oc-195">
         <name>.const:Str_USB_08x16</name>
         <load_address>0x2504</load_address>
         <run_address>0x2504</run_address>
         <size>0x80</size>
         <input_file_ref idref="fl-6"/>
      </object_component>
      <object_component id="oc-192">
         <name>.const:.string:Masks</name>
         <load_address>0x2584</load_address>
         <run_address>0x2584</run_address>
         <size>0x8</size>
         <input_file_ref idref="fl-6"/>
      </object_component>
      <object_component id="oc-23c">
         <name>.cinit..data.load</name>
         <load_address>0x2590</load_address>
         <run_address>0x2590</run_address>
         <size>0x93</size>
      </object_component>
      <object_component id="oc-23a">
         <name>__TI_handler_table</name>
         <load_address>0x2624</load_address>
         <run_address>0x2624</run_address>
         <size>0xc</size>
      </object_component>
      <object_component id="oc-23d">
         <name>.cinit..bss.load</name>
         <load_address>0x2630</load_address>
         <run_address>0x2630</run_address>
         <size>0x8</size>
      </object_component>
      <object_component id="oc-23b">
         <name>__TI_cinit_table</name>
         <load_address>0x2638</load_address>
         <run_address>0x2638</run_address>
         <size>0x10</size>
      </object_component>
      <object_component id="oc-20e">
         <name>.binit</name>
         <load_address>0x0</load_address>
         <run_address>0x0</run_address>
         <size>0x0</size>
      </object_component>
      <object_component id="oc-17d">
         <name>.data</name>
         <load_address>0x20000920</load_address>
         <run_address>0x20000920</run_address>
         <size>0x18</size>
         <input_file_ref idref="fl-3"/>
      </object_component>
      <object_component id="oc-198">
         <name>.data:JN_Log</name>
         <load_address>0x20000810</load_address>
         <run_address>0x20000810</run_address>
         <size>0x10e</size>
         <input_file_ref idref="fl-6"/>
      </object_component>
      <object_component id="oc-189">
         <name>.data</name>
         <load_address>0x20000960</load_address>
         <run_address>0x20000960</run_address>
         <size>0x4</size>
         <input_file_ref idref="fl-6"/>
      </object_component>
      <object_component id="oc-ce">
         <name>.data</name>
         <load_address>0x20000958</load_address>
         <run_address>0x20000958</run_address>
         <size>0x8</size>
         <input_file_ref idref="fl-b"/>
      </object_component>
      <object_component id="oc-d6">
         <name>.data</name>
         <load_address>0x2000094c</load_address>
         <run_address>0x2000094c</run_address>
         <size>0xc</size>
         <input_file_ref idref="fl-c"/>
      </object_component>
      <object_component id="oc-15f">
         <name>.data</name>
         <load_address>0x20000964</load_address>
         <run_address>0x20000964</run_address>
         <size>0x4</size>
         <input_file_ref idref="fl-11"/>
      </object_component>
      <object_component id="oc-11b">
         <name>.data</name>
         <load_address>0x20000938</load_address>
         <run_address>0x20000938</run_address>
         <size>0x12</size>
         <input_file_ref idref="fl-12"/>
      </object_component>
      <object_component id="oc-18f">
         <name>.common:Screen</name>
         <uninitialized>true</uninitialized>
         <run_address>0x20000000</run_address>
         <size>0x400</size>
      </object_component>
      <object_component id="oc-d3">
         <name>.common:LogicData</name>
         <uninitialized>true</uninitialized>
         <run_address>0x2000040c</run_address>
         <size>0x1</size>
      </object_component>
      <object_component id="oc-d9">
         <name>.common:PeriodicTask2</name>
         <uninitialized>true</uninitialized>
         <run_address>0x20000400</run_address>
         <size>0x4</size>
      </object_component>
      <object_component id="oc-c5">
         <name>.common:TimerA1Task</name>
         <uninitialized>true</uninitialized>
         <run_address>0x20000404</run_address>
         <size>0x4</size>
      </object_component>
      <object_component id="oc-11c">
         <name>.common:AvgPeriod0</name>
         <uninitialized>true</uninitialized>
         <run_address>0x20000408</run_address>
         <size>0x2</size>
      </object_component>
      <object_component id="oc-11f">
         <name>.common:AvgPeriod2</name>
         <uninitialized>true</uninitialized>
         <run_address>0x2000040a</run_address>
         <size>0x2</size>
      </object_component>
      <object_component id="oc-29">
         <name>.sysmem</name>
         <uninitialized>true</uninitialized>
         <run_address>0x20000410</run_address>
         <size>0x10</size>
         <input_file_ref idref="fl-d5"/>
      </object_component>
      <object_component id="oc-240">
         <name>.sysmem</name>
         <uninitialized>true</uninitialized>
         <run_address>0x20000410</run_address>
         <size>0x0</size>
      </object_component>
      <object_component id="oc-2c">
         <name>.stack</name>
         <uninitialized>true</uninitialized>
         <run_address>0x2000fe00</run_address>
         <size>0x4</size>
         <input_file_ref idref="fl-d6"/>
      </object_component>
      <object_component id="oc-23f">
         <name>.stack</name>
         <uninitialized>true</uninitialized>
         <run_address>0x2000fe00</run_address>
         <size>0x0</size>
      </object_component>
      <object_component id="oc-17c">
         <name>.debug_info</name>
         <load_address>0x0</load_address>
         <run_address>0x0</run_address>
         <size>0x54e</size>
         <input_file_ref idref="fl-2"/>
      </object_component>
      <object_component id="oc-165">
         <name>.debug_info</name>
         <load_address>0x54e</load_address>
         <run_address>0x54e</run_address>
         <size>0x37e2</size>
         <input_file_ref idref="fl-2"/>
      </object_component>
      <object_component id="oc-e2">
         <name>.debug_info</name>
         <load_address>0x3d30</load_address>
         <run_address>0x3d30</run_address>
         <size>0x26b</size>
         <input_file_ref idref="fl-2"/>
      </object_component>
      <object_component id="oc-16a">
         <name>.debug_info</name>
         <load_address>0x3f9b</load_address>
         <run_address>0x3f9b</run_address>
         <size>0x1055</size>
         <input_file_ref idref="fl-2"/>
      </object_component>
      <object_component id="oc-35">
         <name>.debug_info</name>
         <load_address>0x4ff0</load_address>
         <run_address>0x4ff0</run_address>
         <size>0x84</size>
         <input_file_ref idref="fl-2"/>
      </object_component>
      <object_component id="oc-16f">
         <name>.debug_info</name>
         <load_address>0x5074</load_address>
         <run_address>0x5074</run_address>
         <size>0x2a4</size>
         <input_file_ref idref="fl-2"/>
      </object_component>
      <object_component id="oc-c9">
         <name>.debug_info</name>
         <load_address>0x5318</load_address>
         <run_address>0x5318</run_address>
         <size>0xbb</size>
         <input_file_ref idref="fl-2"/>
      </object_component>
      <object_component id="oc-17e">
         <name>.debug_info</name>
         <load_address>0x53d3</load_address>
         <run_address>0x53d3</run_address>
         <size>0x1ab</size>
         <input_file_ref idref="fl-3"/>
      </object_component>
      <object_component id="oc-104">
         <name>.debug_info</name>
         <load_address>0x557e</load_address>
         <run_address>0x557e</run_address>
         <size>0x44b</size>
         <input_file_ref idref="fl-3"/>
      </object_component>
      <object_component id="oc-190">
         <name>.debug_info</name>
         <load_address>0x59c9</load_address>
         <run_address>0x59c9</run_address>
         <size>0x64f</size>
         <input_file_ref idref="fl-6"/>
      </object_component>
      <object_component id="oc-18d">
         <name>.debug_info</name>
         <load_address>0x6018</load_address>
         <run_address>0x6018</run_address>
         <size>0xf2</size>
         <input_file_ref idref="fl-6"/>
      </object_component>
      <object_component id="oc-196">
         <name>.debug_info</name>
         <load_address>0x610a</load_address>
         <run_address>0x610a</run_address>
         <size>0x103</size>
         <input_file_ref idref="fl-6"/>
      </object_component>
      <object_component id="oc-199">
         <name>.debug_info</name>
         <load_address>0x620d</load_address>
         <run_address>0x620d</run_address>
         <size>0xf5</size>
         <input_file_ref idref="fl-6"/>
      </object_component>
      <object_component id="oc-18a">
         <name>.debug_info</name>
         <load_address>0x6302</load_address>
         <run_address>0x6302</run_address>
         <size>0x102</size>
         <input_file_ref idref="fl-6"/>
      </object_component>
      <object_component id="oc-193">
         <name>.debug_info</name>
         <load_address>0x6404</load_address>
         <run_address>0x6404</run_address>
         <size>0xf4</size>
         <input_file_ref idref="fl-6"/>
      </object_component>
      <object_component id="oc-116">
         <name>.debug_info</name>
         <load_address>0x64f8</load_address>
         <run_address>0x64f8</run_address>
         <size>0x1950</size>
         <input_file_ref idref="fl-6"/>
      </object_component>
      <object_component id="oc-1d0">
         <name>.debug_info</name>
         <load_address>0x7e48</load_address>
         <run_address>0x7e48</run_address>
         <size>0xcc</size>
         <input_file_ref idref="fl-6"/>
      </object_component>
      <object_component id="oc-19e">
         <name>.debug_info</name>
         <load_address>0x7f14</load_address>
         <run_address>0x7f14</run_address>
         <size>0x35</size>
         <input_file_ref idref="fl-6"/>
      </object_component>
      <object_component id="oc-10b">
         <name>.debug_info</name>
         <load_address>0x7f49</load_address>
         <run_address>0x7f49</run_address>
         <size>0x3c5</size>
         <input_file_ref idref="fl-7"/>
      </object_component>
      <object_component id="oc-113">
         <name>.debug_info</name>
         <load_address>0x830e</load_address>
         <run_address>0x830e</run_address>
         <size>0x659</size>
         <input_file_ref idref="fl-8"/>
      </object_component>
      <object_component id="oc-184">
         <name>.debug_info</name>
         <load_address>0x8967</load_address>
         <run_address>0x8967</run_address>
         <size>0x534</size>
         <input_file_ref idref="fl-9"/>
      </object_component>
      <object_component id="oc-d2">
         <name>.debug_info</name>
         <load_address>0x8e9b</load_address>
         <run_address>0x8e9b</run_address>
         <size>0x56b</size>
         <input_file_ref idref="fl-b"/>
      </object_component>
      <object_component id="oc-cf">
         <name>.debug_info</name>
         <load_address>0x9406</load_address>
         <run_address>0x9406</run_address>
         <size>0x133</size>
         <input_file_ref idref="fl-b"/>
      </object_component>
      <object_component id="oc-7a">
         <name>.debug_info</name>
         <load_address>0x9539</load_address>
         <run_address>0x9539</run_address>
         <size>0x426</size>
         <input_file_ref idref="fl-b"/>
      </object_component>
      <object_component id="oc-d4">
         <name>.debug_info</name>
         <load_address>0x995f</load_address>
         <run_address>0x995f</run_address>
         <size>0x5aa</size>
         <input_file_ref idref="fl-c"/>
      </object_component>
      <object_component id="oc-d7">
         <name>.debug_info</name>
         <load_address>0x9f09</load_address>
         <run_address>0x9f09</run_address>
         <size>0x18e</size>
         <input_file_ref idref="fl-c"/>
      </object_component>
      <object_component id="oc-7d">
         <name>.debug_info</name>
         <load_address>0xa097</load_address>
         <run_address>0xa097</run_address>
         <size>0x20a3</size>
         <input_file_ref idref="fl-c"/>
      </object_component>
      <object_component id="oc-db">
         <name>.debug_info</name>
         <load_address>0xc13a</load_address>
         <run_address>0xc13a</run_address>
         <size>0xbd</size>
         <input_file_ref idref="fl-c"/>
      </object_component>
      <object_component id="oc-c6">
         <name>.debug_info</name>
         <load_address>0xc1f7</load_address>
         <run_address>0xc1f7</run_address>
         <size>0x580</size>
         <input_file_ref idref="fl-e"/>
      </object_component>
      <object_component id="oc-71">
         <name>.debug_info</name>
         <load_address>0xc777</load_address>
         <run_address>0xc777</run_address>
         <size>0x315</size>
         <input_file_ref idref="fl-e"/>
      </object_component>
      <object_component id="oc-84">
         <name>.debug_info</name>
         <load_address>0xca8c</load_address>
         <run_address>0xca8c</run_address>
         <size>0x2c8</size>
         <input_file_ref idref="fl-10"/>
      </object_component>
      <object_component id="oc-27">
         <name>.debug_info</name>
         <load_address>0xcd54</load_address>
         <run_address>0xcd54</run_address>
         <size>0xf4</size>
         <input_file_ref idref="fl-10"/>
      </object_component>
      <object_component id="oc-6e">
         <name>.debug_info</name>
         <load_address>0xce48</load_address>
         <run_address>0xce48</run_address>
         <size>0x1bb</size>
         <input_file_ref idref="fl-10"/>
      </object_component>
      <object_component id="oc-160">
         <name>.debug_info</name>
         <load_address>0xd003</load_address>
         <run_address>0xd003</run_address>
         <size>0xed</size>
         <input_file_ref idref="fl-11"/>
      </object_component>
      <object_component id="oc-c0">
         <name>.debug_info</name>
         <load_address>0xd0f0</load_address>
         <run_address>0xd0f0</run_address>
         <size>0x25f</size>
         <input_file_ref idref="fl-11"/>
      </object_component>
      <object_component id="oc-11d">
         <name>.debug_info</name>
         <load_address>0xd34f</load_address>
         <run_address>0xd34f</run_address>
         <size>0x76d</size>
         <input_file_ref idref="fl-12"/>
      </object_component>
      <object_component id="oc-b0">
         <name>.debug_info</name>
         <load_address>0xdabc</load_address>
         <run_address>0xdabc</run_address>
         <size>0x4a5</size>
         <input_file_ref idref="fl-12"/>
      </object_component>
      <object_component id="oc-fa">
         <name>.debug_info</name>
         <load_address>0xdf61</load_address>
         <run_address>0xdf61</run_address>
         <size>0x2c</size>
         <input_file_ref idref="fl-12"/>
      </object_component>
      <object_component id="oc-e9">
         <name>.debug_info</name>
         <load_address>0xdf8d</load_address>
         <run_address>0xdf8d</run_address>
         <size>0x2c</size>
         <input_file_ref idref="fl-cc"/>
      </object_component>
      <object_component id="oc-a1">
         <name>.debug_info</name>
         <load_address>0xdfb9</load_address>
         <run_address>0xdfb9</run_address>
         <size>0x147</size>
         <input_file_ref idref="fl-ce"/>
      </object_component>
      <object_component id="oc-9f">
         <name>.debug_info</name>
         <load_address>0xe100</load_address>
         <run_address>0xe100</run_address>
         <size>0x2d4</size>
         <input_file_ref idref="fl-cf"/>
      </object_component>
      <object_component id="oc-4d">
         <name>.debug_info</name>
         <load_address>0xe3d4</load_address>
         <run_address>0xe3d4</run_address>
         <size>0x1b5</size>
         <input_file_ref idref="fl-cf"/>
      </object_component>
      <object_component id="oc-9a">
         <name>.debug_info</name>
         <load_address>0xe589</load_address>
         <run_address>0xe589</run_address>
         <size>0x46</size>
         <input_file_ref idref="fl-cf"/>
      </object_component>
      <object_component id="oc-45">
         <name>.debug_info</name>
         <load_address>0xe5cf</load_address>
         <run_address>0xe5cf</run_address>
         <size>0x2a8</size>
         <input_file_ref idref="fl-d0"/>
      </object_component>
      <object_component id="oc-20">
         <name>.debug_info</name>
         <load_address>0xe877</load_address>
         <run_address>0xe877</run_address>
         <size>0x1ea</size>
         <input_file_ref idref="fl-d0"/>
      </object_component>
      <object_component id="oc-40">
         <name>.debug_info</name>
         <load_address>0xea61</load_address>
         <run_address>0xea61</run_address>
         <size>0x46</size>
         <input_file_ref idref="fl-d0"/>
      </object_component>
      <object_component id="oc-92">
         <name>.debug_info</name>
         <load_address>0xeaa7</load_address>
         <run_address>0xeaa7</run_address>
         <size>0x2c</size>
         <input_file_ref idref="fl-d0"/>
      </object_component>
      <object_component id="oc-90">
         <name>.debug_info</name>
         <load_address>0xead3</load_address>
         <run_address>0xead3</run_address>
         <size>0x29e</size>
         <input_file_ref idref="fl-d1"/>
      </object_component>
      <object_component id="oc-18">
         <name>.debug_info</name>
         <load_address>0xed71</load_address>
         <run_address>0xed71</run_address>
         <size>0x250</size>
         <input_file_ref idref="fl-d1"/>
      </object_component>
      <object_component id="oc-30">
         <name>.debug_info</name>
         <load_address>0xefc1</load_address>
         <run_address>0xefc1</run_address>
         <size>0x60</size>
         <input_file_ref idref="fl-d1"/>
      </object_component>
      <object_component id="oc-f3">
         <name>.debug_info</name>
         <load_address>0xf021</load_address>
         <run_address>0xf021</run_address>
         <size>0x46</size>
         <input_file_ref idref="fl-d1"/>
      </object_component>
      <object_component id="oc-8b">
         <name>.debug_info</name>
         <load_address>0xf067</load_address>
         <run_address>0xf067</run_address>
         <size>0x39</size>
         <input_file_ref idref="fl-d1"/>
      </object_component>
      <object_component id="oc-125">
         <name>.debug_info</name>
         <load_address>0xf0a0</load_address>
         <run_address>0xf0a0</run_address>
         <size>0x122</size>
         <input_file_ref idref="fl-d2"/>
      </object_component>
      <object_component id="oc-87">
         <name>.debug_info</name>
         <load_address>0xf1c2</load_address>
         <run_address>0xf1c2</run_address>
         <size>0x3b2</size>
         <input_file_ref idref="fl-d5"/>
      </object_component>
      <object_component id="oc-2a">
         <name>.debug_info</name>
         <load_address>0xf574</load_address>
         <run_address>0xf574</run_address>
         <size>0x10c</size>
         <input_file_ref idref="fl-d5"/>
      </object_component>
      <object_component id="oc-ee">
         <name>.debug_info</name>
         <load_address>0xf680</load_address>
         <run_address>0xf680</run_address>
         <size>0xb2</size>
         <input_file_ref idref="fl-d5"/>
      </object_component>
      <object_component id="oc-2d">
         <name>.debug_info</name>
         <load_address>0xf732</load_address>
         <run_address>0xf732</run_address>
         <size>0x10b</size>
         <input_file_ref idref="fl-d6"/>
      </object_component>
      <object_component id="oc-59">
         <name>.debug_info</name>
         <load_address>0xf83d</load_address>
         <run_address>0xf83d</run_address>
         <size>0x1a9</size>
         <input_file_ref idref="fl-d6"/>
      </object_component>
      <object_component id="oc-3c">
         <name>.debug_info</name>
         <load_address>0xf9e6</load_address>
         <run_address>0xf9e6</run_address>
         <size>0x119</size>
         <input_file_ref idref="fl-dc"/>
      </object_component>
      <object_component id="oc-1ae">
         <name>.debug_info</name>
         <load_address>0xfaff</load_address>
         <run_address>0xfaff</run_address>
         <size>0x4b3</size>
         <input_file_ref idref="fl-dd"/>
      </object_component>
      <object_component id="oc-131">
         <name>.debug_info</name>
         <load_address>0xffb2</load_address>
         <run_address>0xffb2</run_address>
         <size>0x1a6</size>
         <input_file_ref idref="fl-dd"/>
      </object_component>
      <object_component id="oc-1eb">
         <name>.debug_info</name>
         <load_address>0x10158</load_address>
         <run_address>0x10158</run_address>
         <size>0x39</size>
         <input_file_ref idref="fl-dd"/>
      </object_component>
      <object_component id="oc-1ff">
         <name>.debug_info</name>
         <load_address>0x10191</load_address>
         <run_address>0x10191</run_address>
         <size>0x39</size>
         <input_file_ref idref="fl-dd"/>
      </object_component>
      <object_component id="oc-1f0">
         <name>.debug_info</name>
         <load_address>0x101ca</load_address>
         <run_address>0x101ca</run_address>
         <size>0x39</size>
         <input_file_ref idref="fl-dd"/>
      </object_component>
      <object_component id="oc-1f5">
         <name>.debug_info</name>
         <load_address>0x10203</load_address>
         <run_address>0x10203</run_address>
         <size>0xcd</size>
         <input_file_ref idref="fl-dd"/>
      </object_component>
      <object_component id="oc-a9">
         <name>.debug_info</name>
         <load_address>0x102d0</load_address>
         <run_address>0x102d0</run_address>
         <size>0x153</size>
         <input_file_ref idref="fl-de"/>
      </object_component>
      <object_component id="oc-241">
         <name>.debug_info</name>
         <load_address>0x10423</load_address>
         <run_address>0x10423</run_address>
         <size>0xa0</size>
      </object_component>
      <object_component id="oc-1c6">
         <name>.debug_line</name>
         <load_address>0x0</load_address>
         <run_address>0x0</run_address>
         <size>0x20</size>
         <input_file_ref idref="fl-2"/>
      </object_component>
      <object_component id="oc-168">
         <name>.debug_line</name>
         <load_address>0x20</load_address>
         <run_address>0x20</run_address>
         <size>0x58</size>
         <input_file_ref idref="fl-2"/>
      </object_component>
      <object_component id="oc-e5">
         <name>.debug_line</name>
         <load_address>0x78</load_address>
         <run_address>0x78</run_address>
         <size>0x6f</size>
         <input_file_ref idref="fl-2"/>
      </object_component>
      <object_component id="oc-16d">
         <name>.debug_line</name>
         <load_address>0xe7</load_address>
         <run_address>0xe7</run_address>
         <size>0x5b</size>
         <input_file_ref idref="fl-2"/>
      </object_component>
      <object_component id="oc-38">
         <name>.debug_line</name>
         <load_address>0x142</load_address>
         <run_address>0x142</run_address>
         <size>0x20</size>
         <input_file_ref idref="fl-2"/>
      </object_component>
      <object_component id="oc-172">
         <name>.debug_line</name>
         <load_address>0x162</load_address>
         <run_address>0x162</run_address>
         <size>0x73</size>
         <input_file_ref idref="fl-2"/>
      </object_component>
      <object_component id="oc-cc">
         <name>.debug_line</name>
         <load_address>0x1d5</load_address>
         <run_address>0x1d5</run_address>
         <size>0x70</size>
         <input_file_ref idref="fl-2"/>
      </object_component>
      <object_component id="oc-1c8">
         <name>.debug_line</name>
         <load_address>0x245</load_address>
         <run_address>0x245</run_address>
         <size>0x54</size>
         <input_file_ref idref="fl-3"/>
      </object_component>
      <object_component id="oc-107">
         <name>.debug_line</name>
         <load_address>0x299</load_address>
         <run_address>0x299</run_address>
         <size>0x121</size>
         <input_file_ref idref="fl-3"/>
      </object_component>
      <object_component id="oc-1cf">
         <name>.debug_line</name>
         <load_address>0x3ba</load_address>
         <run_address>0x3ba</run_address>
         <size>0xa0</size>
         <input_file_ref idref="fl-6"/>
      </object_component>
      <object_component id="oc-1cd">
         <name>.debug_line</name>
         <load_address>0x45a</load_address>
         <run_address>0x45a</run_address>
         <size>0x55</size>
         <input_file_ref idref="fl-6"/>
      </object_component>
      <object_component id="oc-1d8">
         <name>.debug_line</name>
         <load_address>0x4af</load_address>
         <run_address>0x4af</run_address>
         <size>0x55</size>
         <input_file_ref idref="fl-6"/>
      </object_component>
      <object_component id="oc-1da">
         <name>.debug_line</name>
         <load_address>0x504</load_address>
         <run_address>0x504</run_address>
         <size>0x55</size>
         <input_file_ref idref="fl-6"/>
      </object_component>
      <object_component id="oc-1cb">
         <name>.debug_line</name>
         <load_address>0x559</load_address>
         <run_address>0x559</run_address>
         <size>0x55</size>
         <input_file_ref idref="fl-6"/>
      </object_component>
      <object_component id="oc-1d6">
         <name>.debug_line</name>
         <load_address>0x5ae</load_address>
         <run_address>0x5ae</run_address>
         <size>0x55</size>
         <input_file_ref idref="fl-6"/>
      </object_component>
      <object_component id="oc-119">
         <name>.debug_line</name>
         <load_address>0x603</load_address>
         <run_address>0x603</run_address>
         <size>0x53e</size>
         <input_file_ref idref="fl-6"/>
      </object_component>
      <object_component id="oc-1d3">
         <name>.debug_line</name>
         <load_address>0xb41</load_address>
         <run_address>0xb41</run_address>
         <size>0x6a</size>
         <input_file_ref idref="fl-6"/>
      </object_component>
      <object_component id="oc-1a1">
         <name>.debug_line</name>
         <load_address>0xbab</load_address>
         <run_address>0xbab</run_address>
         <size>0x74</size>
         <input_file_ref idref="fl-6"/>
      </object_component>
      <object_component id="oc-10e">
         <name>.debug_line</name>
         <load_address>0xc1f</load_address>
         <run_address>0xc1f</run_address>
         <size>0xca</size>
         <input_file_ref idref="fl-7"/>
      </object_component>
      <object_component id="oc-111">
         <name>.debug_line</name>
         <load_address>0xce9</load_address>
         <run_address>0xce9</run_address>
         <size>0x106</size>
         <input_file_ref idref="fl-8"/>
      </object_component>
      <object_component id="oc-187">
         <name>.debug_line</name>
         <load_address>0xdef</load_address>
         <run_address>0xdef</run_address>
         <size>0x11b</size>
         <input_file_ref idref="fl-9"/>
      </object_component>
      <object_component id="oc-177">
         <name>.debug_line</name>
         <load_address>0xf0a</load_address>
         <run_address>0xf0a</run_address>
         <size>0x20</size>
         <input_file_ref idref="fl-b"/>
      </object_component>
      <object_component id="oc-175">
         <name>.debug_line</name>
         <load_address>0xf2a</load_address>
         <run_address>0xf2a</run_address>
         <size>0x5e</size>
         <input_file_ref idref="fl-b"/>
      </object_component>
      <object_component id="oc-77">
         <name>.debug_line</name>
         <load_address>0xf88</load_address>
         <run_address>0xf88</run_address>
         <size>0xd8</size>
         <input_file_ref idref="fl-b"/>
      </object_component>
      <object_component id="oc-179">
         <name>.debug_line</name>
         <load_address>0x1060</load_address>
         <run_address>0x1060</run_address>
         <size>0x54</size>
         <input_file_ref idref="fl-c"/>
      </object_component>
      <object_component id="oc-17b">
         <name>.debug_line</name>
         <load_address>0x10b4</load_address>
         <run_address>0x10b4</run_address>
         <size>0x54</size>
         <input_file_ref idref="fl-c"/>
      </object_component>
      <object_component id="oc-80">
         <name>.debug_line</name>
         <load_address>0x1108</load_address>
         <run_address>0x1108</run_address>
         <size>0x5ea</size>
         <input_file_ref idref="fl-c"/>
      </object_component>
      <object_component id="oc-de">
         <name>.debug_line</name>
         <load_address>0x16f2</load_address>
         <run_address>0x16f2</run_address>
         <size>0x5b</size>
         <input_file_ref idref="fl-c"/>
      </object_component>
      <object_component id="oc-164">
         <name>.debug_line</name>
         <load_address>0x174d</load_address>
         <run_address>0x174d</run_address>
         <size>0x56</size>
         <input_file_ref idref="fl-e"/>
      </object_component>
      <object_component id="oc-75">
         <name>.debug_line</name>
         <load_address>0x17a3</load_address>
         <run_address>0x17a3</run_address>
         <size>0xad</size>
         <input_file_ref idref="fl-e"/>
      </object_component>
      <object_component id="oc-e1">
         <name>.debug_line</name>
         <load_address>0x1850</load_address>
         <run_address>0x1850</run_address>
         <size>0x40</size>
         <input_file_ref idref="fl-10"/>
      </object_component>
      <object_component id="oc-83">
         <name>.debug_line</name>
         <load_address>0x1890</load_address>
         <run_address>0x1890</run_address>
         <size>0x40</size>
         <input_file_ref idref="fl-10"/>
      </object_component>
      <object_component id="oc-6b">
         <name>.debug_line</name>
         <load_address>0x18d0</load_address>
         <run_address>0x18d0</run_address>
         <size>0x71</size>
         <input_file_ref idref="fl-10"/>
      </object_component>
      <object_component id="oc-1c4">
         <name>.debug_line</name>
         <load_address>0x1941</load_address>
         <run_address>0x1941</run_address>
         <size>0x3b</size>
         <input_file_ref idref="fl-11"/>
      </object_component>
      <object_component id="oc-bf">
         <name>.debug_line</name>
         <load_address>0x197c</load_address>
         <run_address>0x197c</run_address>
         <size>0x121</size>
         <input_file_ref idref="fl-11"/>
      </object_component>
      <object_component id="oc-19d">
         <name>.debug_line</name>
         <load_address>0x1a9d</load_address>
         <run_address>0x1a9d</run_address>
         <size>0xa9</size>
         <input_file_ref idref="fl-12"/>
      </object_component>
      <object_component id="oc-af">
         <name>.debug_line</name>
         <load_address>0x1b46</load_address>
         <run_address>0x1b46</run_address>
         <size>0xb9</size>
         <input_file_ref idref="fl-12"/>
      </object_component>
      <object_component id="oc-fd">
         <name>.debug_line</name>
         <load_address>0x1bff</load_address>
         <run_address>0x1bff</run_address>
         <size>0x6b</size>
         <input_file_ref idref="fl-12"/>
      </object_component>
      <object_component id="oc-ec">
         <name>.debug_line</name>
         <load_address>0x1c6a</load_address>
         <run_address>0x1c6a</run_address>
         <size>0x92</size>
         <input_file_ref idref="fl-cc"/>
      </object_component>
      <object_component id="oc-a4">
         <name>.debug_line</name>
         <load_address>0x1cfc</load_address>
         <run_address>0x1cfc</run_address>
         <size>0x79</size>
         <input_file_ref idref="fl-ce"/>
      </object_component>
      <object_component id="oc-100">
         <name>.debug_line</name>
         <load_address>0x1d75</load_address>
         <run_address>0x1d75</run_address>
         <size>0x92</size>
         <input_file_ref idref="fl-cf"/>
      </object_component>
      <object_component id="oc-50">
         <name>.debug_line</name>
         <load_address>0x1e07</load_address>
         <run_address>0x1e07</run_address>
         <size>0x53</size>
         <input_file_ref idref="fl-cf"/>
      </object_component>
      <object_component id="oc-9d">
         <name>.debug_line</name>
         <load_address>0x1e5a</load_address>
         <run_address>0x1e5a</run_address>
         <size>0x34</size>
         <input_file_ref idref="fl-cf"/>
      </object_component>
      <object_component id="oc-98">
         <name>.debug_line</name>
         <load_address>0x1e8e</load_address>
         <run_address>0x1e8e</run_address>
         <size>0x20</size>
         <input_file_ref idref="fl-d0"/>
      </object_component>
      <object_component id="oc-22">
         <name>.debug_line</name>
         <load_address>0x1eae</load_address>
         <run_address>0x1eae</run_address>
         <size>0x55</size>
         <input_file_ref idref="fl-d0"/>
      </object_component>
      <object_component id="oc-43">
         <name>.debug_line</name>
         <load_address>0x1f03</load_address>
         <run_address>0x1f03</run_address>
         <size>0x3a</size>
         <input_file_ref idref="fl-d0"/>
      </object_component>
      <object_component id="oc-95">
         <name>.debug_line</name>
         <load_address>0x1f3d</load_address>
         <run_address>0x1f3d</run_address>
         <size>0x92</size>
         <input_file_ref idref="fl-d0"/>
      </object_component>
      <object_component id="oc-f9">
         <name>.debug_line</name>
         <load_address>0x1fcf</load_address>
         <run_address>0x1fcf</run_address>
         <size>0x20</size>
         <input_file_ref idref="fl-d1"/>
      </object_component>
      <object_component id="oc-1b">
         <name>.debug_line</name>
         <load_address>0x1fef</load_address>
         <run_address>0x1fef</run_address>
         <size>0xa9</size>
         <input_file_ref idref="fl-d1"/>
      </object_component>
      <object_component id="oc-33">
         <name>.debug_line</name>
         <load_address>0x2098</load_address>
         <run_address>0x2098</run_address>
         <size>0x3a</size>
         <input_file_ref idref="fl-d1"/>
      </object_component>
      <object_component id="oc-f6">
         <name>.debug_line</name>
         <load_address>0x20d2</load_address>
         <run_address>0x20d2</run_address>
         <size>0x9a</size>
         <input_file_ref idref="fl-d1"/>
      </object_component>
      <object_component id="oc-8e">
         <name>.debug_line</name>
         <load_address>0x216c</load_address>
         <run_address>0x216c</run_address>
         <size>0x96</size>
         <input_file_ref idref="fl-d1"/>
      </object_component>
      <object_component id="oc-123">
         <name>.debug_line</name>
         <load_address>0x2202</load_address>
         <run_address>0x2202</run_address>
         <size>0x3c</size>
         <input_file_ref idref="fl-d2"/>
      </object_component>
      <object_component id="oc-e8">
         <name>.debug_line</name>
         <load_address>0x223e</load_address>
         <run_address>0x223e</run_address>
         <size>0x10f</size>
         <input_file_ref idref="fl-d5"/>
      </object_component>
      <object_component id="oc-86">
         <name>.debug_line</name>
         <load_address>0x234d</load_address>
         <run_address>0x234d</run_address>
         <size>0x2c</size>
         <input_file_ref idref="fl-d5"/>
      </object_component>
      <object_component id="oc-f1">
         <name>.debug_line</name>
         <load_address>0x2379</load_address>
         <run_address>0x2379</run_address>
         <size>0x2c</size>
         <input_file_ref idref="fl-d5"/>
      </object_component>
      <object_component id="oc-8a">
         <name>.debug_line</name>
         <load_address>0x23a5</load_address>
         <run_address>0x23a5</run_address>
         <size>0x33</size>
         <input_file_ref idref="fl-d6"/>
      </object_component>
      <object_component id="oc-5c">
         <name>.debug_line</name>
         <load_address>0x23d8</load_address>
         <run_address>0x23d8</run_address>
         <size>0x45</size>
         <input_file_ref idref="fl-d6"/>
      </object_component>
      <object_component id="oc-3b">
         <name>.debug_line</name>
         <load_address>0x241d</load_address>
         <run_address>0x241d</run_address>
         <size>0x88</size>
         <input_file_ref idref="fl-dc"/>
      </object_component>
      <object_component id="oc-1ea">
         <name>.debug_line</name>
         <load_address>0x24a5</load_address>
         <run_address>0x24a5</run_address>
         <size>0xbf</size>
         <input_file_ref idref="fl-dd"/>
      </object_component>
      <object_component id="oc-12f">
         <name>.debug_line</name>
         <load_address>0x2564</load_address>
         <run_address>0x2564</run_address>
         <size>0x6f</size>
         <input_file_ref idref="fl-dd"/>
      </object_component>
      <object_component id="oc-1ee">
         <name>.debug_line</name>
         <load_address>0x25d3</load_address>
         <run_address>0x25d3</run_address>
         <size>0x2e</size>
         <input_file_ref idref="fl-dd"/>
      </object_component>
      <object_component id="oc-202">
         <name>.debug_line</name>
         <load_address>0x2601</load_address>
         <run_address>0x2601</run_address>
         <size>0x9a</size>
         <input_file_ref idref="fl-dd"/>
      </object_component>
      <object_component id="oc-1f3">
         <name>.debug_line</name>
         <load_address>0x269b</load_address>
         <run_address>0x269b</run_address>
         <size>0x97</size>
         <input_file_ref idref="fl-dd"/>
      </object_component>
      <object_component id="oc-1f8">
         <name>.debug_line</name>
         <load_address>0x2732</load_address>
         <run_address>0x2732</run_address>
         <size>0x93</size>
         <input_file_ref idref="fl-dd"/>
      </object_component>
      <object_component id="oc-a8">
         <name>.debug_line</name>
         <load_address>0x27c5</load_address>
         <run_address>0x27c5</run_address>
         <size>0x40</size>
         <input_file_ref idref="fl-de"/>
      </object_component>
      <object_component id="oc-1c5">
         <name>.debug_abbrev</name>
         <load_address>0x0</load_address>
         <run_address>0x0</run_address>
         <size>0x71</size>
         <input_file_ref idref="fl-2"/>
      </object_component>
      <object_component id="oc-167">
         <name>.debug_abbrev</name>
         <load_address>0x71</load_address>
         <run_address>0x71</run_address>
         <size>0xbd</size>
         <input_file_ref idref="fl-2"/>
      </object_component>
      <object_component id="oc-e4">
         <name>.debug_abbrev</name>
         <load_address>0x12e</load_address>
         <run_address>0x12e</run_address>
         <size>0x69</size>
         <input_file_ref idref="fl-2"/>
      </object_component>
      <object_component id="oc-16c">
         <name>.debug_abbrev</name>
         <load_address>0x197</load_address>
         <run_address>0x197</run_address>
         <size>0x97</size>
         <input_file_ref idref="fl-2"/>
      </object_component>
      <object_component id="oc-37">
         <name>.debug_abbrev</name>
         <load_address>0x22e</load_address>
         <run_address>0x22e</run_address>
         <size>0x1f</size>
         <input_file_ref idref="fl-2"/>
      </object_component>
      <object_component id="oc-171">
         <name>.debug_abbrev</name>
         <load_address>0x24d</load_address>
         <run_address>0x24d</run_address>
         <size>0x5c</size>
         <input_file_ref idref="fl-2"/>
      </object_component>
      <object_component id="oc-cb">
         <name>.debug_abbrev</name>
         <load_address>0x2a9</load_address>
         <run_address>0x2a9</run_address>
         <size>0x24</size>
         <input_file_ref idref="fl-2"/>
      </object_component>
      <object_component id="oc-1c7">
         <name>.debug_abbrev</name>
         <load_address>0x2cd</load_address>
         <run_address>0x2cd</run_address>
         <size>0x29</size>
         <input_file_ref idref="fl-3"/>
      </object_component>
      <object_component id="oc-180">
         <name>.debug_abbrev</name>
         <load_address>0x2f6</load_address>
         <run_address>0x2f6</run_address>
         <size>0xa9</size>
         <input_file_ref idref="fl-3"/>
      </object_component>
      <object_component id="oc-1ce">
         <name>.debug_abbrev</name>
         <load_address>0x39f</load_address>
         <run_address>0x39f</run_address>
         <size>0xc3</size>
         <input_file_ref idref="fl-6"/>
      </object_component>
      <object_component id="oc-1cc">
         <name>.debug_abbrev</name>
         <load_address>0x462</load_address>
         <run_address>0x462</run_address>
         <size>0x27</size>
         <input_file_ref idref="fl-6"/>
      </object_component>
      <object_component id="oc-1d7">
         <name>.debug_abbrev</name>
         <load_address>0x489</load_address>
         <run_address>0x489</run_address>
         <size>0x29</size>
         <input_file_ref idref="fl-6"/>
      </object_component>
      <object_component id="oc-1d9">
         <name>.debug_abbrev</name>
         <load_address>0x4b2</load_address>
         <run_address>0x4b2</run_address>
         <size>0x29</size>
         <input_file_ref idref="fl-6"/>
      </object_component>
      <object_component id="oc-1ca">
         <name>.debug_abbrev</name>
         <load_address>0x4db</load_address>
         <run_address>0x4db</run_address>
         <size>0x29</size>
         <input_file_ref idref="fl-6"/>
      </object_component>
      <object_component id="oc-1d5">
         <name>.debug_abbrev</name>
         <load_address>0x504</load_address>
         <run_address>0x504</run_address>
         <size>0x29</size>
         <input_file_ref idref="fl-6"/>
      </object_component>
      <object_component id="oc-19b">
         <name>.debug_abbrev</name>
         <load_address>0x52d</load_address>
         <run_address>0x52d</run_address>
         <size>0xff</size>
         <input_file_ref idref="fl-6"/>
      </object_component>
      <object_component id="oc-1d2">
         <name>.debug_abbrev</name>
         <load_address>0x62c</load_address>
         <run_address>0x62c</run_address>
         <size>0x5c</size>
         <input_file_ref idref="fl-6"/>
      </object_component>
      <object_component id="oc-1a0">
         <name>.debug_abbrev</name>
         <load_address>0x688</load_address>
         <run_address>0x688</run_address>
         <size>0x33</size>
         <input_file_ref idref="fl-6"/>
      </object_component>
      <object_component id="oc-181">
         <name>.debug_abbrev</name>
         <load_address>0x6bb</load_address>
         <run_address>0x6bb</run_address>
         <size>0x9b</size>
         <input_file_ref idref="fl-7"/>
      </object_component>
      <object_component id="oc-188">
         <name>.debug_abbrev</name>
         <load_address>0x756</load_address>
         <run_address>0x756</run_address>
         <size>0x7a</size>
         <input_file_ref idref="fl-8"/>
      </object_component>
      <object_component id="oc-1c9">
         <name>.debug_abbrev</name>
         <load_address>0x7d0</load_address>
         <run_address>0x7d0</run_address>
         <size>0x6c</size>
         <input_file_ref idref="fl-9"/>
      </object_component>
      <object_component id="oc-176">
         <name>.debug_abbrev</name>
         <load_address>0x83c</load_address>
         <run_address>0x83c</run_address>
         <size>0x8a</size>
         <input_file_ref idref="fl-b"/>
      </object_component>
      <object_component id="oc-174">
         <name>.debug_abbrev</name>
         <load_address>0x8c6</load_address>
         <run_address>0x8c6</run_address>
         <size>0x29</size>
         <input_file_ref idref="fl-b"/>
      </object_component>
      <object_component id="oc-d1">
         <name>.debug_abbrev</name>
         <load_address>0x8ef</load_address>
         <run_address>0x8ef</run_address>
         <size>0x7b</size>
         <input_file_ref idref="fl-b"/>
      </object_component>
      <object_component id="oc-178">
         <name>.debug_abbrev</name>
         <load_address>0x96a</load_address>
         <run_address>0x96a</run_address>
         <size>0x97</size>
         <input_file_ref idref="fl-c"/>
      </object_component>
      <object_component id="oc-17a">
         <name>.debug_abbrev</name>
         <load_address>0xa01</load_address>
         <run_address>0xa01</run_address>
         <size>0x29</size>
         <input_file_ref idref="fl-c"/>
      </object_component>
      <object_component id="oc-da">
         <name>.debug_abbrev</name>
         <load_address>0xa2a</load_address>
         <run_address>0xa2a</run_address>
         <size>0x112</size>
         <input_file_ref idref="fl-c"/>
      </object_component>
      <object_component id="oc-dd">
         <name>.debug_abbrev</name>
         <load_address>0xb3c</load_address>
         <run_address>0xb3c</run_address>
         <size>0x33</size>
         <input_file_ref idref="fl-c"/>
      </object_component>
      <object_component id="oc-163">
         <name>.debug_abbrev</name>
         <load_address>0xb6f</load_address>
         <run_address>0xb6f</run_address>
         <size>0x97</size>
         <input_file_ref idref="fl-e"/>
      </object_component>
      <object_component id="oc-c8">
         <name>.debug_abbrev</name>
         <load_address>0xc06</load_address>
         <run_address>0xc06</run_address>
         <size>0x7b</size>
         <input_file_ref idref="fl-e"/>
      </object_component>
      <object_component id="oc-e0">
         <name>.debug_abbrev</name>
         <load_address>0xc81</load_address>
         <run_address>0xc81</run_address>
         <size>0x7c</size>
         <input_file_ref idref="fl-10"/>
      </object_component>
      <object_component id="oc-82">
         <name>.debug_abbrev</name>
         <load_address>0xcfd</load_address>
         <run_address>0xcfd</run_address>
         <size>0x29</size>
         <input_file_ref idref="fl-10"/>
      </object_component>
      <object_component id="oc-c4">
         <name>.debug_abbrev</name>
         <load_address>0xd26</load_address>
         <run_address>0xd26</run_address>
         <size>0x89</size>
         <input_file_ref idref="fl-10"/>
      </object_component>
      <object_component id="oc-1c3">
         <name>.debug_abbrev</name>
         <load_address>0xdaf</load_address>
         <run_address>0xdaf</run_address>
         <size>0x29</size>
         <input_file_ref idref="fl-11"/>
      </object_component>
      <object_component id="oc-162">
         <name>.debug_abbrev</name>
         <load_address>0xdd8</load_address>
         <run_address>0xdd8</run_address>
         <size>0x8b</size>
         <input_file_ref idref="fl-11"/>
      </object_component>
      <object_component id="oc-19c">
         <name>.debug_abbrev</name>
         <load_address>0xe63</load_address>
         <run_address>0xe63</run_address>
         <size>0xfb</size>
         <input_file_ref idref="fl-12"/>
      </object_component>
      <object_component id="oc-120">
         <name>.debug_abbrev</name>
         <load_address>0xf5e</load_address>
         <run_address>0xf5e</run_address>
         <size>0xa9</size>
         <input_file_ref idref="fl-12"/>
      </object_component>
      <object_component id="oc-fc">
         <name>.debug_abbrev</name>
         <load_address>0x1007</load_address>
         <run_address>0x1007</run_address>
         <size>0x24</size>
         <input_file_ref idref="fl-12"/>
      </object_component>
      <object_component id="oc-eb">
         <name>.debug_abbrev</name>
         <load_address>0x102b</load_address>
         <run_address>0x102b</run_address>
         <size>0x24</size>
         <input_file_ref idref="fl-cc"/>
      </object_component>
      <object_component id="oc-101">
         <name>.debug_abbrev</name>
         <load_address>0x104f</load_address>
         <run_address>0x104f</run_address>
         <size>0x4f</size>
         <input_file_ref idref="fl-ce"/>
      </object_component>
      <object_component id="oc-ff">
         <name>.debug_abbrev</name>
         <load_address>0x109e</load_address>
         <run_address>0x109e</run_address>
         <size>0x5d</size>
         <input_file_ref idref="fl-cf"/>
      </object_component>
      <object_component id="oc-a5">
         <name>.debug_abbrev</name>
         <load_address>0x10fb</load_address>
         <run_address>0x10fb</run_address>
         <size>0x74</size>
         <input_file_ref idref="fl-cf"/>
      </object_component>
      <object_component id="oc-9c">
         <name>.debug_abbrev</name>
         <load_address>0x116f</load_address>
         <run_address>0x116f</run_address>
         <size>0x24</size>
         <input_file_ref idref="fl-cf"/>
      </object_component>
      <object_component id="oc-97">
         <name>.debug_abbrev</name>
         <load_address>0x1193</load_address>
         <run_address>0x1193</run_address>
         <size>0x37</size>
         <input_file_ref idref="fl-d0"/>
      </object_component>
      <object_component id="oc-3f">
         <name>.debug_abbrev</name>
         <load_address>0x11ca</load_address>
         <run_address>0x11ca</run_address>
         <size>0x74</size>
         <input_file_ref idref="fl-d0"/>
      </object_component>
      <object_component id="oc-42">
         <name>.debug_abbrev</name>
         <load_address>0x123e</load_address>
         <run_address>0x123e</run_address>
         <size>0x24</size>
         <input_file_ref idref="fl-d0"/>
      </object_component>
      <object_component id="oc-94">
         <name>.debug_abbrev</name>
         <load_address>0x1262</load_address>
         <run_address>0x1262</run_address>
         <size>0x24</size>
         <input_file_ref idref="fl-d0"/>
      </object_component>
      <object_component id="oc-f8">
         <name>.debug_abbrev</name>
         <load_address>0x1286</load_address>
         <run_address>0x1286</run_address>
         <size>0x37</size>
         <input_file_ref idref="fl-d1"/>
      </object_component>
      <object_component id="oc-2f">
         <name>.debug_abbrev</name>
         <load_address>0x12bd</load_address>
         <run_address>0x12bd</run_address>
         <size>0x6f</size>
         <input_file_ref idref="fl-d1"/>
      </object_component>
      <object_component id="oc-32">
         <name>.debug_abbrev</name>
         <load_address>0x132c</load_address>
         <run_address>0x132c</run_address>
         <size>0x24</size>
         <input_file_ref idref="fl-d1"/>
      </object_component>
      <object_component id="oc-f5">
         <name>.debug_abbrev</name>
         <load_address>0x1350</load_address>
         <run_address>0x1350</run_address>
         <size>0x35</size>
         <input_file_ref idref="fl-d1"/>
      </object_component>
      <object_component id="oc-8d">
         <name>.debug_abbrev</name>
         <load_address>0x1385</load_address>
         <run_address>0x1385</run_address>
         <size>0x24</size>
         <input_file_ref idref="fl-d1"/>
      </object_component>
      <object_component id="oc-1a3">
         <name>.debug_abbrev</name>
         <load_address>0x13a9</load_address>
         <run_address>0x13a9</run_address>
         <size>0x45</size>
         <input_file_ref idref="fl-d2"/>
      </object_component>
      <object_component id="oc-e7">
         <name>.debug_abbrev</name>
         <load_address>0x13ee</load_address>
         <run_address>0x13ee</run_address>
         <size>0xd6</size>
         <input_file_ref idref="fl-d5"/>
      </object_component>
      <object_component id="oc-85">
         <name>.debug_abbrev</name>
         <load_address>0x14c4</load_address>
         <run_address>0x14c4</run_address>
         <size>0x29</size>
         <input_file_ref idref="fl-d5"/>
      </object_component>
      <object_component id="oc-f0">
         <name>.debug_abbrev</name>
         <load_address>0x14ed</load_address>
         <run_address>0x14ed</run_address>
         <size>0x7f</size>
         <input_file_ref idref="fl-d5"/>
      </object_component>
      <object_component id="oc-89">
         <name>.debug_abbrev</name>
         <load_address>0x156c</load_address>
         <run_address>0x156c</run_address>
         <size>0x29</size>
         <input_file_ref idref="fl-d6"/>
      </object_component>
      <object_component id="oc-b5">
         <name>.debug_abbrev</name>
         <load_address>0x1595</load_address>
         <run_address>0x1595</run_address>
         <size>0x55</size>
         <input_file_ref idref="fl-d6"/>
      </object_component>
      <object_component id="oc-91">
         <name>.debug_abbrev</name>
         <load_address>0x15ea</load_address>
         <run_address>0x15ea</run_address>
         <size>0x3e</size>
         <input_file_ref idref="fl-dc"/>
      </object_component>
      <object_component id="oc-1e9">
         <name>.debug_abbrev</name>
         <load_address>0x1628</load_address>
         <run_address>0x1628</run_address>
         <size>0xc0</size>
         <input_file_ref idref="fl-dd"/>
      </object_component>
      <object_component id="oc-1ad">
         <name>.debug_abbrev</name>
         <load_address>0x16e8</load_address>
         <run_address>0x16e8</run_address>
         <size>0x7e</size>
         <input_file_ref idref="fl-dd"/>
      </object_component>
      <object_component id="oc-1ed">
         <name>.debug_abbrev</name>
         <load_address>0x1766</load_address>
         <run_address>0x1766</run_address>
         <size>0x24</size>
         <input_file_ref idref="fl-dd"/>
      </object_component>
      <object_component id="oc-201">
         <name>.debug_abbrev</name>
         <load_address>0x178a</load_address>
         <run_address>0x178a</run_address>
         <size>0x24</size>
         <input_file_ref idref="fl-dd"/>
      </object_component>
      <object_component id="oc-1f2">
         <name>.debug_abbrev</name>
         <load_address>0x17ae</load_address>
         <run_address>0x17ae</run_address>
         <size>0x24</size>
         <input_file_ref idref="fl-dd"/>
      </object_component>
      <object_component id="oc-1f7">
         <name>.debug_abbrev</name>
         <load_address>0x17d2</load_address>
         <run_address>0x17d2</run_address>
         <size>0x4b</size>
         <input_file_ref idref="fl-dd"/>
      </object_component>
      <object_component id="oc-102">
         <name>.debug_abbrev</name>
         <load_address>0x181d</load_address>
         <run_address>0x181d</run_address>
         <size>0x55</size>
         <input_file_ref idref="fl-de"/>
      </object_component>
      <object_component id="oc-242">
         <name>.debug_abbrev</name>
         <load_address>0x1872</load_address>
         <run_address>0x1872</run_address>
         <size>0xf</size>
      </object_component>
      <object_component id="oc-169">
         <name>.debug_str</name>
         <load_address>0x0</load_address>
         <run_address>0x0</run_address>
         <size>0x15ca</size>
         <input_file_ref idref="fl-2"/>
      </object_component>
      <object_component id="oc-e6">
         <name>.debug_str</name>
         <load_address>0x15ca</load_address>
         <run_address>0x15ca</run_address>
         <size>0x2b1</size>
         <input_file_ref idref="fl-2"/>
      </object_component>
      <object_component id="oc-16e">
         <name>.debug_str</name>
         <load_address>0x187b</load_address>
         <run_address>0x187b</run_address>
         <size>0x486</size>
         <input_file_ref idref="fl-2"/>
      </object_component>
      <object_component id="oc-39">
         <name>.debug_str</name>
         <load_address>0x1d01</load_address>
         <run_address>0x1d01</run_address>
         <size>0xfd</size>
         <input_file_ref idref="fl-2"/>
      </object_component>
      <object_component id="oc-173">
         <name>.debug_str</name>
         <load_address>0x1dfe</load_address>
         <run_address>0x1dfe</run_address>
         <size>0x347</size>
         <input_file_ref idref="fl-2"/>
      </object_component>
      <object_component id="oc-cd">
         <name>.debug_str</name>
         <load_address>0x2145</load_address>
         <run_address>0x2145</run_address>
         <size>0x149</size>
         <input_file_ref idref="fl-2"/>
      </object_component>
      <object_component id="oc-1d4">
         <name>.debug_str</name>
         <load_address>0x228e</load_address>
         <run_address>0x228e</run_address>
         <size>0x118</size>
         <input_file_ref idref="fl-6"/>
      </object_component>
      <object_component id="oc-1a2">
         <name>.debug_str</name>
         <load_address>0x23a6</load_address>
         <run_address>0x23a6</run_address>
         <size>0xf7</size>
         <input_file_ref idref="fl-6"/>
      </object_component>
      <object_component id="oc-df">
         <name>.debug_str</name>
         <load_address>0x249d</load_address>
         <run_address>0x249d</run_address>
         <size>0x203</size>
         <input_file_ref idref="fl-c"/>
      </object_component>
      <object_component id="oc-fe">
         <name>.debug_str</name>
         <load_address>0x26a0</load_address>
         <run_address>0x26a0</run_address>
         <size>0xe3</size>
         <input_file_ref idref="fl-12"/>
      </object_component>
      <object_component id="oc-ed">
         <name>.debug_str</name>
         <load_address>0x2783</load_address>
         <run_address>0x2783</run_address>
         <size>0x140</size>
         <input_file_ref idref="fl-cc"/>
      </object_component>
      <object_component id="oc-9e">
         <name>.debug_str</name>
         <load_address>0x28c3</load_address>
         <run_address>0x28c3</run_address>
         <size>0x105</size>
         <input_file_ref idref="fl-cf"/>
      </object_component>
      <object_component id="oc-44">
         <name>.debug_str</name>
         <load_address>0x29c8</load_address>
         <run_address>0x29c8</run_address>
         <size>0x10b</size>
         <input_file_ref idref="fl-d0"/>
      </object_component>
      <object_component id="oc-96">
         <name>.debug_str</name>
         <load_address>0x2ad3</load_address>
         <run_address>0x2ad3</run_address>
         <size>0x140</size>
         <input_file_ref idref="fl-d0"/>
      </object_component>
      <object_component id="oc-34">
         <name>.debug_str</name>
         <load_address>0x2c13</load_address>
         <run_address>0x2c13</run_address>
         <size>0x118</size>
         <input_file_ref idref="fl-d1"/>
      </object_component>
      <object_component id="oc-f7">
         <name>.debug_str</name>
         <load_address>0x2d2b</load_address>
         <run_address>0x2d2b</run_address>
         <size>0x16b</size>
         <input_file_ref idref="fl-d1"/>
      </object_component>
      <object_component id="oc-8f">
         <name>.debug_str</name>
         <load_address>0x2e96</load_address>
         <run_address>0x2e96</run_address>
         <size>0x158</size>
         <input_file_ref idref="fl-d1"/>
      </object_component>
      <object_component id="oc-f2">
         <name>.debug_str</name>
         <load_address>0x2fee</load_address>
         <run_address>0x2fee</run_address>
         <size>0x10a</size>
         <input_file_ref idref="fl-d5"/>
      </object_component>
      <object_component id="oc-1ef">
         <name>.debug_str</name>
         <load_address>0x30f8</load_address>
         <run_address>0x30f8</run_address>
         <size>0xed</size>
         <input_file_ref idref="fl-dd"/>
      </object_component>
      <object_component id="oc-203">
         <name>.debug_str</name>
         <load_address>0x31e5</load_address>
         <run_address>0x31e5</run_address>
[...]
         <value>0x1e0d</value>
         <object_component_ref idref="oc-76"/>
      </symbol>
      <symbol id="sm-203">
         <name>TA3_0_IRQHandler</name>
         <value>0x1ed7</value>
         <object_component_ref idref="oc-76"/>
      </symbol>
      <symbol id="sm-2ad">
         <name>LogicData</name>
         <value>0x2000040c</value>
      </symbol>
      <symbol id="sm-2ae">
         <name>PeriodicTask2</name>
         <value>0x20000400</value>
      </symbol>
      <symbol id="sm-2af">
         <name>TExaS_Clear5</name>
         <value>0x10db</value>
         <object_component_ref idref="oc-7c"/>
      </symbol>
      <symbol id="sm-2b0">
         <name>TExaS_Clear4</name>
         <value>0x10d9</value>
         <object_component_ref idref="oc-7c"/>
      </symbol>
      <symbol id="sm-2b1">
         <name>TExaS_Clear6</name>
         <value>0x10f1</value>
         <object_component_ref idref="oc-7c"/>
      </symbol>
      <symbol id="sm-2b2">
         <name>TExaS_Clear1</name>
         <value>0x10a3</value>
         <object_component_ref idref="oc-7c"/>
      </symbol>
      <symbol id="sm-2b3">
         <name>TExaS_Clear0</name>
         <value>0x1097</value>
         <object_component_ref idref="oc-7c"/>
      </symbol>
      <symbol id="sm-2b4">
         <name>TExaS_Clear3</name>
         <value>0x10cd</value>
         <object_component_ref idref="oc-7c"/>
      </symbol>
      <symbol id="sm-2b5">
         <name>TExaS_Clear2</name>
         <value>0x10bd</value>
         <object_component_ref idref="oc-7c"/>
      </symbol>
      <symbol id="sm-2b6">
         <name>TExaS_Stop</name>
         <value>0x134f</value>
         <object_component_ref idref="oc-7c"/>
      </symbol>
      <symbol id="sm-2b7">
         <name>TExaS_ScopeErrConflict</name>
         <value>0x20000950</value>
         <object_component_ref idref="oc-d6"/>
      </symbol>
      <symbol id="sm-2b8">
         <name>ADC_Init</name>
         <value>0x1109</value>
         <object_component_ref idref="oc-7c"/>
      </symbol>
      <symbol id="sm-2b9">
         <name>LogicAnalyzer_P4_765432</name>
         <value>0xd83</value>
         <object_component_ref idref="oc-7c"/>
      </symbol>
      <symbol id="sm-2ba">
         <name>LogicAnalyzer_P27_P26_P82_P92_P104_P105</name>
         <value>0xe1f</value>
         <object_component_ref idref="oc-7c"/>
      </symbol>
      <symbol id="sm-2bb">
         <name>PeriodicTask2_Init</name>
         <value>0xedb</value>
         <object_component_ref idref="oc-7c"/>
      </symbol>
      <symbol id="sm-2bc">
         <name>LogicAnalyzer_P1</name>
         <value>0xd3b</value>
         <object_component_ref idref="oc-7c"/>
      </symbol>
      <symbol id="sm-2bd">
         <name>LogicAnalyzer_P3</name>
         <value>0xd67</value>
         <object_component_ref idref="oc-7c"/>
      </symbol>
      <symbol id="sm-2be">
         <name>LogicAnalyzer_P2</name>
         <value>0xd49</value>
         <object_component_ref idref="oc-7c"/>
      </symbol>
      <symbol id="sm-2bf">
         <name>LogicAnalyzer_P5</name>
         <value>0xdcb</value>
         <object_component_ref idref="oc-7c"/>
      </symbol>
      <symbol id="sm-2c0">
         <name>LogicAnalyzer_P4</name>
         <value>0xd75</value>
         <object_component_ref idref="oc-7c"/>
      </symbol>
      <symbol id="sm-2c1">
         <name>LogicAnalyzer_P7</name>
         <value>0xde7</value>
         <object_component_ref idref="oc-7c"/>
      </symbol>
      <symbol id="sm-2c2">
         <name>LogicAnalyzer_P6</name>
         <value>0xdd9</value>
         <object_component_ref idref="oc-7c"/>
      </symbol>
      <symbol id="sm-2c3">
         <name>LogicAnalyzer_P9</name>
         <value>0xe03</value>
         <object_component_ref idref="oc-7c"/>
      </symbol>
      <symbol id="sm-2c4">
         <name>LogicAnalyzer_P8</name>
         <value>0xdf5</value>
         <object_component_ref idref="oc-7c"/>
      </symbol>
      <symbol id="sm-2c5">
         <name>TExaS_ScopeWrnReconfig</name>
         <value>0x20000954</value>
         <object_component_ref idref="oc-d6"/>
      </symbol>
      <symbol id="sm-2c6">
         <name>TExaS_Task0</name>
         <value>0xfeb</value>
         <object_component_ref idref="oc-7c"/>
      </symbol>
      <symbol id="sm-2c7">
         <name>TExaS_Task1</name>
         <value>0xff7</value>
         <object_component_ref idref="oc-7c"/>
      </symbol>
      <symbol id="sm-2c8">
         <name>TExaS_Task2</name>
         <value>0x1003</value>
         <object_component_ref idref="oc-7c"/>
      </symbol>
      <symbol id="sm-2c9">
         <name>TExaS_Task3</name>
         <value>0x100f</value>
         <object_component_ref idref="oc-7c"/>
      </symbol>
      <symbol id="sm-2ca">
         <name>TExaS_Task4</name>
         <value>0x101b</value>
         <object_component_ref idref="oc-7c"/>
      </symbol>
      <symbol id="sm-2cb">
         <name>TExaS_Task5</name>
         <value>0x101d</value>
         <object_component_ref idref="oc-7c"/>
      </symbol>
      <symbol id="sm-2cc">
         <name>TExaS_Task6</name>
         <value>0x1029</value>
         <object_component_ref idref="oc-7c"/>
      </symbol>
      <symbol id="sm-2cd">
         <name>Scope</name>
         <value>0xe57</value>
         <object_component_ref idref="oc-7c"/>
      </symbol>
      <symbol id="sm-2ce">
         <name>TExaS_Set0</name>
         <value>0x104d</value>
         <object_component_ref idref="oc-7c"/>
      </symbol>
      <symbol id="sm-2cf">
         <name>TExaS_Set1</name>
         <value>0x1059</value>
         <object_component_ref idref="oc-7c"/>
      </symbol>
      <symbol id="sm-2d0">
         <name>TExaS_Set2</name>
         <value>0x1065</value>
         <object_component_ref idref="oc-7c"/>
      </symbol>
      <symbol id="sm-2d1">
         <name>TExaS_Set3</name>
         <value>0x1071</value>
         <object_component_ref idref="oc-7c"/>
      </symbol>
      <symbol id="sm-2d2">
         <name>TExaS_Set4</name>
         <value>0x107d</value>
         <object_component_ref idref="oc-7c"/>
      </symbol>
      <symbol id="sm-2d3">
         <name>TExaS_Set5</name>
         <value>0x107f</value>
         <object_component_ref idref="oc-7c"/>
      </symbol>
      <symbol id="sm-2d4">
         <name>TExaS_Set6</name>
         <value>0x108b</value>
         <object_component_ref idref="oc-7c"/>
      </symbol>
      <symbol id="sm-2d5">
         <name>TExaS_ScopeErrLostData</name>
         <value>0x2000094c</value>
         <object_component_ref idref="oc-d6"/>
      </symbol>
      <symbol id="sm-2d6">
         <name>PeriodicTask2_Stop</name>
         <value>0xf55</value>
         <object_component_ref idref="oc-7c"/>
      </symbol>
      <symbol id="sm-2d7">
         <name>LogicAnalyzer_P10</name>
         <value>0xe11</value>
         <object_component_ref idref="oc-7c"/>
      </symbol>
      <symbol id="sm-2d8">
         <name>TExaS_Init</name>
         <value>0x11d9</value>
         <object_component_ref idref="oc-7c"/>
      </symbol>
      <symbol id="sm-2d9">
         <name>UART_InChar</name>
         <value>0xfbf</value>
         <object_component_ref idref="oc-7c"/>
      </symbol>
      <symbol id="sm-2da">
         <name>LogicAnalyzer</name>
         <value>0xd31</value>
         <object_component_ref idref="oc-7c"/>
      </symbol>
      <symbol id="sm-2db">
         <name>LogicAnalyzer_P4_765320</name>
         <value>0xd93</value>
         <object_component_ref idref="oc-7c"/>
      </symbol>
      <symbol id="sm-2dc">
         <name>T32_INT1_IRQHandler</name>
         <value>0xf45</value>
         <object_component_ref idref="oc-7c"/>
      </symbol>
      <symbol id="sm-2dd">
         <name>UART_Init</name>
         <value>0xf65</value>
         <object_component_ref idref="oc-7c"/>
      </symbol>
      <symbol id="sm-2de">
         <name>LogicAnalyzer_P2_7654</name>
         <value>0xd57</value>
         <object_component_ref idref="oc-7c"/>
      </symbol>
      <symbol id="sm-2df">
         <name>UART_OutChar</name>
         <value>0xfcf</value>
         <object_component_ref idref="oc-7c"/>
      </symbol>
      <symbol id="sm-2e0">
         <name>TExaS_Set</name>
         <value>0x1035</value>
         <object_component_ref idref="oc-7c"/>
      </symbol>
      <symbol id="sm-2fa">
         <name>TimerA1Task</name>
         <value>0x20000404</value>
      </symbol>
      <symbol id="sm-2fb">
         <name>TimerA1_Init</name>
         <value>0x2055</value>
         <object_component_ref idref="oc-70"/>
      </symbol>
      <symbol id="sm-2fc">
         <name>TA1_0_IRQHandler</name>
         <value>0x20c7</value>
         <object_component_ref idref="oc-70"/>
      </symbol>
      <symbol id="sm-2fd">
         <name>TimerA1_Stop</name>
         <value>0x20b3</value>
         <object_component_ref idref="oc-70"/>
      </symbol>
      <symbol id="sm-313">
         <name>Reset_Handler</name>
         <value>0x2303</value>
         <object_component_ref idref="oc-6a"/>
      </symbol>
      <symbol id="sm-314">
         <name>Default_Handler</name>
         <value>0x230f</value>
         <object_component_ref idref="oc-6a"/>
      </symbol>
      <symbol id="sm-315">
         <name>interruptVectors</name>
         <value>0x0</value>
         <object_component_ref idref="oc-26"/>
      </symbol>
      <symbol id="sm-35b">
         <name>SystemInit</name>
         <value>0x162d</value>
         <object_component_ref idref="oc-be"/>
      </symbol>
      <symbol id="sm-35c">
         <name>SystemCoreClockUpdate</name>
         <value>0x13b9</value>
         <object_component_ref idref="oc-be"/>
      </symbol>
      <symbol id="sm-35d">
         <name>SystemCoreClock</name>
         <value>0x20000964</value>
         <object_component_ref idref="oc-15f"/>
      </symbol>
      <symbol id="sm-395">
         <name>AvgPeriod0</name>
         <value>0x20000408</value>
      </symbol>
      <symbol id="sm-396">
         <name>AvgPeriod2</name>
         <value>0x2000040a</value>
      </symbol>
      <symbol id="sm-397">
         <name>PeriodMeasure0</name>
         <value>0x1af5</value>
         <object_component_ref idref="oc-ac"/>
      </symbol>
      <symbol id="sm-398">
         <name>PeriodMeasure2</name>
         <value>0x1b4f</value>
         <object_component_ref idref="oc-ac"/>
      </symbol>
      <symbol id="sm-399">
         <name>main</name>
         <value>0x1ba9</value>
         <object_component_ref idref="oc-ac"/>
      </symbol>
      <symbol id="sm-3af">
         <name>__aeabi_memset</name>
         <value>0x219b</value>
         <object_component_ref idref="oc-a0"/>
      </symbol>
      <symbol id="sm-3b0">
         <name>memset</name>
         <value>0x21a1</value>
         <object_component_ref idref="oc-a0"/>
      </symbol>
      <symbol id="sm-3b1">
         <name>__aeabi_memset8</name>
         <value>0x219b</value>
         <object_component_ref idref="oc-a0"/>
      </symbol>
      <symbol id="sm-3b2">
         <name>__aeabi_memset4</name>
         <value>0x219b</value>
         <object_component_ref idref="oc-a0"/>
      </symbol>
      <symbol id="sm-3b3">
         <name>__aeabi_memclr8</name>
         <value>0x2199</value>
         <object_component_ref idref="oc-a0"/>
      </symbol>
      <symbol id="sm-3b4">
         <name>__aeabi_memclr4</name>
         <value>0x2199</value>
         <object_component_ref idref="oc-a0"/>
      </symbol>
      <symbol id="sm-3b5">
         <name>__aeabi_memclr</name>
         <value>0x2199</value>
         <object_component_ref idref="oc-a0"/>
      </symbol>
      <symbol id="sm-3c7">
         <name>__TI_zero_init</name>
         <value>0x2311</value>
         <object_component_ref idref="oc-4c"/>
      </symbol>
      <symbol id="sm-3de">
         <name>__TI_decompress_none</name>
         <value>0x22f5</value>
         <object_component_ref idref="oc-1d"/>
      </symbol>
      <symbol id="sm-401">
         <name>__TI_decompress_lzss</name>
         <value>0x2213</value>
         <object_component_ref idref="oc-17"/>
      </symbol>
      <symbol id="sm-40c">
         <name>C$$EXIT</name>
         <value>0x2321</value>
         <object_component_ref idref="oc-121"/>
      </symbol>
      <symbol id="sm-40d">
         <name>abort</name>
         <value>0x2321</value>
         <object_component_ref idref="oc-121"/>
      </symbol>
      <symbol id="sm-41f">
         <name>_sys_memory</name>
         <value>0x20000410</value>
         <object_component_ref idref="oc-29"/>
      </symbol>
      <symbol id="sm-432">
         <name>__stack</name>
         <value>0x2000fe00</value>
         <object_component_ref idref="oc-2c"/>
      </symbol>
      <symbol id="sm-433">
         <name>_c_int00_noargs</name>
         <value>0x22c1</value>
         <object_component_ref idref="oc-58"/>
      </symbol>
      <symbol id="sm-453">
         <name>memcpy</name>
         <value>0x20fd</value>
         <object_component_ref idref="oc-3a"/>
      </symbol>
      <symbol id="sm-454">
         <name>__aeabi_memcpy</name>
         <value>0x20fd</value>
         <object_component_ref idref="oc-3a"/>
      </symbol>
      <symbol id="sm-455">
         <name>__aeabi_memcpy8</name>
         <value>0x20fd</value>
         <object_component_ref idref="oc-3a"/>
      </symbol>
      <symbol id="sm-456">
         <name>__aeabi_memcpy4</name>
         <value>0x20fd</value>
         <object_component_ref idref="oc-3a"/>
      </symbol>
      <symbol id="sm-47e">
         <name>__TI_auto_init_nobinit_nopinit</name>
         <value>0x227d</value>
         <object_component_ref idref="oc-12d"/>
      </symbol>
      <symbol id="sm-488">
         <name>_system_pre_init</name>
         <value>0x231d</value>
         <object_component_ref idref="oc-a6"/>
      </symbol>
      <symbol id="sm-49d">
         <name>__TI_static_base__</name>
         <value>0x0</value>
      </symbol>
      <symbol id="sm-4a0">
         <name>__mpu_init</name>
         <value>0x0</value>
      </symbol>
      <symbol id="sm-4a1">
         <name>_system_post_cinit</name>
         <value>0x0</value>
      </symbol>
      <symbol id="sm-4a2">
         <name>NMI_Handler</name>
         <value>0x230f</value>
      </symbol>
      <symbol id="sm-4a3">
         <name>HardFault_Handler</name>
         <value>0x230f</value>
      </symbol>
      <symbol id="sm-4a4">
         <name>MemManage_Handler</name>
         <value>0x230f</value>
      </symbol>
      <symbol id="sm-4a5">
         <name>BusFault_Handler</name>
         <value>0x230f</value>
      </symbol>
      <symbol id="sm-4a6">
         <name>UsageFault_Handler</name>
         <value>0x230f</value>
      </symbol>
      <symbol id="sm-4a7">
         <name>SVC_Handler</name>
         <value>0x230f</value>
      </symbol>
      <symbol id="sm-4a8">
         <name>DebugMon_Handler</name>
         <value>0x230f</value>
      </symbol>
      <symbol id="sm-4a9">
         <name>PendSV_Handler</name>
         <value>0x230f</value>
      </symbol>
      <symbol id="sm-4aa">
         <name>SysTick_Handler</name>
         <value>0x230f</value>
      </symbol>
      <symbol id="sm-4ab">
         <name>PSS_IRQHandler</name>
         <value>0x230f</value>
      </symbol>
      <symbol id="sm-4ac">
         <name>CS_IRQHandler</name>
         <value>0x230f</value>
      </symbol>
      <symbol id="sm-4ad">
         <name>PCM_IRQHandler</name>
         <value>0x230f</value>
      </symbol>
      <symbol id="sm-4ae">
         <name>WDT_A_IRQHandler</name>
         <value>0x230f</value>
      </symbol>
      <symbol id="sm-4af">
         <name>FPU_IRQHandler</name>
         <value>0x230f</value>
      </symbol>
      <symbol id="sm-4b0">
         <name>FLCTL_IRQHandler</name>
         <value>0x230f</value>
      </symbol>
      <symbol id="sm-4b1">
         <name>COMP_E0_IRQHandler</name>
         <value>0x230f</value>
      </symbol>
      <symbol id="sm-4b2">
         <name>COMP_E1_IRQHandler</name>
         <value>0x230f</value>
      </symbol>
      <symbol id="sm-4b3">
         <name>TA0_0_IRQHandler</name>
         <value>0x230f</value>
      </symbol>
      <symbol id="sm-4b4">
         <name>TA0_N_IRQHandler</name>
         <value>0x230f</value>
      </symbol>
      <symbol id="sm-4b5">
         <name>TA1_0_IRQHandler</name>
         <value>0x20c7</value>
      </symbol>
      <symbol id="sm-4b6">
         <name>TA1_N_IRQHandler</name>
         <value>0x230f</value>
      </symbol>
      <symbol id="sm-4b7">
         <name>TA2_0_IRQHandler</name>
         <value>0x230f</value>
      </symbol>
      <symbol id="sm-4b8">
         <name>TA2_N_IRQHandler</name>
         <value>0x230f</value>
      </symbol>
      <symbol id="sm-4b9">
         <name>TA3_0_IRQHandler</name>
         <value>0x1ed7</value>
      </symbol>
      <symbol id="sm-4ba">
         <name>TA3_N_IRQHandler</name>
         <value>0x1ef1</value>
      </symbol>
      <symbol id="sm-4bb">
         <name>EUSCIA0_IRQHandler</name>
         <value>0x230f</value>
      </symbol>
      <symbol id="sm-4bc">
         <name>EUSCIA1_IRQHandler</name>
         <value>0x230f</value>
      </symbol>
      <symbol id="sm-4bd">
         <name>EUSCIA2_IRQHandler</name>
         <value>0x230f</value>
      </symbol>
      <symbol id="sm-4be">
         <name>EUSCIA3_IRQHandler</name>
         <value>0x230f</value>
      </symbol>
      <symbol id="sm-4bf">
         <name>EUSCIB0_IRQHandler</name>
         <value>0x230f</value>
      </symbol>
      <symbol id="sm-4c0">
         <name>EUSCIB1_IRQHandler</name>
         <value>0x230f</value>
      </symbol>
      <symbol id="sm-4c1">
         <name>EUSCIB2_IRQHandler</name>
         <value>0x230f</value>
      </symbol>
      <symbol id="sm-4c2">
         <name>EUSCIB3_IRQHandler</name>
         <value>0x230f</value>
      </symbol>
      <symbol id="sm-4c3">
         <name>ADC14_IRQHandler</name>
         <value>0x230f</value>
      </symbol>
      <symbol id="sm-4c4">
         <name>T32_INT1_IRQHandler</name>
         <value>0xf45</value>
      </symbol>
      <symbol id="sm-4c5">
         <name>T32_INT2_IRQHandler</name>
         <value>0x230f</value>
      </symbol>
      <symbol id="sm-4c6">
         <name>T32_INTC_IRQHandler</name>
         <value>0x230f</value>
      </symbol>
      <symbol id="sm-4c7">
         <name>AES256_IRQHandler</name>
         <value>0x230f</value>
      </symbol>
      <symbol id="sm-4c8">
         <name>RTC_C_IRQHandler</name>
         <value>0x230f</value>
      </symbol>
      <symbol id="sm-4c9">
         <name>DMA_ERR_IRQHandler</name>
         <value>0x230f</value>
      </symbol>
      <symbol id="sm-4ca">
         <name>DMA_INT3_IRQHandler</name>
         <value>0x230f</value>
      </symbol>
      <symbol id="sm-4cb">
         <name>DMA_INT2_IRQHandler</name>
         <value>0x230f</value>
      </symbol>
      <symbol id="sm-4cc">
         <name>DMA_INT1_IRQHandler</name>
         <value>0x230f</value>
      </symbol>
      <symbol id="sm-4cd">
         <name>DMA_INT0_IRQHandler</name>
         <value>0x230f</value>
      </symbol>
      <symbol id="sm-4ce">
         <name>PORT1_IRQHandler</name>
         <value>0x230f</value>
      </symbol>
      <symbol id="sm-4cf">
         <name>PORT2_IRQHandler</name>
         <value>0x230f</value>
      </symbol>
      <symbol id="sm-4d0">
         <name>PORT3_IRQHandler</name>
         <value>0x230f</value>
      </symbol>
      <symbol id="sm-4d1">
         <name>PORT4_IRQHandler</name>
         <value>0x230f</value>
      </symbol>
      <symbol id="sm-4d2">
         <name>PORT5_IRQHandler</name>
         <value>0x230f</value>
      </symbol>
      <symbol id="sm-4d3">
         <name>PORT6_IRQHandler</name>
         <value>0x230f</value>
      </symbol>
   </symbol_table>
   <title>Link successful</title>
</link_info>
