******************************************************************************
                  TI ARM Linker PC v20.2.5                     
******************************************************************************
>> Linked Tue Jul  2 19:12:44 2024

OUTPUT FILE NAME:   <zly_final_705.out>
ENTRY POINT SYMBOL: "_c_int00_noargs"  address: 0000252d


MEMORY CONFIGURATION

         name            origin    length      used     unused   attr    fill
----------------------  --------  ---------  --------  --------  ----  --------
  MAIN                  00000000   00040000  000028d0  0003d730  R  X
  INFO                  00200000   00004000  00000000  00004000  R  X
  SRAM_CODE             01000000   00010000  00000b65  0000f49b  RW X
  SRAM_DATA             20000000   00010000  00000b65  0000f49b  RW  


SEGMENT ALLOCATION MAP

run origin  load origin   length   init length attrs members
----------  ----------- ---------- ----------- ----- -------
00000000    00000000    000028d0   000028d0    r-x
  00000000    00000000    000000e4   000000e4    r-- .intvecs
  000000e4    000000e4    000024cc   000024cc    r-x .text
  000025b0    000025b0    00000268   00000268    r-- .const
  00002818    00002818    000000b8   000000b8    r-- .cinit
20000000    20000000    00000968   00000000    rw-
  20000000    20000000    0000040d   00000000    rw- .bss
  20000410    20000410    00000400   00000000    rw- .sysmem
  20000810    20000810    00000158   00000000    rw- .data
2000fe00    2000fe00    00000200   00000000    rw-
  2000fe00    2000fe00    00000200   00000000    rw- .stack


SECTION ALLOCATION MAP

 output                                  attributes/
section   page    origin      length       input sections
--------  ----  ----------  ----------   ----------------
.intvecs   0    00000000    000000e4     
                  00000000    000000e4     startup_msp432p401r_ccs.obj (.intvecs:retain)

.text      0    000000e4    000024cc     
                  000000e4    00000c4c     JN_LCD.obj (.text)
                  00000d30    00000688     TExaS.obj (.text)
                  000013b8    0000032c     system_msp432p401r.obj (.text)
                  000016e4    00000230     PWM.obj (.text)
                  00001914    00000230     zly_705main.obj (.text)
                  00001b44    000001e0     Clock.obj (.text)
                  00001d24    0000016c     Motor.obj (.text)
                  00001e90    0000015c     TA3InputCapture.obj (.text)
                  00001fec    00000136     rtsv7M4_T_le_v4SPD16_eabi.lib : fd_div_t2.asm.obj (.text)
                  00002122    00000002     --HOLE-- [fill = 0]
                  00002124    000000f8     LaunchPad.obj (.text)
                  0000221c    000000a8     TimerA1.obj (.text)
                  000022c4    0000009c     rtsv7M4_T_le_v4SPD16_eabi.lib : memcpy_t2.asm.obj (.text)
                  00002360    0000007a                                   : memset_t2.asm.obj (.text)
                  000023da    0000006e                                   : fd_tos_t2.asm.obj (.text)
                  00002448    00000068                                   : copy_decompress_lzss.c.obj (.text:decompress:lzss:__TI_decompress_lzss)
                  000024b0    00000044                                   : autoinit.c.obj (.text:__TI_auto_init_nobinit_nopinit:__TI_auto_init_nobinit_nopinit)
                  000024f4    00000038                                   : fs_tod_t2.asm.obj (.text)
                  0000252c    00000034                                   : boot_cortex_m.c.obj (.text:_c_int00_noargs:_c_int00_noargs)
                  00002560    00000020                                   : u_tofd_t2.asm.obj (.text)
                  00002580    0000000e                                   : copy_decompress_none.c.obj (.text:decompress:none:__TI_decompress_none)
                  0000258e    0000000e     startup_msp432p401r_ccs.obj (.text)
                  0000259c    0000000c     rtsv7M4_T_le_v4SPD16_eabi.lib : copy_zero_init.c.obj (.text:decompress:ZI:__TI_zero_init)
                  000025a8    00000004                                   : pre_init.c.obj (.text:_system_pre_init)
                  000025ac    00000004                                   : exit.c.obj (.text:abort:abort)

.const     0    000025b0    00000268     
                  000025b0    000001e0     JN_LCD.obj (.const:ASCII)
                  00002790    00000080     JN_LCD.obj (.const:Str_USB_08x16)
                  00002810    00000008     JN_LCD.obj (.const:.string:Masks)

.cinit     0    00002818    000000b8     
                  00002818    00000093     (.cinit..data.load) [load image, compression = lzss]
                  000028ab    00000001     --HOLE-- [fill = 0]
                  000028ac    0000000c     (__TI_handler_table)
                  000028b8    00000008     (.cinit..bss.load) [load image, compression = zero_init]
                  000028c0    00000010     (__TI_cinit_table)

.init_array 
*          0    00000000    00000000     UNINITIALIZED

.binit     0    00000000    00000000     

.bss       0    20000000    0000040d     UNINITIALIZED
                  20000000    00000400     (.common:Screen)
                  20000400    00000004     (.common:PeriodicTask2)
                  20000404    00000004     (.common:TimerA1Task)
                  20000408    00000002     (.common:AvgPeriod0)
                  2000040a    00000002     (.common:AvgPeriod2)
                  2000040c    00000001     (.common:LogicData)

.sysmem    0    20000410    00000400     UNINITIALIZED
                  20000410    00000010     rtsv7M4_T_le_v4SPD16_eabi.lib : memory.c.obj (.sysmem)
                  20000420    000003f0     --HOLE--

.data      0    20000810    00000158     UNINITIALIZED
                  20000810    0000010e     JN_LCD.obj (.data:JN_Log)
                  2000091e    00000002     --HOLE--
                  20000920    00000018     Clock.obj (.data)
                  20000938    00000012     zly_705main.obj (.data)
                  2000094a    00000002     --HOLE--
                  2000094c    0000000c     TExaS.obj (.data)
                  20000958    00000008     TA3InputCapture.obj (.data)
                  20000960    00000004     JN_LCD.obj (.data)
                  20000964    00000004     system_msp432p401r.obj (.data)

.stack     0    2000fe00    00000200     UNINITIALIZED
                  2000fe00    00000004     rtsv7M4_T_le_v4SPD16_eabi.lib : boot_cortex_m.c.obj (.stack)
                  2000fe04    000001fc     --HOLE--

__llvm_prf_cnts 
*          0    20000000    00000000     UNINITIALIZED

MODULE SUMMARY

       Module                        code   ro data   rw data
       ------                        ----   -------   -------
    .\
       JN_LCD.obj                    3148   616       2596   
       TExaS.obj                     1672   0         34     
       system_msp432p401r.obj        812    0         8      
       zly_705main.obj               560    0         44     
       PWM.obj                       560    0         0      
       Clock.obj                     480    0         48     
       Motor.obj                     364    0         0      
       TA3InputCapture.obj           348    0         16     
       LaunchPad.obj                 248    0         0      
       startup_msp432p401r_ccs.obj   14     228       0      
       TimerA1.obj                   168    0         8      
    +--+-----------------------------+------+---------+---------+
       Total:                        8374   844       2754   
                                                             
    C:\ti\ccs1040\ccs\tools\compiler\ti-cgt-arm_20.2.5.LTS\lib\rtsv7M4_T_le_v4SPD16_eabi.lib
       fd_div_t2.asm.obj             310    0         0      
       memcpy_t2.asm.obj             156    0         0      
       memset_t2.asm.obj             122    0         0      
       fd_tos_t2.asm.obj             110    0         0      
       copy_decompress_lzss.c.obj    104    0         0      
       autoinit.c.obj                68     0         0      
       fs_tod_t2.asm.obj             56     0         0      
       boot_cortex_m.c.obj           52     0         0      
       u_tofd_t2.asm.obj             32     0         0      
       copy_decompress_none.c.obj    14     0         0      
       copy_zero_init.c.obj          12     0         0      
       exit.c.obj                    4      0         0      
       pre_init.c.obj                4      0         0      
    +--+-----------------------------+------+---------+---------+
       Total:                        1044   0         0      
                                                             
       Heap:                         0      0         2048   
       Stack:                        0      0         1024   
       Linker Generated:             0      183       0      
    +--+-----------------------------+------+---------+---------+
       Grand Total:                  9418   1027      5826   


LINKER GENERATED COPY TABLES

__TI_cinit_table @ 000028c0 records: 2, size/record: 8, table size: 16
	.data: load addr=00002818, load size=00000093 bytes, run addr=20000810, run size=00000158 bytes, compression=lzss
	.bss: load addr=000028b8, load size=00000008 bytes, run addr=20000000, run size=0000040d bytes, compression=zero_init


LINKER GENERATED HANDLER TABLE

__TI_handler_table @ 000028ac records: 3, size/record: 4, table size: 12
	index: 0, handler: __TI_decompress_lzss
	index: 1, handler: __TI_decompress_none
	index: 2, handler: __TI_zero_init


GLOBAL SYMBOLS: SORTED ALPHABETICALLY BY Name 

address   name                                   
-------   ----                                   
0000259b  ADC14_IRQHandler                       
00001109  ADC_Init                               
0000259b  AES256_IRQHandler                      
20000408  AvgPeriod0                             
2000040a  AvgPeriod2                             
0000259b  BusFault_Handler                       
000025ad  C$$EXIT                                
0000259b  COMP_E0_IRQHandler                     
0000259b  COMP_E1_IRQHandler                     
20000928  CPMwait                                
0000259b  CS_IRQHandler                          
20000958  CaptureTask0                           
2000095c  CaptureTask2                           
20000920  ClockFrequency                         
00001c99  Clock_Delay1ms                         
00001c6f  Clock_Delay1us                         
00001c5b  Clock_GetFreq                          
00001b45  Clock_Init48MHz                        
20000934  Crystalstable                          
0000259b  DMA_ERR_IRQHandler                     
0000259b  DMA_INT0_IRQHandler                    
0000259b  DMA_INT1_IRQHandler                    
0000259b  DMA_INT2_IRQHandler                    
0000259b  DMA_INT3_IRQHandler                    
0000259b  DebugMon_Handler                       
0000259b  Default_Handler                        
00000cc7  Display_char_JN                        
0000259b  EUSCIA0_IRQHandler                     
0000259b  EUSCIA1_IRQHandler                     
0000259b  EUSCIA2_IRQHandler                     
0000259b  EUSCIA3_IRQHandler                     
0000259b  EUSCIB0_IRQHandler                     
0000259b  EUSCIB1_IRQHandler                     
0000259b  EUSCIB2_IRQHandler                     
0000259b  EUSCIB3_IRQHandler                     
0000259b  FLCTL_IRQHandler                       
0000259b  FPU_IRQHandler                         
0000259b  HardFault_Handler                      
20000930  IFlags                                 
00000a97  JN_LCD_ClearBuffer                     
00000131  JN_LCD_Clear_0                         
0000017d  JN_LCD_Clear_1                         
00000acb  JN_LCD_ClrPxl                          
00000ac1  JN_LCD_DisplayBuffer                   
0000083d  JN_LCD_DrawFullImage                   
000001c9  JN_LCD_Init                            
0000026f  JN_LCD_OutChar                         
00000579  JN_LCD_OutSDec                         
000002f3  JN_LCD_OutString                       
00000385  JN_LCD_OutUDec                         
000007af  JN_LCD_OutUFix1                        
000008b7  JN_LCD_PrintBMP                        
00000aef  JN_LCD_SetPxl                          
00000311  JN_LCD_Set_Pos                         
20000810  JN_Log                                 
00000d03  JN_draw_log                            
00002125  LaunchPad_Init                         
00002195  LaunchPad_Input                        
000021b3  LaunchPad_LED                          
000021d1  LaunchPad_Output                       
00000d31  LogicAnalyzer                          
00000d3b  LogicAnalyzer_P1                       
00000e11  LogicAnalyzer_P10                      
00000d49  LogicAnalyzer_P2                       
00000e1f  LogicAnalyzer_P27_P26_P82_P92_P104_P105
00000d57  LogicAnalyzer_P2_7654                  
00000d67  LogicAnalyzer_P3                       
00000d75  LogicAnalyzer_P4                       
00000d93  LogicAnalyzer_P4_765320                
00000d83  LogicAnalyzer_P4_765432                
00000dcb  LogicAnalyzer_P5                       
00000dd9  LogicAnalyzer_P6                       
00000de7  LogicAnalyzer_P7                       
00000df5  LogicAnalyzer_P8                       
00000e03  LogicAnalyzer_P9                       
2000040c  LogicData                              
00002810  Masks                                  
0000259b  MemManage_Handler                      
00001e3b  Motor_Backward                         
00001d97  Motor_Forward                          
00001d25  Motor_Init                             
00001e01  Motor_Left                             
00001dc7  Motor_Right                            
00001d77  Motor_Stop                             
0000259b  NMI_Handler                            
0000259b  PCM_IRQHandler                         
0000259b  PORT1_IRQHandler                       
0000259b  PORT2_IRQHandler                       
0000259b  PORT3_IRQHandler                       
0000259b  PORT4_IRQHandler                       
0000259b  PORT5_IRQHandler                       
0000259b  PORT6_IRQHandler                       
0000259b  PSS_IRQHandler                         
00001811  PWM_Duty1                              
000016e5  PWM_Init1                              
00001749  PWM_Init2                              
000017ad  PWM_Init3                              
00001831  PWM_Init34                             
0000259b  PendSV_Handler                         
00001915  PeriodMeasure0                         
0000196f  PeriodMeasure2                         
20000400  PeriodicTask2                          
00000edb  PeriodicTask2_Init                     
00000f55  PeriodicTask2_Stop                     
2000092c  Postwait                               
20000924  Prewait                                
0000259b  RTC_C_IRQHandler                       
0000258f  Reset_Handler                          
0000259b  SVC_Handler                            
00000e57  Scope                                  
20000000  Screen                                 
00002790  Str_USB_08x16                          
0000259b  SysTick_Handler                        
20000964  SystemCoreClock                        
000013b9  SystemCoreClockUpdate                  
0000162d  SystemInit                             
00000f45  T32_INT1_IRQHandler                    
00000f45  T32_INT1_IRQHandler                    
0000259b  T32_INT2_IRQHandler                    
0000259b  T32_INTC_IRQHandler                    
0000259b  TA0_0_IRQHandler                       
0000259b  TA0_N_IRQHandler                       
0000228f  TA1_0_IRQHandler                       
0000228f  TA1_0_IRQHandler                       
0000259b  TA1_N_IRQHandler                       
0000259b  TA2_0_IRQHandler                       
0000259b  TA2_N_IRQHandler                       
00001f67  TA3_0_IRQHandler                       
00001f67  TA3_0_IRQHandler                       
00001f81  TA3_N_IRQHandler                       
00001f81  TA3_N_IRQHandler                       
00001097  TExaS_Clear0                           
000010a3  TExaS_Clear1                           
000010bd  TExaS_Clear2                           
000010cd  TExaS_Clear3                           
000010d9  TExaS_Clear4                           
000010db  TExaS_Clear5                           
000010f1  TExaS_Clear6                           
000011d9  TExaS_Init                             
20000950  TExaS_ScopeErrConflict                 
2000094c  TExaS_ScopeErrLostData                 
20000954  TExaS_ScopeWrnReconfig                 
00001035  TExaS_Set                              
0000104d  TExaS_Set0                             
00001059  TExaS_Set1                             
00001065  TExaS_Set2                             
00001071  TExaS_Set3                             
0000107d  TExaS_Set4                             
0000107f  TExaS_Set5                             
0000108b  TExaS_Set6                             
0000134f  TExaS_Stop                             
00000feb  TExaS_Task0                            
00000ff7  TExaS_Task1                            
00001003  TExaS_Task2                            
0000100f  TExaS_Task3                            
0000101b  TExaS_Task4                            
0000101d  TExaS_Task5                            
00001029  TExaS_Task6                            
20000404  TimerA1Task                            
0000221d  TimerA1_Init                           
0000227b  TimerA1_Stop                           
00001e9d  TimerA3Capture_Init                    
00000fbf  UART_InChar                            
00000f65  UART_Init                              
00000fcf  UART_OutChar                           
0000259b  UsageFault_Handler                     
4000480c  WDTCTL_SYM                             
0000259b  WDT_A_IRQHandler                       
20000960  X1                                     
20000962  Y1                                     
20010000  __STACK_END                            
00000200  __STACK_SIZE                           
00000400  __SYSMEM_SIZE                          
000028c0  __TI_CINIT_Base                        
000028d0  __TI_CINIT_Limit                       
000028ac  __TI_Handler_Table_Base                
000028b8  __TI_Handler_Table_Limit               
000024b1  __TI_auto_init_nobinit_nopinit         
00002449  __TI_decompress_lzss                   
00002581  __TI_decompress_none                   
ffffffff  __TI_pprof_out_hndl                    
ffffffff  __TI_prof_data_size                    
ffffffff  __TI_prof_data_start                   
00000000  __TI_static_base__                     
0000259d  __TI_zero_init                         
000023db  __aeabi_d2f                            
00001fed  __aeabi_ddiv                           
000024f5  __aeabi_f2d                            
00002361  __aeabi_memclr                         
00002361  __aeabi_memclr4                        
00002361  __aeabi_memclr8                        
000022c5  __aeabi_memcpy                         
000022c5  __aeabi_memcpy4                        
000022c5  __aeabi_memcpy8                        
00002363  __aeabi_memset                         
00002363  __aeabi_memset4                        
00002363  __aeabi_memset8                        
00002561  __aeabi_ui2d                           
ffffffff  __binit__                              
ffffffff  __c_args__                             
UNDEFED   __mpu_init                             
2000fe00  __stack                                
20000000  __start___llvm_prf_cnts                
20000000  __stop___llvm_prf_cnts                 
0000252d  _c_int00_noargs                        
20000410  _sys_memory                            
UNDEFED   _system_post_cinit                     
000025a9  _system_pre_init                       
000025ad  abort                                  
ffffffff  binit                                  
00001c61  delay                                  
00000b13  display_char1106                       
00000000  interruptVectors                       
000019c9  main                                   
000022c5  memcpy                                 
00002369  memset                                 
00001e91  ta3dummy                               


GLOBAL SYMBOLS: SORTED BY Symbol Address 

address   name                                   
-------   ----                                   
00000000  __TI_static_base__                     
00000000  interruptVectors                       
00000131  JN_LCD_Clear_0                         
0000017d  JN_LCD_Clear_1                         
000001c9  JN_LCD_Init                            
00000200  __STACK_SIZE                           
0000026f  JN_LCD_OutChar                         
000002f3  JN_LCD_OutString                       
00000311  JN_LCD_Set_Pos                         
00000385  JN_LCD_OutUDec                         
00000400  __SYSMEM_SIZE                          
00000579  JN_LCD_OutSDec                         
000007af  JN_LCD_OutUFix1                        
0000083d  JN_LCD_DrawFullImage                   
000008b7  JN_LCD_PrintBMP                        
00000a97  JN_LCD_ClearBuffer                     
00000ac1  JN_LCD_DisplayBuffer                   
00000acb  JN_LCD_ClrPxl                          
00000aef  JN_LCD_SetPxl                          
00000b13  display_char1106                       
00000cc7  Display_char_JN                        
00000d03  JN_draw_log                            
00000d31  LogicAnalyzer                          
00000d3b  LogicAnalyzer_P1                       
00000d49  LogicAnalyzer_P2                       
00000d57  LogicAnalyzer_P2_7654                  
00000d67  LogicAnalyzer_P3                       
00000d75  LogicAnalyzer_P4                       
00000d83  LogicAnalyzer_P4_765432                
00000d93  LogicAnalyzer_P4_765320                
00000dcb  LogicAnalyzer_P5                       
00000dd9  LogicAnalyzer_P6                       
00000de7  LogicAnalyzer_P7                       
00000df5  LogicAnalyzer_P8                       
00000e03  LogicAnalyzer_P9                       
00000e11  LogicAnalyzer_P10                      
00000e1f  LogicAnalyzer_P27_P26_P82_P92_P104_P105
00000e57  Scope                                  
00000edb  PeriodicTask2_Init                     
00000f45  T32_INT1_IRQHandler                    
00000f45  T32_INT1_IRQHandler                    
00000f55  PeriodicTask2_Stop                     
00000f65  UART_Init                              
00000fbf  UART_InChar                            
00000fcf  UART_OutChar                           
00000feb  TExaS_Task0                            
00000ff7  TExaS_Task1                            
00001003  TExaS_Task2                            
0000100f  TExaS_Task3                            
0000101b  TExaS_Task4                            
0000101d  TExaS_Task5                            
00001029  TExaS_Task6                            
00001035  TExaS_Set                              
0000104d  TExaS_Set0                             
00001059  TExaS_Set1                             
00001065  TExaS_Set2                             
00001071  TExaS_Set3                             
0000107d  TExaS_Set4                             
0000107f  TExaS_Set5                             
0000108b  TExaS_Set6                             
00001097  TExaS_Clear0                           
000010a3  TExaS_Clear1                           
000010bd  TExaS_Clear2                           
000010cd  TExaS_Clear3                           
000010d9  TExaS_Clear4                           
000010db  TExaS_Clear5                           
000010f1  TExaS_Clear6                           
00001109  ADC_Init                               
000011d9  TExaS_Init                             
0000134f  TExaS_Stop                             
000013b9  SystemCoreClockUpdate                  
0000162d  SystemInit                             
000016e5  PWM_Init1                              
00001749  PWM_Init2                              
000017ad  PWM_Init3                              
00001811  PWM_Duty1                              
00001831  PWM_Init34                             
00001915  PeriodMeasure0                         
0000196f  PeriodMeasure2                         
000019c9  main                                   
00001b45  Clock_Init48MHz                        
00001c5b  Clock_GetFreq                          
00001c61  delay                                  
00001c6f  Clock_Delay1us                         
00001c99  Clock_Delay1ms                         
00001d25  Motor_Init                             
00001d77  Motor_Stop                             
00001d97  Motor_Forward                          
00001dc7  Motor_Right                            
00001e01  Motor_Left                             
00001e3b  Motor_Backward                         
00001e91  ta3dummy                               
00001e9d  TimerA3Capture_Init                    
00001f67  TA3_0_IRQHandler                       
00001f67  TA3_0_IRQHandler                       
00001f81  TA3_N_IRQHandler                       
00001f81  TA3_N_IRQHandler                       
00001fed  __aeabi_ddiv                           
00002125  LaunchPad_Init                         
00002195  LaunchPad_Input                        
000021b3  LaunchPad_LED                          
000021d1  LaunchPad_Output                       
0000221d  TimerA1_Init                           
0000227b  TimerA1_Stop                           
0000228f  TA1_0_IRQHandler                       
0000228f  TA1_0_IRQHandler                       
000022c5  __aeabi_memcpy                         
000022c5  __aeabi_memcpy4                        
000022c5  __aeabi_memcpy8                        
000022c5  memcpy                                 
00002361  __aeabi_memclr                         
00002361  __aeabi_memclr4                        
00002361  __aeabi_memclr8                        
00002363  __aeabi_memset                         
00002363  __aeabi_memset4                        
00002363  __aeabi_memset8                        
00002369  memset                                 
000023db  __aeabi_d2f                            
00002449  __TI_decompress_lzss                   
000024b1  __TI_auto_init_nobinit_nopinit         
000024f5  __aeabi_f2d                            
0000252d  _c_int00_noargs                        
00002561  __aeabi_ui2d                           
00002581  __TI_decompress_none                   
0000258f  Reset_Handler                          
0000259b  ADC14_IRQHandler                       
0000259b  AES256_IRQHandler                      
0000259b  BusFault_Handler                       
0000259b  COMP_E0_IRQHandler                     
0000259b  COMP_E1_IRQHandler                     
0000259b  CS_IRQHandler                          
0000259b  DMA_ERR_IRQHandler                     
0000259b  DMA_INT0_IRQHandler                    
0000259b  DMA_INT1_IRQHandler                    
0000259b  DMA_INT2_IRQHandler                    
0000259b  DMA_INT3_IRQHandler                    
0000259b  DebugMon_Handler                       
0000259b  Default_Handler                        
0000259b  EUSCIA0_IRQHandler                     
0000259b  EUSCIA1_IRQHandler                     
0000259b  EUSCIA2_IRQHandler                     
0000259b  EUSCIA3_IRQHandler                     
0000259b  EUSCIB0_IRQHandler                     
0000259b  EUSCIB1_IRQHandler                     
0000259b  EUSCIB2_IRQHandler                     
0000259b  EUSCIB3_IRQHandler                     
0000259b  FLCTL_IRQHandler                       
0000259b  FPU_IRQHandler                         
0000259b  HardFault_Handler                      
0000259b  MemManage_Handler                      
0000259b  NMI_Handler                            
0000259b  PCM_IRQHandler                         
0000259b  PORT1_IRQHandler                       
0000259b  PORT2_IRQHandler                       
0000259b  PORT3_IRQHandler                       
0000259b  PORT4_IRQHandler                       
0000259b  PORT5_IRQHandler                       
0000259b  PORT6_IRQHandler                       
0000259b  PSS_IRQHandler                         
0000259b  PendSV_Handler                         
0000259b  RTC_C_IRQHandler                       
0000259b  SVC_Handler                            
0000259b  SysTick_Handler                        
0000259b  T32_INT2_IRQHandler                    
0000259b  T32_INTC_IRQHandler                    
0000259b  TA0_0_IRQHandler                       
0000259b  TA0_N_IRQHandler                       
0000259b  TA1_N_IRQHandler                       
0000259b  TA2_0_IRQHandler                       
0000259b  TA2_N_IRQHandler                       
0000259b  UsageFault_Handler                     
0000259b  WDT_A_IRQHandler                       
0000259d  __TI_zero_init                         
000025a9  _system_pre_init                       
000025ad  C$$EXIT                                
000025ad  abort                                  
00002790  Str_USB_08x16                          
00002810  Masks                                  
000028ac  __TI_Handler_Table_Base                
000028b8  __TI_Handler_Table_Limit               
000028c0  __TI_CINIT_Base                        
000028d0  __TI_CINIT_Limit                       
20000000  Screen                                 
20000000  __start___llvm_prf_cnts                
20000000  __stop___llvm_prf_cnts                 
20000400  PeriodicTask2                          
20000404  TimerA1Task                            
20000408  AvgPeriod0                             
2000040a  AvgPeriod2                             
2000040c  LogicData                              
20000410  _sys_memory                            
20000810  JN_Log                                 
20000920  ClockFrequency                         
20000924  Prewait                                
20000928  CPMwait                                
2000092c  Postwait                               
20000930  IFlags                                 
20000934  Crystalstable                          
2000094c  TExaS_ScopeErrLostData                 
20000950  TExaS_ScopeErrConflict                 
20000954  TExaS_ScopeWrnReconfig                 
20000958  CaptureTask0                           
2000095c  CaptureTask2                           
20000960  X1                                     
20000962  Y1                                     
20000964  SystemCoreClock                        
2000fe00  __stack                                
20010000  __STACK_END                            
4000480c  WDTCTL_SYM                             
ffffffff  __TI_pprof_out_hndl                    
ffffffff  __TI_prof_data_size                    
ffffffff  __TI_prof_data_start                   
ffffffff  __binit__                              
ffffffff  __c_args__                             
ffffffff  binit                                  
UNDEFED   __mpu_init                             
UNDEFED   _system_post_cinit                     

[217 symbols]
